Archive member included to satisfy reference by file (symbol)

c:/program files (x86)/embitz/2.50/share/armgcc/bin/../lib/gcc/arm-none-eabi/9.3.1/thumb/v7-m/nofp\libgcc.a(_arm_muldf3.o)
                              obj\debug\inc\u2a.o (__aeabi_dmul)
c:/program files (x86)/embitz/2.50/share/armgcc/bin/../lib/gcc/arm-none-eabi/9.3.1/thumb/v7-m/nofp\libgcc.a(_arm_mulsf3.o)
                              obj\debug\inc\u2a.o (__aeabi_fmul)
c:/program files (x86)/embitz/2.50/share/armgcc/bin/../lib/gcc/arm-none-eabi/9.3.1/thumb/v7-m/nofp\libgcc.a(_arm_addsubdf3.o)
                              obj\debug\inc\u2a.o (__aeabi_f2d)
c:/program files (x86)/embitz/2.50/share/armgcc/bin/../lib/gcc/arm-none-eabi/9.3.1/thumb/v7-m/nofp\libgcc.a(_arm_truncdfsf2.o)
                              obj\debug\inc\u2a.o (__aeabi_d2f)
c:/program files (x86)/embitz/2.50/share/armgcc/bin/../lib/gcc/arm-none-eabi/9.3.1/thumb/v7-m/nofp\libgcc.a(_arm_addsubsf3.o)
                              obj\debug\inc\u2a.o (__aeabi_ui2f)
c:/program files (x86)/embitz/2.50/share/armgcc/bin/../lib/gcc/arm-none-eabi/9.3.1/thumb/v7-m/nofp\libgcc.a(_arm_cmpsf2.o)
                              obj\debug\inc\u2a.o (__aeabi_fcmpeq)
c:/program files (x86)/embitz/2.50/share/armgcc/bin/../lib/gcc/arm-none-eabi/9.3.1/../../../../arm-none-eabi/lib/thumb/v7-m/nofp\libg_nano.a(lib_a-exit.o)
                              c:/program files (x86)/embitz/2.50/share/armgcc/bin/../lib/gcc/arm-none-eabi/9.3.1/../../../../arm-none-eabi/lib/thumb/v7-m/nofp/crt0.o (exit)
c:/program files (x86)/embitz/2.50/share/armgcc/bin/../lib/gcc/arm-none-eabi/9.3.1/../../../../arm-none-eabi/lib/thumb/v7-m/nofp\libg_nano.a(lib_a-impure.o)
                              c:/program files (x86)/embitz/2.50/share/armgcc/bin/../lib/gcc/arm-none-eabi/9.3.1/../../../../arm-none-eabi/lib/thumb/v7-m/nofp\libg_nano.a(lib_a-exit.o) (_global_impure_ptr)
c:/program files (x86)/embitz/2.50/share/armgcc/bin/../lib/gcc/arm-none-eabi/9.3.1/../../../../arm-none-eabi/lib/thumb/v7-m/nofp\libg_nano.a(lib_a-init.o)
                              c:/program files (x86)/embitz/2.50/share/armgcc/bin/../lib/gcc/arm-none-eabi/9.3.1/../../../../arm-none-eabi/lib/thumb/v7-m/nofp/crt0.o (__libc_init_array)
c:/program files (x86)/embitz/2.50/share/armgcc/bin/../lib/gcc/arm-none-eabi/9.3.1/../../../../arm-none-eabi/lib/thumb/v7-m/nofp\libg_nano.a(lib_a-memset.o)
                              c:/program files (x86)/embitz/2.50/share/armgcc/bin/../lib/gcc/arm-none-eabi/9.3.1/../../../../arm-none-eabi/lib/thumb/v7-m/nofp/crt0.o (memset)
c:/program files (x86)/embitz/2.50/share/armgcc/bin/../lib/gcc/arm-none-eabi/9.3.1/../../../../arm-none-eabi/lib/thumb/v7-m/nofp\libg_nano.a(lib_a-strlen.o)
                              obj\debug\inc\u2a.o (strlen)
c:/program files (x86)/embitz/2.50/share/armgcc/bin/../lib/gcc/arm-none-eabi/9.3.1/../../../../arm-none-eabi/lib/thumb/v7-m/nofp\libnosys.a(_exit.o)
                              c:/program files (x86)/embitz/2.50/share/armgcc/bin/../lib/gcc/arm-none-eabi/9.3.1/../../../../arm-none-eabi/lib/thumb/v7-m/nofp\libg_nano.a(lib_a-exit.o) (_exit)

Allocating common symbols
Common symbol       size              file

usart_tx_buf        0x82              obj\debug\startup\init.o
rpi_tx_buf          0x82              obj\debug\startup\init.o
tester_mode         0x1               obj\debug\main.o

Discarded input sections

 .text          0x00000000        0x0 c:/program files (x86)/embitz/2.50/share/armgcc/bin/../lib/gcc/arm-none-eabi/9.3.1/thumb/v7-m/nofp/crti.o
 .data          0x00000000        0x0 c:/program files (x86)/embitz/2.50/share/armgcc/bin/../lib/gcc/arm-none-eabi/9.3.1/thumb/v7-m/nofp/crti.o
 .bss           0x00000000        0x0 c:/program files (x86)/embitz/2.50/share/armgcc/bin/../lib/gcc/arm-none-eabi/9.3.1/thumb/v7-m/nofp/crti.o
 .data          0x00000000        0x4 c:/program files (x86)/embitz/2.50/share/armgcc/bin/../lib/gcc/arm-none-eabi/9.3.1/thumb/v7-m/nofp/crtbegin.o
 .data          0x00000000        0x0 c:/program files (x86)/embitz/2.50/share/armgcc/bin/../lib/gcc/arm-none-eabi/9.3.1/../../../../arm-none-eabi/lib/thumb/v7-m/nofp/crt0.o
 .bss           0x00000000        0x0 c:/program files (x86)/embitz/2.50/share/armgcc/bin/../lib/gcc/arm-none-eabi/9.3.1/../../../../arm-none-eabi/lib/thumb/v7-m/nofp/crt0.o
 .ARM.extab     0x00000000        0x0 c:/program files (x86)/embitz/2.50/share/armgcc/bin/../lib/gcc/arm-none-eabi/9.3.1/../../../../arm-none-eabi/lib/thumb/v7-m/nofp/crt0.o
 .group         0x00000000        0xc obj\debug\inc\gpio.o
 .group         0x00000000        0xc obj\debug\inc\gpio.o
 .group         0x00000000        0xc obj\debug\inc\gpio.o
 .group         0x00000000        0xc obj\debug\inc\gpio.o
 .group         0x00000000        0xc obj\debug\inc\gpio.o
 .group         0x00000000        0xc obj\debug\inc\gpio.o
 .group         0x00000000        0xc obj\debug\inc\gpio.o
 .group         0x00000000        0xc obj\debug\inc\gpio.o
 .group         0x00000000        0xc obj\debug\inc\gpio.o
 .group         0x00000000        0xc obj\debug\inc\gpio.o
 .group         0x00000000        0xc obj\debug\inc\gpio.o
 .group         0x00000000        0xc obj\debug\inc\gpio.o
 .group         0x00000000        0xc obj\debug\inc\gpio.o
 .group         0x00000000        0xc obj\debug\inc\gpio.o
 .group         0x00000000        0xc obj\debug\inc\gpio.o
 .group         0x00000000        0xc obj\debug\inc\gpio.o
 .text          0x00000000        0x0 obj\debug\inc\gpio.o
 .data          0x00000000        0x0 obj\debug\inc\gpio.o
 .bss           0x00000000        0x0 obj\debug\inc\gpio.o
 .text.SetPin   0x00000000       0x32 obj\debug\inc\gpio.o
 .text.GetPin   0x00000000       0x2c obj\debug\inc\gpio.o
 .text.TogglePin
                0x00000000       0x30 obj\debug\inc\gpio.o
 .text.SerialIn
                0x00000000       0x90 obj\debug\inc\gpio.o
 .debug_info    0x00000000      0x331 obj\debug\inc\gpio.o
 .debug_abbrev  0x00000000      0x163 obj\debug\inc\gpio.o
 .debug_aranges
                0x00000000       0x38 obj\debug\inc\gpio.o
 .debug_ranges  0x00000000       0x28 obj\debug\inc\gpio.o
 .debug_macro   0x00000000       0xd7 obj\debug\inc\gpio.o
 .debug_macro   0x00000000      0xaba obj\debug\inc\gpio.o
 .debug_macro   0x00000000       0x34 obj\debug\inc\gpio.o
 .debug_macro   0x00000000       0x28 obj\debug\inc\gpio.o
 .debug_macro   0x00000000       0x22 obj\debug\inc\gpio.o
 .debug_macro   0x00000000       0x22 obj\debug\inc\gpio.o
 .debug_macro   0x00000000       0x8e obj\debug\inc\gpio.o
 .debug_macro   0x00000000       0x51 obj\debug\inc\gpio.o
 .debug_macro   0x00000000      0x103 obj\debug\inc\gpio.o
 .debug_macro   0x00000000       0x6a obj\debug\inc\gpio.o
 .debug_macro   0x00000000      0x1df obj\debug\inc\gpio.o
 .debug_macro   0x00000000       0x34 obj\debug\inc\gpio.o
 .debug_macro   0x00000000       0x34 obj\debug\inc\gpio.o
 .debug_macro   0x00000000      0xb8e obj\debug\inc\gpio.o
 .debug_macro   0x00000000     0xe6e1 obj\debug\inc\gpio.o
 .debug_macro   0x00000000       0x43 obj\debug\inc\gpio.o
 .debug_macro   0x00000000       0xee obj\debug\inc\gpio.o
 .debug_line    0x00000000      0x348 obj\debug\inc\gpio.o
 .debug_str     0x00000000    0x5513f obj\debug\inc\gpio.o
 .comment       0x00000000       0x4d obj\debug\inc\gpio.o
 .debug_frame   0x00000000       0xac obj\debug\inc\gpio.o
 .ARM.attributes
                0x00000000       0x2d obj\debug\inc\gpio.o
 .group         0x00000000        0xc obj\debug\inc\u2a.o
 .group         0x00000000        0xc obj\debug\inc\u2a.o
 .group         0x00000000        0xc obj\debug\inc\u2a.o
 .group         0x00000000        0xc obj\debug\inc\u2a.o
 .group         0x00000000        0xc obj\debug\inc\u2a.o
 .group         0x00000000        0xc obj\debug\inc\u2a.o
 .group         0x00000000        0xc obj\debug\inc\u2a.o
 .group         0x00000000        0xc obj\debug\inc\u2a.o
 .group         0x00000000        0xc obj\debug\inc\u2a.o
 .group         0x00000000        0xc obj\debug\inc\u2a.o
 .group         0x00000000        0xc obj\debug\inc\u2a.o
 .group         0x00000000        0xc obj\debug\inc\u2a.o
 .group         0x00000000        0xc obj\debug\inc\u2a.o
 .group         0x00000000        0xc obj\debug\inc\u2a.o
 .group         0x00000000        0xc obj\debug\inc\u2a.o
 .group         0x00000000        0xc obj\debug\inc\u2a.o
 .group         0x00000000        0xc obj\debug\inc\u2a.o
 .group         0x00000000        0xc obj\debug\inc\u2a.o
 .group         0x00000000        0xc obj\debug\inc\u2a.o
 .group         0x00000000        0xc obj\debug\inc\u2a.o
 .group         0x00000000        0xc obj\debug\inc\u2a.o
 .text          0x00000000        0x0 obj\debug\inc\u2a.o
 .data          0x00000000        0x0 obj\debug\inc\u2a.o
 .bss           0x00000000        0x0 obj\debug\inc\u2a.o
 .text.divmodu10
                0x00000000       0x90 obj\debug\inc\u2a.o
 .text.utoa     0x00000000       0x46 obj\debug\inc\u2a.o
 .text.itoa     0x00000000       0x6e obj\debug\inc\u2a.o
 .text.utoaLTR  0x00000000       0x3c obj\debug\inc\u2a.o
 .text.itoaLTR  0x00000000       0x3c obj\debug\inc\u2a.o
 .text.utoaLTRCB
                0x00000000       0x3a obj\debug\inc\u2a.o
 .text.itoaLTRCB
                0x00000000       0x3a obj\debug\inc\u2a.o
 .text.utoHexCB
                0x00000000       0x76 obj\debug\inc\u2a.o
 .text.MantissaMul
                0x00000000       0x4a obj\debug\inc\u2a.o
 .rodata.table2
                0x00000000       0x80 obj\debug\inc\u2a.o
 .text.ftoaEngine
                0x00000000      0x210 obj\debug\inc\u2a.o
 .text.ftoa     0x00000000      0x25c obj\debug\inc\u2a.o
 .text.ftoaCB   0x00000000       0x3a obj\debug\inc\u2a.o
 .text.parseFloatC
                0x00000000      0x18c obj\debug\inc\u2a.o
 .text.parseFloat
                0x00000000       0x18 obj\debug\inc\u2a.o
 .debug_info    0x00000000     0x10ca obj\debug\inc\u2a.o
 .debug_abbrev  0x00000000      0x307 obj\debug\inc\u2a.o
 .debug_aranges
                0x00000000       0x88 obj\debug\inc\u2a.o
 .debug_ranges  0x00000000       0x78 obj\debug\inc\u2a.o
 .debug_macro   0x00000000      0x132 obj\debug\inc\u2a.o
 .debug_macro   0x00000000      0xaba obj\debug\inc\u2a.o
 .debug_macro   0x00000000       0x22 obj\debug\inc\u2a.o
 .debug_macro   0x00000000       0x8e obj\debug\inc\u2a.o
 .debug_macro   0x00000000       0x51 obj\debug\inc\u2a.o
 .debug_macro   0x00000000      0x103 obj\debug\inc\u2a.o
 .debug_macro   0x00000000       0x6a obj\debug\inc\u2a.o
 .debug_macro   0x00000000      0x1df obj\debug\inc\u2a.o
 .debug_macro   0x00000000       0x64 obj\debug\inc\u2a.o
 .debug_macro   0x00000000       0x18 obj\debug\inc\u2a.o
 .debug_macro   0x00000000       0x35 obj\debug\inc\u2a.o
 .debug_macro   0x00000000       0x34 obj\debug\inc\u2a.o
 .debug_macro   0x00000000      0x174 obj\debug\inc\u2a.o
 .debug_macro   0x00000000       0x16 obj\debug\inc\u2a.o
 .debug_macro   0x00000000       0x43 obj\debug\inc\u2a.o
 .debug_macro   0x00000000       0x34 obj\debug\inc\u2a.o
 .debug_macro   0x00000000       0x10 obj\debug\inc\u2a.o
 .debug_macro   0x00000000       0x58 obj\debug\inc\u2a.o
 .debug_macro   0x00000000      0x182 obj\debug\inc\u2a.o
 .debug_macro   0x00000000      0x339 obj\debug\inc\u2a.o
 .debug_macro   0x00000000       0x10 obj\debug\inc\u2a.o
 .debug_macro   0x00000000       0x35 obj\debug\inc\u2a.o
 .debug_line    0x00000000      0x8bf obj\debug\inc\u2a.o
 .debug_str     0x00000000     0x6df8 obj\debug\inc\u2a.o
 .comment       0x00000000       0x4d obj\debug\inc\u2a.o
 .debug_frame   0x00000000      0x21c obj\debug\inc\u2a.o
 .ARM.attributes
                0x00000000       0x2d obj\debug\inc\u2a.o
 .group         0x00000000        0xc obj\debug\inc\watchdog.o
 .group         0x00000000        0xc obj\debug\inc\watchdog.o
 .group         0x00000000        0xc obj\debug\inc\watchdog.o
 .group         0x00000000        0xc obj\debug\inc\watchdog.o
 .group         0x00000000        0xc obj\debug\inc\watchdog.o
 .group         0x00000000        0xc obj\debug\inc\watchdog.o
 .group         0x00000000        0xc obj\debug\inc\watchdog.o
 .group         0x00000000        0xc obj\debug\inc\watchdog.o
 .group         0x00000000        0xc obj\debug\inc\watchdog.o
 .group         0x00000000        0xc obj\debug\inc\watchdog.o
 .group         0x00000000        0xc obj\debug\inc\watchdog.o
 .group         0x00000000        0xc obj\debug\inc\watchdog.o
 .group         0x00000000        0xc obj\debug\inc\watchdog.o
 .group         0x00000000        0xc obj\debug\inc\watchdog.o
 .group         0x00000000        0xc obj\debug\inc\watchdog.o
 .text          0x00000000        0x0 obj\debug\inc\watchdog.o
 .data          0x00000000        0x0 obj\debug\inc\watchdog.o
 .bss           0x00000000        0x0 obj\debug\inc\watchdog.o
 .text.IWDG_InitEx
                0x00000000       0x68 obj\debug\inc\watchdog.o
 .text.IWDG_Init
                0x00000000       0x3c obj\debug\inc\watchdog.o
 .text.IWDG_reset
                0x00000000       0x18 obj\debug\inc\watchdog.o
 .debug_info    0x00000000      0x1f5 obj\debug\inc\watchdog.o
 .debug_abbrev  0x00000000      0x121 obj\debug\inc\watchdog.o
 .debug_aranges
                0x00000000       0x30 obj\debug\inc\watchdog.o
 .debug_ranges  0x00000000       0x20 obj\debug\inc\watchdog.o
 .debug_macro   0x00000000       0xcc obj\debug\inc\watchdog.o
 .debug_macro   0x00000000      0xaba obj\debug\inc\watchdog.o
 .debug_macro   0x00000000       0x22 obj\debug\inc\watchdog.o
 .debug_macro   0x00000000       0x8e obj\debug\inc\watchdog.o
 .debug_macro   0x00000000       0x51 obj\debug\inc\watchdog.o
 .debug_macro   0x00000000      0x103 obj\debug\inc\watchdog.o
 .debug_macro   0x00000000       0x6a obj\debug\inc\watchdog.o
 .debug_macro   0x00000000      0x1df obj\debug\inc\watchdog.o
 .debug_macro   0x00000000       0x34 obj\debug\inc\watchdog.o
 .debug_macro   0x00000000       0x28 obj\debug\inc\watchdog.o
 .debug_macro   0x00000000       0x22 obj\debug\inc\watchdog.o
 .debug_macro   0x00000000       0x3a obj\debug\inc\watchdog.o
 .debug_macro   0x00000000       0x34 obj\debug\inc\watchdog.o
 .debug_macro   0x00000000      0xb8e obj\debug\inc\watchdog.o
 .debug_macro   0x00000000     0xe6e1 obj\debug\inc\watchdog.o
 .debug_macro   0x00000000       0x43 obj\debug\inc\watchdog.o
 .debug_line    0x00000000      0x32f obj\debug\inc\watchdog.o
 .debug_str     0x00000000    0x549f4 obj\debug\inc\watchdog.o
 .comment       0x00000000       0x4d obj\debug\inc\watchdog.o
 .debug_frame   0x00000000       0x7c obj\debug\inc\watchdog.o
 .ARM.attributes
                0x00000000       0x2d obj\debug\inc\watchdog.o
 .group         0x00000000        0xc obj\debug\main.o
 .group         0x00000000        0xc obj\debug\main.o
 .group         0x00000000        0xc obj\debug\main.o
 .group         0x00000000        0xc obj\debug\main.o
 .group         0x00000000        0xc obj\debug\main.o
 .group         0x00000000        0xc obj\debug\main.o
 .group         0x00000000        0xc obj\debug\main.o
 .group         0x00000000        0xc obj\debug\main.o
 .group         0x00000000        0xc obj\debug\main.o
 .group         0x00000000        0xc obj\debug\main.o
 .group         0x00000000        0xc obj\debug\main.o
 .group         0x00000000        0xc obj\debug\main.o
 .group         0x00000000        0xc obj\debug\main.o
 .group         0x00000000        0xc obj\debug\main.o
 .group         0x00000000        0xc obj\debug\main.o
 .group         0x00000000        0xc obj\debug\main.o
 .group         0x00000000        0xc obj\debug\main.o
 .group         0x00000000        0xc obj\debug\main.o
 .group         0x00000000        0xc obj\debug\main.o
 .group         0x00000000        0xc obj\debug\main.o
 .group         0x00000000        0xc obj\debug\main.o
 .group         0x00000000        0xc obj\debug\main.o
 .text          0x00000000        0x0 obj\debug\main.o
 .data          0x00000000        0x0 obj\debug\main.o
 .bss           0x00000000        0x0 obj\debug\main.o
 .debug_macro   0x00000000      0xaba obj\debug\main.o
 .debug_macro   0x00000000       0x22 obj\debug\main.o
 .debug_macro   0x00000000       0x8e obj\debug\main.o
 .debug_macro   0x00000000       0x51 obj\debug\main.o
 .debug_macro   0x00000000      0x103 obj\debug\main.o
 .debug_macro   0x00000000       0x6a obj\debug\main.o
 .debug_macro   0x00000000      0x1df obj\debug\main.o
 .debug_macro   0x00000000       0x34 obj\debug\main.o
 .debug_macro   0x00000000       0x28 obj\debug\main.o
 .debug_macro   0x00000000       0x22 obj\debug\main.o
 .debug_macro   0x00000000       0x3a obj\debug\main.o
 .debug_macro   0x00000000       0x34 obj\debug\main.o
 .debug_macro   0x00000000      0xb8e obj\debug\main.o
 .debug_macro   0x00000000     0xe6e1 obj\debug\main.o
 .debug_macro   0x00000000       0x43 obj\debug\main.o
 .debug_macro   0x00000000       0xee obj\debug\main.o
 .group         0x00000000        0xc obj\debug\src\565ru6.o
 .group         0x00000000        0xc obj\debug\src\565ru6.o
 .group         0x00000000        0xc obj\debug\src\565ru6.o
 .group         0x00000000        0xc obj\debug\src\565ru6.o
 .group         0x00000000        0xc obj\debug\src\565ru6.o
 .group         0x00000000        0xc obj\debug\src\565ru6.o
 .group         0x00000000        0xc obj\debug\src\565ru6.o
 .group         0x00000000        0xc obj\debug\src\565ru6.o
 .group         0x00000000        0xc obj\debug\src\565ru6.o
 .group         0x00000000        0xc obj\debug\src\565ru6.o
 .group         0x00000000        0xc obj\debug\src\565ru6.o
 .group         0x00000000        0xc obj\debug\src\565ru6.o
 .group         0x00000000        0xc obj\debug\src\565ru6.o
 .group         0x00000000        0xc obj\debug\src\565ru6.o
 .group         0x00000000        0xc obj\debug\src\565ru6.o
 .group         0x00000000        0xc obj\debug\src\565ru6.o
 .group         0x00000000        0xc obj\debug\src\565ru6.o
 .group         0x00000000        0xc obj\debug\src\565ru6.o
 .group         0x00000000        0xc obj\debug\src\565ru6.o
 .group         0x00000000        0xc obj\debug\src\565ru6.o
 .group         0x00000000        0xc obj\debug\src\565ru6.o
 .text          0x00000000        0x0 obj\debug\src\565ru6.o
 .data          0x00000000        0x0 obj\debug\src\565ru6.o
 .bss           0x00000000        0x0 obj\debug\src\565ru6.o
 .text.set_hi_adr_556RU6
                0x00000000       0xb4 obj\debug\src\565ru6.o
 .text.read_556RU6
                0x00000000       0x74 obj\debug\src\565ru6.o
 .text.write_556RU6
                0x00000000       0x80 obj\debug\src\565ru6.o
 .debug_macro   0x00000000      0xaba obj\debug\src\565ru6.o
 .debug_macro   0x00000000       0x28 obj\debug\src\565ru6.o
 .debug_macro   0x00000000       0x34 obj\debug\src\565ru6.o
 .debug_macro   0x00000000       0x28 obj\debug\src\565ru6.o
 .debug_macro   0x00000000       0x22 obj\debug\src\565ru6.o
 .debug_macro   0x00000000       0x22 obj\debug\src\565ru6.o
 .debug_macro   0x00000000       0x8e obj\debug\src\565ru6.o
 .debug_macro   0x00000000       0x51 obj\debug\src\565ru6.o
 .debug_macro   0x00000000      0x103 obj\debug\src\565ru6.o
 .debug_macro   0x00000000       0x6a obj\debug\src\565ru6.o
 .debug_macro   0x00000000      0x1df obj\debug\src\565ru6.o
 .debug_macro   0x00000000       0x34 obj\debug\src\565ru6.o
 .debug_macro   0x00000000       0x34 obj\debug\src\565ru6.o
 .debug_macro   0x00000000      0xb8e obj\debug\src\565ru6.o
 .debug_macro   0x00000000     0xe6e1 obj\debug\src\565ru6.o
 .debug_macro   0x00000000       0x43 obj\debug\src\565ru6.o
 .debug_macro   0x00000000       0x6a obj\debug\src\565ru6.o
 .debug_macro   0x00000000       0xee obj\debug\src\565ru6.o
 .debug_macro   0x00000000       0x10 obj\debug\src\565ru6.o
 .debug_macro   0x00000000       0xb2 obj\debug\src\565ru6.o
 .debug_macro   0x00000000      0x118 obj\debug\src\565ru6.o
 .group         0x00000000        0xc obj\debug\src\atomic.o
 .group         0x00000000        0xc obj\debug\src\atomic.o
 .group         0x00000000        0xc obj\debug\src\atomic.o
 .group         0x00000000        0xc obj\debug\src\atomic.o
 .group         0x00000000        0xc obj\debug\src\atomic.o
 .group         0x00000000        0xc obj\debug\src\atomic.o
 .group         0x00000000        0xc obj\debug\src\atomic.o
 .group         0x00000000        0xc obj\debug\src\atomic.o
 .group         0x00000000        0xc obj\debug\src\atomic.o
 .group         0x00000000        0xc obj\debug\src\atomic.o
 .group         0x00000000        0xc obj\debug\src\atomic.o
 .group         0x00000000        0xc obj\debug\src\atomic.o
 .group         0x00000000        0xc obj\debug\src\atomic.o
 .group         0x00000000        0xc obj\debug\src\atomic.o
 .group         0x00000000        0xc obj\debug\src\atomic.o
 .group         0x00000000        0xc obj\debug\src\atomic.o
 .group         0x00000000        0xc obj\debug\src\atomic.o
 .group         0x00000000        0xc obj\debug\src\atomic.o
 .group         0x00000000        0xc obj\debug\src\atomic.o
 .group         0x00000000        0xc obj\debug\src\atomic.o
 .group         0x00000000        0xc obj\debug\src\atomic.o
 .text          0x00000000        0x0 obj\debug\src\atomic.o
 .data          0x00000000        0x0 obj\debug\src\atomic.o
 .bss           0x00000000        0x0 obj\debug\src\atomic.o
 .text.CompareExchange16
                0x00000000       0x56 obj\debug\src\atomic.o
 .text.CompareExchange32
                0x00000000       0x50 obj\debug\src\atomic.o
 .text.AtomicFetchAndAdd
                0x00000000       0x46 obj\debug\src\atomic.o
 .text.AtomicAddAndFetch
                0x00000000       0x46 obj\debug\src\atomic.o
 .debug_macro   0x00000000      0xaba obj\debug\src\atomic.o
 .debug_macro   0x00000000       0x34 obj\debug\src\atomic.o
 .debug_macro   0x00000000       0x28 obj\debug\src\atomic.o
 .debug_macro   0x00000000       0x22 obj\debug\src\atomic.o
 .debug_macro   0x00000000       0x22 obj\debug\src\atomic.o
 .debug_macro   0x00000000       0x8e obj\debug\src\atomic.o
 .debug_macro   0x00000000       0x51 obj\debug\src\atomic.o
 .debug_macro   0x00000000      0x103 obj\debug\src\atomic.o
 .debug_macro   0x00000000       0x6a obj\debug\src\atomic.o
 .debug_macro   0x00000000      0x1df obj\debug\src\atomic.o
 .debug_macro   0x00000000       0x34 obj\debug\src\atomic.o
 .debug_macro   0x00000000       0x34 obj\debug\src\atomic.o
 .debug_macro   0x00000000      0xb8e obj\debug\src\atomic.o
 .debug_macro   0x00000000     0xe6e1 obj\debug\src\atomic.o
 .debug_macro   0x00000000       0x43 obj\debug\src\atomic.o
 .debug_macro   0x00000000       0x6a obj\debug\src\atomic.o
 .debug_macro   0x00000000       0xee obj\debug\src\atomic.o
 .debug_macro   0x00000000       0x10 obj\debug\src\atomic.o
 .debug_macro   0x00000000       0xb2 obj\debug\src\atomic.o
 .debug_macro   0x00000000       0x28 obj\debug\src\atomic.o
 .debug_macro   0x00000000      0x118 obj\debug\src\atomic.o
 .group         0x00000000        0xc obj\debug\src\can\stm_lib\src\stm32f10x_can.o
 .group         0x00000000        0xc obj\debug\src\can\stm_lib\src\stm32f10x_can.o
 .group         0x00000000        0xc obj\debug\src\can\stm_lib\src\stm32f10x_can.o
 .group         0x00000000        0xc obj\debug\src\can\stm_lib\src\stm32f10x_can.o
 .group         0x00000000        0xc obj\debug\src\can\stm_lib\src\stm32f10x_can.o
 .group         0x00000000        0xc obj\debug\src\can\stm_lib\src\stm32f10x_can.o
 .group         0x00000000        0xc obj\debug\src\can\stm_lib\src\stm32f10x_can.o
 .group         0x00000000        0xc obj\debug\src\can\stm_lib\src\stm32f10x_can.o
 .group         0x00000000        0xc obj\debug\src\can\stm_lib\src\stm32f10x_can.o
 .group         0x00000000        0xc obj\debug\src\can\stm_lib\src\stm32f10x_can.o
 .group         0x00000000        0xc obj\debug\src\can\stm_lib\src\stm32f10x_can.o
 .group         0x00000000        0xc obj\debug\src\can\stm_lib\src\stm32f10x_can.o
 .group         0x00000000        0xc obj\debug\src\can\stm_lib\src\stm32f10x_can.o
 .group         0x00000000        0xc obj\debug\src\can\stm_lib\src\stm32f10x_can.o
 .group         0x00000000        0xc obj\debug\src\can\stm_lib\src\stm32f10x_can.o
 .group         0x00000000        0xc obj\debug\src\can\stm_lib\src\stm32f10x_can.o
 .group         0x00000000        0xc obj\debug\src\can\stm_lib\src\stm32f10x_can.o
 .group         0x00000000        0xc obj\debug\src\can\stm_lib\src\stm32f10x_can.o
 .group         0x00000000        0xc obj\debug\src\can\stm_lib\src\stm32f10x_can.o
 .group         0x00000000        0xc obj\debug\src\can\stm_lib\src\stm32f10x_can.o
 .group         0x00000000        0xc obj\debug\src\can\stm_lib\src\stm32f10x_can.o
 .group         0x00000000        0xc obj\debug\src\can\stm_lib\src\stm32f10x_can.o
 .group         0x00000000        0xc obj\debug\src\can\stm_lib\src\stm32f10x_can.o
 .text          0x00000000        0x0 obj\debug\src\can\stm_lib\src\stm32f10x_can.o
 .data          0x00000000        0x0 obj\debug\src\can\stm_lib\src\stm32f10x_can.o
 .bss           0x00000000        0x0 obj\debug\src\can\stm_lib\src\stm32f10x_can.o
 .text.CAN_DeInit
                0x00000000       0x48 obj\debug\src\can\stm_lib\src\stm32f10x_can.o
 .text.CAN_Init
                0x00000000      0x1a0 obj\debug\src\can\stm_lib\src\stm32f10x_can.o
 .text.CAN_FilterInit
                0x00000000      0x184 obj\debug\src\can\stm_lib\src\stm32f10x_can.o
 .text.CAN_StructInit
                0x00000000       0x54 obj\debug\src\can\stm_lib\src\stm32f10x_can.o
 .text.CAN_SlaveStartBank
                0x00000000       0x60 obj\debug\src\can\stm_lib\src\stm32f10x_can.o
 .text.CAN_DBGFreeze
                0x00000000       0x36 obj\debug\src\can\stm_lib\src\stm32f10x_can.o
 .text.CAN_TTComModeCmd
                0x00000000       0x96 obj\debug\src\can\stm_lib\src\stm32f10x_can.o
 .text.CAN_Transmit
                0x00000000      0x1a0 obj\debug\src\can\stm_lib\src\stm32f10x_can.o
 .text.CAN_TransmitStatus
                0x00000000      0x104 obj\debug\src\can\stm_lib\src\stm32f10x_can.o
 .text.CAN_CancelTransmit
                0x00000000       0x56 obj\debug\src\can\stm_lib\src\stm32f10x_can.o
 .text.CAN_Receive
                0x00000000      0x17a obj\debug\src\can\stm_lib\src\stm32f10x_can.o
 .text.CAN_FIFORelease
                0x00000000       0x36 obj\debug\src\can\stm_lib\src\stm32f10x_can.o
 .text.CAN_MessagePending
                0x00000000       0x48 obj\debug\src\can\stm_lib\src\stm32f10x_can.o
 .text.CAN_OperatingModeRequest
                0x00000000       0xfa obj\debug\src\can\stm_lib\src\stm32f10x_can.o
 .text.CAN_Sleep
                0x00000000       0x38 obj\debug\src\can\stm_lib\src\stm32f10x_can.o
 .text.CAN_WakeUp
                0x00000000       0x54 obj\debug\src\can\stm_lib\src\stm32f10x_can.o
 .text.CAN_GetLastErrorCode
                0x00000000       0x24 obj\debug\src\can\stm_lib\src\stm32f10x_can.o
 .text.CAN_GetReceiveErrorCounter
                0x00000000       0x20 obj\debug\src\can\stm_lib\src\stm32f10x_can.o
 .text.CAN_GetLSBTransmitErrorCounter
                0x00000000       0x20 obj\debug\src\can\stm_lib\src\stm32f10x_can.o
 .text.CAN_ITConfig
                0x00000000       0x3a obj\debug\src\can\stm_lib\src\stm32f10x_can.o
 .text.CAN_GetFlagStatus
                0x00000000       0xcc obj\debug\src\can\stm_lib\src\stm32f10x_can.o
 .text.CAN_ClearFlag
                0x00000000       0x70 obj\debug\src\can\stm_lib\src\stm32f10x_can.o
 .text.CAN_GetITStatus
                0x00000000      0x264 obj\debug\src\can\stm_lib\src\stm32f10x_can.o
 .text.CAN_ClearITPendingBit
                0x00000000      0x1b4 obj\debug\src\can\stm_lib\src\stm32f10x_can.o
 .text.CheckITStatus
                0x00000000       0x2e obj\debug\src\can\stm_lib\src\stm32f10x_can.o
 .debug_info    0x00000000      0xd0c obj\debug\src\can\stm_lib\src\stm32f10x_can.o
 .debug_abbrev  0x00000000      0x257 obj\debug\src\can\stm_lib\src\stm32f10x_can.o
 .debug_aranges
                0x00000000       0xe0 obj\debug\src\can\stm_lib\src\stm32f10x_can.o
 .debug_ranges  0x00000000       0xd0 obj\debug\src\can\stm_lib\src\stm32f10x_can.o
 .debug_macro   0x00000000      0x1a8 obj\debug\src\can\stm_lib\src\stm32f10x_can.o
 .debug_macro   0x00000000      0xaba obj\debug\src\can\stm_lib\src\stm32f10x_can.o
 .debug_macro   0x00000000       0x34 obj\debug\src\can\stm_lib\src\stm32f10x_can.o
 .debug_macro   0x00000000       0x28 obj\debug\src\can\stm_lib\src\stm32f10x_can.o
 .debug_macro   0x00000000       0x22 obj\debug\src\can\stm_lib\src\stm32f10x_can.o
 .debug_macro   0x00000000       0x22 obj\debug\src\can\stm_lib\src\stm32f10x_can.o
 .debug_macro   0x00000000       0x8e obj\debug\src\can\stm_lib\src\stm32f10x_can.o
 .debug_macro   0x00000000       0x51 obj\debug\src\can\stm_lib\src\stm32f10x_can.o
 .debug_macro   0x00000000      0x103 obj\debug\src\can\stm_lib\src\stm32f10x_can.o
 .debug_macro   0x00000000       0x6a obj\debug\src\can\stm_lib\src\stm32f10x_can.o
 .debug_macro   0x00000000      0x1df obj\debug\src\can\stm_lib\src\stm32f10x_can.o
 .debug_macro   0x00000000       0x34 obj\debug\src\can\stm_lib\src\stm32f10x_can.o
 .debug_macro   0x00000000       0x34 obj\debug\src\can\stm_lib\src\stm32f10x_can.o
 .debug_macro   0x00000000      0xb8e obj\debug\src\can\stm_lib\src\stm32f10x_can.o
 .debug_macro   0x00000000     0xe6e1 obj\debug\src\can\stm_lib\src\stm32f10x_can.o
 .debug_macro   0x00000000       0x43 obj\debug\src\can\stm_lib\src\stm32f10x_can.o
 .debug_macro   0x00000000      0x3c9 obj\debug\src\can\stm_lib\src\stm32f10x_can.o
 .debug_macro   0x00000000       0x6a obj\debug\src\can\stm_lib\src\stm32f10x_can.o
 .debug_macro   0x00000000       0xee obj\debug\src\can\stm_lib\src\stm32f10x_can.o
 .debug_macro   0x00000000       0x10 obj\debug\src\can\stm_lib\src\stm32f10x_can.o
 .debug_macro   0x00000000       0xb2 obj\debug\src\can\stm_lib\src\stm32f10x_can.o
 .debug_macro   0x00000000       0x28 obj\debug\src\can\stm_lib\src\stm32f10x_can.o
 .debug_macro   0x00000000      0x118 obj\debug\src\can\stm_lib\src\stm32f10x_can.o
 .debug_macro   0x00000000      0x3dc obj\debug\src\can\stm_lib\src\stm32f10x_can.o
 .debug_line    0x00000000      0xbd8 obj\debug\src\can\stm_lib\src\stm32f10x_can.o
 .debug_str     0x00000000    0x5a005 obj\debug\src\can\stm_lib\src\stm32f10x_can.o
 .comment       0x00000000       0x4d obj\debug\src\can\stm_lib\src\stm32f10x_can.o
 .debug_frame   0x00000000      0x3f8 obj\debug\src\can\stm_lib\src\stm32f10x_can.o
 .ARM.attributes
                0x00000000       0x2d obj\debug\src\can\stm_lib\src\stm32f10x_can.o
 .group         0x00000000        0xc obj\debug\src\can\stm_lib\src\stm32f10x_i2c.o
 .group         0x00000000        0xc obj\debug\src\can\stm_lib\src\stm32f10x_i2c.o
 .group         0x00000000        0xc obj\debug\src\can\stm_lib\src\stm32f10x_i2c.o
 .group         0x00000000        0xc obj\debug\src\can\stm_lib\src\stm32f10x_i2c.o
 .group         0x00000000        0xc obj\debug\src\can\stm_lib\src\stm32f10x_i2c.o
 .group         0x00000000        0xc obj\debug\src\can\stm_lib\src\stm32f10x_i2c.o
 .group         0x00000000        0xc obj\debug\src\can\stm_lib\src\stm32f10x_i2c.o
 .group         0x00000000        0xc obj\debug\src\can\stm_lib\src\stm32f10x_i2c.o
 .group         0x00000000        0xc obj\debug\src\can\stm_lib\src\stm32f10x_i2c.o
 .group         0x00000000        0xc obj\debug\src\can\stm_lib\src\stm32f10x_i2c.o
 .group         0x00000000        0xc obj\debug\src\can\stm_lib\src\stm32f10x_i2c.o
 .group         0x00000000        0xc obj\debug\src\can\stm_lib\src\stm32f10x_i2c.o
 .group         0x00000000        0xc obj\debug\src\can\stm_lib\src\stm32f10x_i2c.o
 .group         0x00000000        0xc obj\debug\src\can\stm_lib\src\stm32f10x_i2c.o
 .group         0x00000000        0xc obj\debug\src\can\stm_lib\src\stm32f10x_i2c.o
 .group         0x00000000        0xc obj\debug\src\can\stm_lib\src\stm32f10x_i2c.o
 .group         0x00000000        0xc obj\debug\src\can\stm_lib\src\stm32f10x_i2c.o
 .group         0x00000000        0xc obj\debug\src\can\stm_lib\src\stm32f10x_i2c.o
 .group         0x00000000        0xc obj\debug\src\can\stm_lib\src\stm32f10x_i2c.o
 .group         0x00000000        0xc obj\debug\src\can\stm_lib\src\stm32f10x_i2c.o
 .group         0x00000000        0xc obj\debug\src\can\stm_lib\src\stm32f10x_i2c.o
 .group         0x00000000        0xc obj\debug\src\can\stm_lib\src\stm32f10x_i2c.o
 .group         0x00000000        0xc obj\debug\src\can\stm_lib\src\stm32f10x_i2c.o
 .text          0x00000000        0x0 obj\debug\src\can\stm_lib\src\stm32f10x_i2c.o
 .data          0x00000000        0x0 obj\debug\src\can\stm_lib\src\stm32f10x_i2c.o
 .bss           0x00000000        0x0 obj\debug\src\can\stm_lib\src\stm32f10x_i2c.o
 .text.I2C_DeInit
                0x00000000       0x48 obj\debug\src\can\stm_lib\src\stm32f10x_i2c.o
 .text.I2C_Init
                0x00000000      0x184 obj\debug\src\can\stm_lib\src\stm32f10x_i2c.o
 .text.I2C_StructInit
                0x00000000       0x3c obj\debug\src\can\stm_lib\src\stm32f10x_i2c.o
 .text.I2C_Cmd  0x00000000       0x38 obj\debug\src\can\stm_lib\src\stm32f10x_i2c.o
 .text.I2C_DMACmd
                0x00000000       0x38 obj\debug\src\can\stm_lib\src\stm32f10x_i2c.o
 .text.I2C_DMALastTransferCmd
                0x00000000       0x38 obj\debug\src\can\stm_lib\src\stm32f10x_i2c.o
 .text.I2C_GenerateSTART
                0x00000000       0x38 obj\debug\src\can\stm_lib\src\stm32f10x_i2c.o
 .text.I2C_GenerateSTOP
                0x00000000       0x38 obj\debug\src\can\stm_lib\src\stm32f10x_i2c.o
 .text.I2C_AcknowledgeConfig
                0x00000000       0x38 obj\debug\src\can\stm_lib\src\stm32f10x_i2c.o
 .text.I2C_OwnAddress2Config
                0x00000000       0x42 obj\debug\src\can\stm_lib\src\stm32f10x_i2c.o
 .text.I2C_DualAddressCmd
                0x00000000       0x38 obj\debug\src\can\stm_lib\src\stm32f10x_i2c.o
 .text.I2C_GeneralCallCmd
                0x00000000       0x38 obj\debug\src\can\stm_lib\src\stm32f10x_i2c.o
 .text.I2C_ITConfig
                0x00000000       0x3e obj\debug\src\can\stm_lib\src\stm32f10x_i2c.o
 .text.I2C_SendData
                0x00000000       0x1c obj\debug\src\can\stm_lib\src\stm32f10x_i2c.o
 .text.I2C_ReceiveData
                0x00000000       0x18 obj\debug\src\can\stm_lib\src\stm32f10x_i2c.o
 .text.I2C_Send7bitAddress
                0x00000000       0x38 obj\debug\src\can\stm_lib\src\stm32f10x_i2c.o
 .text.I2C_ReadRegister
                0x00000000       0x2c obj\debug\src\can\stm_lib\src\stm32f10x_i2c.o
 .text.I2C_SoftwareResetCmd
                0x00000000       0x36 obj\debug\src\can\stm_lib\src\stm32f10x_i2c.o
 .text.I2C_NACKPositionConfig
                0x00000000       0x3a obj\debug\src\can\stm_lib\src\stm32f10x_i2c.o
 .text.I2C_SMBusAlertConfig
                0x00000000       0x3a obj\debug\src\can\stm_lib\src\stm32f10x_i2c.o
 .text.I2C_TransmitPEC
                0x00000000       0x38 obj\debug\src\can\stm_lib\src\stm32f10x_i2c.o
 .text.I2C_PECPositionConfig
                0x00000000       0x3a obj\debug\src\can\stm_lib\src\stm32f10x_i2c.o
 .text.I2C_CalculatePEC
                0x00000000       0x38 obj\debug\src\can\stm_lib\src\stm32f10x_i2c.o
 .text.I2C_GetPEC
                0x00000000       0x1a obj\debug\src\can\stm_lib\src\stm32f10x_i2c.o
 .text.I2C_ARPCmd
                0x00000000       0x38 obj\debug\src\can\stm_lib\src\stm32f10x_i2c.o
 .text.I2C_StretchClockCmd
                0x00000000       0x38 obj\debug\src\can\stm_lib\src\stm32f10x_i2c.o
 .text.I2C_FastModeDutyCycleConfig
                0x00000000       0x3a obj\debug\src\can\stm_lib\src\stm32f10x_i2c.o
 .text.I2C_CheckEvent
                0x00000000       0x5a obj\debug\src\can\stm_lib\src\stm32f10x_i2c.o
 .text.I2C_GetLastEvent
                0x00000000       0x3e obj\debug\src\can\stm_lib\src\stm32f10x_i2c.o
 .text.I2C_GetFlagStatus
                0x00000000       0x64 obj\debug\src\can\stm_lib\src\stm32f10x_i2c.o
 .text.I2C_ClearFlag
                0x00000000       0x2e obj\debug\src\can\stm_lib\src\stm32f10x_i2c.o
 .text.I2C_GetITStatus
                0x00000000       0x52 obj\debug\src\can\stm_lib\src\stm32f10x_i2c.o
 .text.I2C_ClearITPendingBit
                0x00000000       0x2e obj\debug\src\can\stm_lib\src\stm32f10x_i2c.o
 .debug_info    0x00000000      0xbf8 obj\debug\src\can\stm_lib\src\stm32f10x_i2c.o
 .debug_abbrev  0x00000000      0x20a obj\debug\src\can\stm_lib\src\stm32f10x_i2c.o
 .debug_aranges
                0x00000000      0x120 obj\debug\src\can\stm_lib\src\stm32f10x_i2c.o
 .debug_ranges  0x00000000      0x110 obj\debug\src\can\stm_lib\src\stm32f10x_i2c.o
 .debug_macro   0x00000000      0x22a obj\debug\src\can\stm_lib\src\stm32f10x_i2c.o
 .debug_macro   0x00000000      0xaba obj\debug\src\can\stm_lib\src\stm32f10x_i2c.o
 .debug_macro   0x00000000       0x34 obj\debug\src\can\stm_lib\src\stm32f10x_i2c.o
 .debug_macro   0x00000000       0x28 obj\debug\src\can\stm_lib\src\stm32f10x_i2c.o
 .debug_macro   0x00000000       0x22 obj\debug\src\can\stm_lib\src\stm32f10x_i2c.o
 .debug_macro   0x00000000       0x22 obj\debug\src\can\stm_lib\src\stm32f10x_i2c.o
 .debug_macro   0x00000000       0x8e obj\debug\src\can\stm_lib\src\stm32f10x_i2c.o
 .debug_macro   0x00000000       0x51 obj\debug\src\can\stm_lib\src\stm32f10x_i2c.o
 .debug_macro   0x00000000      0x103 obj\debug\src\can\stm_lib\src\stm32f10x_i2c.o
 .debug_macro   0x00000000       0x6a obj\debug\src\can\stm_lib\src\stm32f10x_i2c.o
 .debug_macro   0x00000000      0x1df obj\debug\src\can\stm_lib\src\stm32f10x_i2c.o
 .debug_macro   0x00000000       0x34 obj\debug\src\can\stm_lib\src\stm32f10x_i2c.o
 .debug_macro   0x00000000       0x34 obj\debug\src\can\stm_lib\src\stm32f10x_i2c.o
 .debug_macro   0x00000000      0xb8e obj\debug\src\can\stm_lib\src\stm32f10x_i2c.o
 .debug_macro   0x00000000     0xe6e1 obj\debug\src\can\stm_lib\src\stm32f10x_i2c.o
 .debug_macro   0x00000000       0x43 obj\debug\src\can\stm_lib\src\stm32f10x_i2c.o
 .debug_macro   0x00000000       0x6a obj\debug\src\can\stm_lib\src\stm32f10x_i2c.o
 .debug_macro   0x00000000       0xee obj\debug\src\can\stm_lib\src\stm32f10x_i2c.o
 .debug_macro   0x00000000       0x10 obj\debug\src\can\stm_lib\src\stm32f10x_i2c.o
 .debug_macro   0x00000000       0xb2 obj\debug\src\can\stm_lib\src\stm32f10x_i2c.o
 .debug_macro   0x00000000       0x28 obj\debug\src\can\stm_lib\src\stm32f10x_i2c.o
 .debug_macro   0x00000000      0x118 obj\debug\src\can\stm_lib\src\stm32f10x_i2c.o
 .debug_macro   0x00000000      0x2ab obj\debug\src\can\stm_lib\src\stm32f10x_i2c.o
 .debug_macro   0x00000000      0x3dc obj\debug\src\can\stm_lib\src\stm32f10x_i2c.o
 .debug_line    0x00000000      0x89a obj\debug\src\can\stm_lib\src\stm32f10x_i2c.o
 .debug_str     0x00000000    0x5a32a obj\debug\src\can\stm_lib\src\stm32f10x_i2c.o
 .comment       0x00000000       0x4d obj\debug\src\can\stm_lib\src\stm32f10x_i2c.o
 .debug_frame   0x00000000      0x530 obj\debug\src\can\stm_lib\src\stm32f10x_i2c.o
 .ARM.attributes
                0x00000000       0x2d obj\debug\src\can\stm_lib\src\stm32f10x_i2c.o
 .group         0x00000000        0xc obj\debug\src\can\stm_lib\src\stm32f10x_rcc.o
 .group         0x00000000        0xc obj\debug\src\can\stm_lib\src\stm32f10x_rcc.o
 .group         0x00000000        0xc obj\debug\src\can\stm_lib\src\stm32f10x_rcc.o
 .group         0x00000000        0xc obj\debug\src\can\stm_lib\src\stm32f10x_rcc.o
 .group         0x00000000        0xc obj\debug\src\can\stm_lib\src\stm32f10x_rcc.o
 .group         0x00000000        0xc obj\debug\src\can\stm_lib\src\stm32f10x_rcc.o
 .group         0x00000000        0xc obj\debug\src\can\stm_lib\src\stm32f10x_rcc.o
 .group         0x00000000        0xc obj\debug\src\can\stm_lib\src\stm32f10x_rcc.o
 .group         0x00000000        0xc obj\debug\src\can\stm_lib\src\stm32f10x_rcc.o
 .group         0x00000000        0xc obj\debug\src\can\stm_lib\src\stm32f10x_rcc.o
 .group         0x00000000        0xc obj\debug\src\can\stm_lib\src\stm32f10x_rcc.o
 .group         0x00000000        0xc obj\debug\src\can\stm_lib\src\stm32f10x_rcc.o
 .group         0x00000000        0xc obj\debug\src\can\stm_lib\src\stm32f10x_rcc.o
 .group         0x00000000        0xc obj\debug\src\can\stm_lib\src\stm32f10x_rcc.o
 .group         0x00000000        0xc obj\debug\src\can\stm_lib\src\stm32f10x_rcc.o
 .group         0x00000000        0xc obj\debug\src\can\stm_lib\src\stm32f10x_rcc.o
 .group         0x00000000        0xc obj\debug\src\can\stm_lib\src\stm32f10x_rcc.o
 .group         0x00000000        0xc obj\debug\src\can\stm_lib\src\stm32f10x_rcc.o
 .group         0x00000000        0xc obj\debug\src\can\stm_lib\src\stm32f10x_rcc.o
 .group         0x00000000        0xc obj\debug\src\can\stm_lib\src\stm32f10x_rcc.o
 .group         0x00000000        0xc obj\debug\src\can\stm_lib\src\stm32f10x_rcc.o
 .group         0x00000000        0xc obj\debug\src\can\stm_lib\src\stm32f10x_rcc.o
 .text          0x00000000        0x0 obj\debug\src\can\stm_lib\src\stm32f10x_rcc.o
 .data          0x00000000        0x0 obj\debug\src\can\stm_lib\src\stm32f10x_rcc.o
 .bss           0x00000000        0x0 obj\debug\src\can\stm_lib\src\stm32f10x_rcc.o
 .data.APBAHBPrescTable
                0x00000000       0x10 obj\debug\src\can\stm_lib\src\stm32f10x_rcc.o
 .data.ADCPrescTable
                0x00000000        0x4 obj\debug\src\can\stm_lib\src\stm32f10x_rcc.o
 .text.RCC_DeInit
                0x00000000       0x5c obj\debug\src\can\stm_lib\src\stm32f10x_rcc.o
 .text.RCC_HSEConfig
                0x00000000       0x5c obj\debug\src\can\stm_lib\src\stm32f10x_rcc.o
 .text.RCC_WaitForHSEStartUp
                0x00000000       0x50 obj\debug\src\can\stm_lib\src\stm32f10x_rcc.o
 .text.RCC_AdjustHSICalibrationValue
                0x00000000       0x3c obj\debug\src\can\stm_lib\src\stm32f10x_rcc.o
 .text.RCC_HSICmd
                0x00000000       0x20 obj\debug\src\can\stm_lib\src\stm32f10x_rcc.o
 .text.RCC_PLLConfig
                0x00000000       0x3c obj\debug\src\can\stm_lib\src\stm32f10x_rcc.o
 .text.RCC_PLLCmd
                0x00000000       0x20 obj\debug\src\can\stm_lib\src\stm32f10x_rcc.o
 .text.RCC_SYSCLKConfig
                0x00000000       0x38 obj\debug\src\can\stm_lib\src\stm32f10x_rcc.o
 .text.RCC_GetSYSCLKSource
                0x00000000       0x1c obj\debug\src\can\stm_lib\src\stm32f10x_rcc.o
 .text.RCC_HCLKConfig
                0x00000000       0x38 obj\debug\src\can\stm_lib\src\stm32f10x_rcc.o
 .text.RCC_PCLK1Config
                0x00000000       0x38 obj\debug\src\can\stm_lib\src\stm32f10x_rcc.o
 .text.RCC_PCLK2Config
                0x00000000       0x38 obj\debug\src\can\stm_lib\src\stm32f10x_rcc.o
 .text.RCC_ITConfig
                0x00000000       0x4c obj\debug\src\can\stm_lib\src\stm32f10x_rcc.o
 .text.RCC_USBCLKConfig
                0x00000000       0x1c obj\debug\src\can\stm_lib\src\stm32f10x_rcc.o
 .text.RCC_ADCCLKConfig
                0x00000000       0x38 obj\debug\src\can\stm_lib\src\stm32f10x_rcc.o
 .text.RCC_LSEConfig
                0x00000000       0x40 obj\debug\src\can\stm_lib\src\stm32f10x_rcc.o
 .text.RCC_LSICmd
                0x00000000       0x20 obj\debug\src\can\stm_lib\src\stm32f10x_rcc.o
 .text.RCC_RTCCLKConfig
                0x00000000       0x24 obj\debug\src\can\stm_lib\src\stm32f10x_rcc.o
 .text.RCC_RTCCLKCmd
                0x00000000       0x20 obj\debug\src\can\stm_lib\src\stm32f10x_rcc.o
 .text.RCC_GetClocksFreq
                0x00000000      0x16c obj\debug\src\can\stm_lib\src\stm32f10x_rcc.o
 .text.RCC_AHBPeriphClockCmd
                0x00000000       0x3c obj\debug\src\can\stm_lib\src\stm32f10x_rcc.o
 .text.RCC_APB2PeriphClockCmd
                0x00000000       0x3c obj\debug\src\can\stm_lib\src\stm32f10x_rcc.o
 .text.RCC_APB1PeriphClockCmd
                0x00000000       0x3c obj\debug\src\can\stm_lib\src\stm32f10x_rcc.o
 .text.RCC_APB2PeriphResetCmd
                0x00000000       0x3c obj\debug\src\can\stm_lib\src\stm32f10x_rcc.o
 .text.RCC_APB1PeriphResetCmd
                0x00000000       0x3c obj\debug\src\can\stm_lib\src\stm32f10x_rcc.o
 .text.RCC_BackupResetCmd
                0x00000000       0x20 obj\debug\src\can\stm_lib\src\stm32f10x_rcc.o
 .text.RCC_ClockSecuritySystemCmd
                0x00000000       0x20 obj\debug\src\can\stm_lib\src\stm32f10x_rcc.o
 .text.RCC_MCOConfig
                0x00000000       0x20 obj\debug\src\can\stm_lib\src\stm32f10x_rcc.o
 .text.RCC_GetFlagStatus
                0x00000000       0x74 obj\debug\src\can\stm_lib\src\stm32f10x_rcc.o
 .text.RCC_ClearFlag
                0x00000000       0x1c obj\debug\src\can\stm_lib\src\stm32f10x_rcc.o
 .text.RCC_GetITStatus
                0x00000000       0x34 obj\debug\src\can\stm_lib\src\stm32f10x_rcc.o
 .text.RCC_ClearITPendingBit
                0x00000000       0x20 obj\debug\src\can\stm_lib\src\stm32f10x_rcc.o
 .debug_info    0x00000000      0x9e8 obj\debug\src\can\stm_lib\src\stm32f10x_rcc.o
 .debug_abbrev  0x00000000      0x231 obj\debug\src\can\stm_lib\src\stm32f10x_rcc.o
 .debug_aranges
                0x00000000      0x118 obj\debug\src\can\stm_lib\src\stm32f10x_rcc.o
 .debug_ranges  0x00000000      0x108 obj\debug\src\can\stm_lib\src\stm32f10x_rcc.o
 .debug_macro   0x00000000      0x276 obj\debug\src\can\stm_lib\src\stm32f10x_rcc.o
 .debug_macro   0x00000000      0xaba obj\debug\src\can\stm_lib\src\stm32f10x_rcc.o
 .debug_macro   0x00000000       0x34 obj\debug\src\can\stm_lib\src\stm32f10x_rcc.o
 .debug_macro   0x00000000       0x28 obj\debug\src\can\stm_lib\src\stm32f10x_rcc.o
 .debug_macro   0x00000000       0x22 obj\debug\src\can\stm_lib\src\stm32f10x_rcc.o
 .debug_macro   0x00000000       0x22 obj\debug\src\can\stm_lib\src\stm32f10x_rcc.o
 .debug_macro   0x00000000       0x8e obj\debug\src\can\stm_lib\src\stm32f10x_rcc.o
 .debug_macro   0x00000000       0x51 obj\debug\src\can\stm_lib\src\stm32f10x_rcc.o
 .debug_macro   0x00000000      0x103 obj\debug\src\can\stm_lib\src\stm32f10x_rcc.o
 .debug_macro   0x00000000       0x6a obj\debug\src\can\stm_lib\src\stm32f10x_rcc.o
 .debug_macro   0x00000000      0x1df obj\debug\src\can\stm_lib\src\stm32f10x_rcc.o
 .debug_macro   0x00000000       0x34 obj\debug\src\can\stm_lib\src\stm32f10x_rcc.o
 .debug_macro   0x00000000       0x34 obj\debug\src\can\stm_lib\src\stm32f10x_rcc.o
 .debug_macro   0x00000000      0xb8e obj\debug\src\can\stm_lib\src\stm32f10x_rcc.o
 .debug_macro   0x00000000     0xe6e1 obj\debug\src\can\stm_lib\src\stm32f10x_rcc.o
 .debug_macro   0x00000000       0x43 obj\debug\src\can\stm_lib\src\stm32f10x_rcc.o
 .debug_macro   0x00000000       0x6a obj\debug\src\can\stm_lib\src\stm32f10x_rcc.o
 .debug_macro   0x00000000       0xee obj\debug\src\can\stm_lib\src\stm32f10x_rcc.o
 .debug_macro   0x00000000       0x10 obj\debug\src\can\stm_lib\src\stm32f10x_rcc.o
 .debug_macro   0x00000000       0xb2 obj\debug\src\can\stm_lib\src\stm32f10x_rcc.o
 .debug_macro   0x00000000       0x28 obj\debug\src\can\stm_lib\src\stm32f10x_rcc.o
 .debug_macro   0x00000000      0x118 obj\debug\src\can\stm_lib\src\stm32f10x_rcc.o
 .debug_macro   0x00000000      0x3dc obj\debug\src\can\stm_lib\src\stm32f10x_rcc.o
 .debug_line    0x00000000      0x8c4 obj\debug\src\can\stm_lib\src\stm32f10x_rcc.o
 .debug_str     0x00000000    0x58a10 obj\debug\src\can\stm_lib\src\stm32f10x_rcc.o
 .comment       0x00000000       0x4d obj\debug\src\can\stm_lib\src\stm32f10x_rcc.o
 .debug_frame   0x00000000      0x4f4 obj\debug\src\can\stm_lib\src\stm32f10x_rcc.o
 .ARM.attributes
                0x00000000       0x2d obj\debug\src\can\stm_lib\src\stm32f10x_rcc.o
 .group         0x00000000        0xc obj\debug\src\commands.o
 .group         0x00000000        0xc obj\debug\src\commands.o
 .group         0x00000000        0xc obj\debug\src\commands.o
 .group         0x00000000        0xc obj\debug\src\commands.o
 .group         0x00000000        0xc obj\debug\src\commands.o
 .group         0x00000000        0xc obj\debug\src\commands.o
 .group         0x00000000        0xc obj\debug\src\commands.o
 .group         0x00000000        0xc obj\debug\src\commands.o
 .group         0x00000000        0xc obj\debug\src\commands.o
 .group         0x00000000        0xc obj\debug\src\commands.o
 .group         0x00000000        0xc obj\debug\src\commands.o
 .group         0x00000000        0xc obj\debug\src\commands.o
 .group         0x00000000        0xc obj\debug\src\commands.o
 .group         0x00000000        0xc obj\debug\src\commands.o
 .group         0x00000000        0xc obj\debug\src\commands.o
 .group         0x00000000        0xc obj\debug\src\commands.o
 .group         0x00000000        0xc obj\debug\src\commands.o
 .group         0x00000000        0xc obj\debug\src\commands.o
 .group         0x00000000        0xc obj\debug\src\commands.o
 .group         0x00000000        0xc obj\debug\src\commands.o
 .group         0x00000000        0xc obj\debug\src\commands.o
 .text          0x00000000        0x0 obj\debug\src\commands.o
 .data          0x00000000        0x0 obj\debug\src\commands.o
 .bss           0x00000000        0x0 obj\debug\src\commands.o
 .bss.CAN_responce_buf
                0x00000000        0x4 obj\debug\src\commands.o
 .bss.CAN_responce_idx
                0x00000000        0x1 obj\debug\src\commands.o
 .text.TX_CharCAN
                0x00000000       0x48 obj\debug\src\commands.o
 .text.PrintInt
                0x00000000       0x2a obj\debug\src\commands.o
 .text.PrintFloat
                0x00000000       0x2a obj\debug\src\commands.o
 .text.PrintBool
                0x00000000       0x4c obj\debug\src\commands.o
 .debug_macro   0x00000000      0xaba obj\debug\src\commands.o
 .debug_macro   0x00000000       0x22 obj\debug\src\commands.o
 .debug_macro   0x00000000       0x8e obj\debug\src\commands.o
 .debug_macro   0x00000000       0x51 obj\debug\src\commands.o
 .debug_macro   0x00000000      0x103 obj\debug\src\commands.o
 .debug_macro   0x00000000       0x6a obj\debug\src\commands.o
 .debug_macro   0x00000000      0x1df obj\debug\src\commands.o
 .debug_macro   0x00000000       0x34 obj\debug\src\commands.o
 .debug_macro   0x00000000       0x28 obj\debug\src\commands.o
 .debug_macro   0x00000000       0x22 obj\debug\src\commands.o
 .debug_macro   0x00000000       0x3a obj\debug\src\commands.o
 .debug_macro   0x00000000       0x34 obj\debug\src\commands.o
 .debug_macro   0x00000000      0xb8e obj\debug\src\commands.o
 .debug_macro   0x00000000     0xe6e1 obj\debug\src\commands.o
 .debug_macro   0x00000000       0x43 obj\debug\src\commands.o
 .debug_macro   0x00000000       0x6a obj\debug\src\commands.o
 .debug_macro   0x00000000       0xee obj\debug\src\commands.o
 .debug_macro   0x00000000       0x10 obj\debug\src\commands.o
 .debug_macro   0x00000000       0xb2 obj\debug\src\commands.o
 .debug_macro   0x00000000       0x28 obj\debug\src\commands.o
 .debug_macro   0x00000000      0x118 obj\debug\src\commands.o
 .group         0x00000000        0xc obj\debug\src\dispatcher.o
 .group         0x00000000        0xc obj\debug\src\dispatcher.o
 .group         0x00000000        0xc obj\debug\src\dispatcher.o
 .group         0x00000000        0xc obj\debug\src\dispatcher.o
 .group         0x00000000        0xc obj\debug\src\dispatcher.o
 .group         0x00000000        0xc obj\debug\src\dispatcher.o
 .group         0x00000000        0xc obj\debug\src\dispatcher.o
 .group         0x00000000        0xc obj\debug\src\dispatcher.o
 .group         0x00000000        0xc obj\debug\src\dispatcher.o
 .group         0x00000000        0xc obj\debug\src\dispatcher.o
 .group         0x00000000        0xc obj\debug\src\dispatcher.o
 .group         0x00000000        0xc obj\debug\src\dispatcher.o
 .group         0x00000000        0xc obj\debug\src\dispatcher.o
 .group         0x00000000        0xc obj\debug\src\dispatcher.o
 .group         0x00000000        0xc obj\debug\src\dispatcher.o
 .group         0x00000000        0xc obj\debug\src\dispatcher.o
 .group         0x00000000        0xc obj\debug\src\dispatcher.o
 .group         0x00000000        0xc obj\debug\src\dispatcher.o
 .group         0x00000000        0xc obj\debug\src\dispatcher.o
 .group         0x00000000        0xc obj\debug\src\dispatcher.o
 .group         0x00000000        0xc obj\debug\src\dispatcher.o
 .text          0x00000000        0x0 obj\debug\src\dispatcher.o
 .data          0x00000000        0x0 obj\debug\src\dispatcher.o
 .bss           0x00000000        0x0 obj\debug\src\dispatcher.o
 .text.task_find
                0x00000000       0x6c obj\debug\src\dispatcher.o
 .text.task_runOnce
                0x00000000       0x24 obj\debug\src\dispatcher.o
 .text.task_toggle
                0x00000000       0x44 obj\debug\src\dispatcher.o
 .text.task_cancel
                0x00000000       0x84 obj\debug\src\dispatcher.o
 .text.task_current
                0x00000000       0x1c obj\debug\src\dispatcher.o
 .debug_macro   0x00000000      0xaba obj\debug\src\dispatcher.o
 .debug_macro   0x00000000       0x34 obj\debug\src\dispatcher.o
 .debug_macro   0x00000000       0x28 obj\debug\src\dispatcher.o
 .debug_macro   0x00000000       0x22 obj\debug\src\dispatcher.o
 .debug_macro   0x00000000       0x22 obj\debug\src\dispatcher.o
 .debug_macro   0x00000000       0x8e obj\debug\src\dispatcher.o
 .debug_macro   0x00000000       0x51 obj\debug\src\dispatcher.o
 .debug_macro   0x00000000      0x103 obj\debug\src\dispatcher.o
 .debug_macro   0x00000000       0x6a obj\debug\src\dispatcher.o
 .debug_macro   0x00000000      0x1df obj\debug\src\dispatcher.o
 .debug_macro   0x00000000       0x34 obj\debug\src\dispatcher.o
 .debug_macro   0x00000000       0x34 obj\debug\src\dispatcher.o
 .debug_macro   0x00000000      0xb8e obj\debug\src\dispatcher.o
 .debug_macro   0x00000000     0xe6e1 obj\debug\src\dispatcher.o
 .debug_macro   0x00000000       0x43 obj\debug\src\dispatcher.o
 .debug_macro   0x00000000       0x6a obj\debug\src\dispatcher.o
 .debug_macro   0x00000000       0xee obj\debug\src\dispatcher.o
 .debug_macro   0x00000000       0x10 obj\debug\src\dispatcher.o
 .debug_macro   0x00000000       0xb2 obj\debug\src\dispatcher.o
 .debug_macro   0x00000000       0x28 obj\debug\src\dispatcher.o
 .debug_macro   0x00000000      0x118 obj\debug\src\dispatcher.o
 .group         0x00000000        0xc obj\debug\src\usart.o
 .group         0x00000000        0xc obj\debug\src\usart.o
 .group         0x00000000        0xc obj\debug\src\usart.o
 .group         0x00000000        0xc obj\debug\src\usart.o
 .group         0x00000000        0xc obj\debug\src\usart.o
 .group         0x00000000        0xc obj\debug\src\usart.o
 .group         0x00000000        0xc obj\debug\src\usart.o
 .group         0x00000000        0xc obj\debug\src\usart.o
 .group         0x00000000        0xc obj\debug\src\usart.o
 .group         0x00000000        0xc obj\debug\src\usart.o
 .group         0x00000000        0xc obj\debug\src\usart.o
 .group         0x00000000        0xc obj\debug\src\usart.o
 .group         0x00000000        0xc obj\debug\src\usart.o
 .group         0x00000000        0xc obj\debug\src\usart.o
 .group         0x00000000        0xc obj\debug\src\usart.o
 .group         0x00000000        0xc obj\debug\src\usart.o
 .group         0x00000000        0xc obj\debug\src\usart.o
 .group         0x00000000        0xc obj\debug\src\usart.o
 .group         0x00000000        0xc obj\debug\src\usart.o
 .group         0x00000000        0xc obj\debug\src\usart.o
 .group         0x00000000        0xc obj\debug\src\usart.o
 .text          0x00000000        0x0 obj\debug\src\usart.o
 .data          0x00000000        0x0 obj\debug\src\usart.o
 .bss           0x00000000        0x0 obj\debug\src\usart.o
 .debug_macro   0x00000000      0xaba obj\debug\src\usart.o
 .debug_macro   0x00000000       0x22 obj\debug\src\usart.o
 .debug_macro   0x00000000       0x8e obj\debug\src\usart.o
 .debug_macro   0x00000000       0x51 obj\debug\src\usart.o
 .debug_macro   0x00000000      0x103 obj\debug\src\usart.o
 .debug_macro   0x00000000       0x6a obj\debug\src\usart.o
 .debug_macro   0x00000000      0x1df obj\debug\src\usart.o
 .debug_macro   0x00000000       0x34 obj\debug\src\usart.o
 .debug_macro   0x00000000       0x28 obj\debug\src\usart.o
 .debug_macro   0x00000000       0x22 obj\debug\src\usart.o
 .debug_macro   0x00000000       0x3a obj\debug\src\usart.o
 .debug_macro   0x00000000       0x34 obj\debug\src\usart.o
 .debug_macro   0x00000000      0xb8e obj\debug\src\usart.o
 .debug_macro   0x00000000     0xe6e1 obj\debug\src\usart.o
 .debug_macro   0x00000000       0x43 obj\debug\src\usart.o
 .debug_macro   0x00000000       0x6a obj\debug\src\usart.o
 .debug_macro   0x00000000       0xee obj\debug\src\usart.o
 .debug_macro   0x00000000       0xb2 obj\debug\src\usart.o
 .debug_macro   0x00000000       0x28 obj\debug\src\usart.o
 .debug_macro   0x00000000      0x118 obj\debug\src\usart.o
 .debug_macro   0x00000000       0x10 obj\debug\src\usart.o
 .data          0x00000000        0x0 obj\debug\startup\gcc_startup_stm32f10x_md.o
 .bss           0x00000000        0x0 obj\debug\startup\gcc_startup_stm32f10x_md.o
 .group         0x00000000        0xc obj\debug\startup\init.o
 .group         0x00000000        0xc obj\debug\startup\init.o
 .group         0x00000000        0xc obj\debug\startup\init.o
 .group         0x00000000        0xc obj\debug\startup\init.o
 .group         0x00000000        0xc obj\debug\startup\init.o
 .group         0x00000000        0xc obj\debug\startup\init.o
 .group         0x00000000        0xc obj\debug\startup\init.o
 .group         0x00000000        0xc obj\debug\startup\init.o
 .group         0x00000000        0xc obj\debug\startup\init.o
 .group         0x00000000        0xc obj\debug\startup\init.o
 .group         0x00000000        0xc obj\debug\startup\init.o
 .group         0x00000000        0xc obj\debug\startup\init.o
 .group         0x00000000        0xc obj\debug\startup\init.o
 .group         0x00000000        0xc obj\debug\startup\init.o
 .group         0x00000000        0xc obj\debug\startup\init.o
 .group         0x00000000        0xc obj\debug\startup\init.o
 .group         0x00000000        0xc obj\debug\startup\init.o
 .group         0x00000000        0xc obj\debug\startup\init.o
 .group         0x00000000        0xc obj\debug\startup\init.o
 .group         0x00000000        0xc obj\debug\startup\init.o
 .group         0x00000000        0xc obj\debug\startup\init.o
 .group         0x00000000        0xc obj\debug\startup\init.o
 .text          0x00000000        0x0 obj\debug\startup\init.o
 .data          0x00000000        0x0 obj\debug\startup\init.o
 .bss           0x00000000        0x0 obj\debug\startup\init.o
 .text.GetMicroseconds
                0x00000000       0xb4 obj\debug\startup\init.o
 .text.Delay_us2
                0x00000000       0x3a obj\debug\startup\init.o
 .text.init_rcc_72
                0x00000000       0xa8 obj\debug\startup\init.o
 .debug_macro   0x00000000      0xaba obj\debug\startup\init.o
 .debug_macro   0x00000000       0x34 obj\debug\startup\init.o
 .debug_macro   0x00000000       0x28 obj\debug\startup\init.o
 .debug_macro   0x00000000       0x22 obj\debug\startup\init.o
 .debug_macro   0x00000000       0x22 obj\debug\startup\init.o
 .debug_macro   0x00000000       0x8e obj\debug\startup\init.o
 .debug_macro   0x00000000       0x51 obj\debug\startup\init.o
 .debug_macro   0x00000000      0x103 obj\debug\startup\init.o
 .debug_macro   0x00000000       0x6a obj\debug\startup\init.o
 .debug_macro   0x00000000      0x1df obj\debug\startup\init.o
 .debug_macro   0x00000000       0x34 obj\debug\startup\init.o
 .debug_macro   0x00000000       0x34 obj\debug\startup\init.o
 .debug_macro   0x00000000      0xb8e obj\debug\startup\init.o
 .debug_macro   0x00000000     0xe6e1 obj\debug\startup\init.o
 .debug_macro   0x00000000       0x43 obj\debug\startup\init.o
 .debug_macro   0x00000000       0x6a obj\debug\startup\init.o
 .debug_macro   0x00000000       0xee obj\debug\startup\init.o
 .debug_macro   0x00000000       0x10 obj\debug\startup\init.o
 .debug_macro   0x00000000       0xb2 obj\debug\startup\init.o
 .debug_macro   0x00000000       0x28 obj\debug\startup\init.o
 .debug_macro   0x00000000      0x118 obj\debug\startup\init.o
 .debug_macro   0x00000000      0x3dc obj\debug\startup\init.o
 .text          0x00000000      0x254 c:/program files (x86)/embitz/2.50/share/armgcc/bin/../lib/gcc/arm-none-eabi/9.3.1/thumb/v7-m/nofp\libgcc.a(_arm_muldf3.o)
 .data          0x00000000        0x0 c:/program files (x86)/embitz/2.50/share/armgcc/bin/../lib/gcc/arm-none-eabi/9.3.1/thumb/v7-m/nofp\libgcc.a(_arm_muldf3.o)
 .bss           0x00000000        0x0 c:/program files (x86)/embitz/2.50/share/armgcc/bin/../lib/gcc/arm-none-eabi/9.3.1/thumb/v7-m/nofp\libgcc.a(_arm_muldf3.o)
 .debug_frame   0x00000000       0x30 c:/program files (x86)/embitz/2.50/share/armgcc/bin/../lib/gcc/arm-none-eabi/9.3.1/thumb/v7-m/nofp\libgcc.a(_arm_muldf3.o)
 .ARM.attributes
                0x00000000       0x1d c:/program files (x86)/embitz/2.50/share/armgcc/bin/../lib/gcc/arm-none-eabi/9.3.1/thumb/v7-m/nofp\libgcc.a(_arm_muldf3.o)
 .text          0x00000000      0x168 c:/program files (x86)/embitz/2.50/share/armgcc/bin/../lib/gcc/arm-none-eabi/9.3.1/thumb/v7-m/nofp\libgcc.a(_arm_mulsf3.o)
 .data          0x00000000        0x0 c:/program files (x86)/embitz/2.50/share/armgcc/bin/../lib/gcc/arm-none-eabi/9.3.1/thumb/v7-m/nofp\libgcc.a(_arm_mulsf3.o)
 .bss           0x00000000        0x0 c:/program files (x86)/embitz/2.50/share/armgcc/bin/../lib/gcc/arm-none-eabi/9.3.1/thumb/v7-m/nofp\libgcc.a(_arm_mulsf3.o)
 .debug_frame   0x00000000       0x24 c:/program files (x86)/embitz/2.50/share/armgcc/bin/../lib/gcc/arm-none-eabi/9.3.1/thumb/v7-m/nofp\libgcc.a(_arm_mulsf3.o)
 .ARM.attributes
                0x00000000       0x1d c:/program files (x86)/embitz/2.50/share/armgcc/bin/../lib/gcc/arm-none-eabi/9.3.1/thumb/v7-m/nofp\libgcc.a(_arm_mulsf3.o)
 .text          0x00000000      0x378 c:/program files (x86)/embitz/2.50/share/armgcc/bin/../lib/gcc/arm-none-eabi/9.3.1/thumb/v7-m/nofp\libgcc.a(_arm_addsubdf3.o)
 .data          0x00000000        0x0 c:/program files (x86)/embitz/2.50/share/armgcc/bin/../lib/gcc/arm-none-eabi/9.3.1/thumb/v7-m/nofp\libgcc.a(_arm_addsubdf3.o)
 .bss           0x00000000        0x0 c:/program files (x86)/embitz/2.50/share/armgcc/bin/../lib/gcc/arm-none-eabi/9.3.1/thumb/v7-m/nofp\libgcc.a(_arm_addsubdf3.o)
 .debug_frame   0x00000000       0xac c:/program files (x86)/embitz/2.50/share/armgcc/bin/../lib/gcc/arm-none-eabi/9.3.1/thumb/v7-m/nofp\libgcc.a(_arm_addsubdf3.o)
 .ARM.attributes
                0x00000000       0x1d c:/program files (x86)/embitz/2.50/share/armgcc/bin/../lib/gcc/arm-none-eabi/9.3.1/thumb/v7-m/nofp\libgcc.a(_arm_addsubdf3.o)
 .text          0x00000000       0xa0 c:/program files (x86)/embitz/2.50/share/armgcc/bin/../lib/gcc/arm-none-eabi/9.3.1/thumb/v7-m/nofp\libgcc.a(_arm_truncdfsf2.o)
 .data          0x00000000        0x0 c:/program files (x86)/embitz/2.50/share/armgcc/bin/../lib/gcc/arm-none-eabi/9.3.1/thumb/v7-m/nofp\libgcc.a(_arm_truncdfsf2.o)
 .bss           0x00000000        0x0 c:/program files (x86)/embitz/2.50/share/armgcc/bin/../lib/gcc/arm-none-eabi/9.3.1/thumb/v7-m/nofp\libgcc.a(_arm_truncdfsf2.o)
 .debug_frame   0x00000000       0x24 c:/program files (x86)/embitz/2.50/share/armgcc/bin/../lib/gcc/arm-none-eabi/9.3.1/thumb/v7-m/nofp\libgcc.a(_arm_truncdfsf2.o)
 .ARM.attributes
                0x00000000       0x1d c:/program files (x86)/embitz/2.50/share/armgcc/bin/../lib/gcc/arm-none-eabi/9.3.1/thumb/v7-m/nofp\libgcc.a(_arm_truncdfsf2.o)
 .text          0x00000000      0x21c c:/program files (x86)/embitz/2.50/share/armgcc/bin/../lib/gcc/arm-none-eabi/9.3.1/thumb/v7-m/nofp\libgcc.a(_arm_addsubsf3.o)
 .data          0x00000000        0x0 c:/program files (x86)/embitz/2.50/share/armgcc/bin/../lib/gcc/arm-none-eabi/9.3.1/thumb/v7-m/nofp\libgcc.a(_arm_addsubsf3.o)
 .bss           0x00000000        0x0 c:/program files (x86)/embitz/2.50/share/armgcc/bin/../lib/gcc/arm-none-eabi/9.3.1/thumb/v7-m/nofp\libgcc.a(_arm_addsubsf3.o)
 .debug_frame   0x00000000       0x4c c:/program files (x86)/embitz/2.50/share/armgcc/bin/../lib/gcc/arm-none-eabi/9.3.1/thumb/v7-m/nofp\libgcc.a(_arm_addsubsf3.o)
 .ARM.attributes
                0x00000000       0x1d c:/program files (x86)/embitz/2.50/share/armgcc/bin/../lib/gcc/arm-none-eabi/9.3.1/thumb/v7-m/nofp\libgcc.a(_arm_addsubsf3.o)
 .text          0x00000000       0xec c:/program files (x86)/embitz/2.50/share/armgcc/bin/../lib/gcc/arm-none-eabi/9.3.1/thumb/v7-m/nofp\libgcc.a(_arm_cmpsf2.o)
 .data          0x00000000        0x0 c:/program files (x86)/embitz/2.50/share/armgcc/bin/../lib/gcc/arm-none-eabi/9.3.1/thumb/v7-m/nofp\libgcc.a(_arm_cmpsf2.o)
 .bss           0x00000000        0x0 c:/program files (x86)/embitz/2.50/share/armgcc/bin/../lib/gcc/arm-none-eabi/9.3.1/thumb/v7-m/nofp\libgcc.a(_arm_cmpsf2.o)
 .debug_frame   0x00000000       0xc8 c:/program files (x86)/embitz/2.50/share/armgcc/bin/../lib/gcc/arm-none-eabi/9.3.1/thumb/v7-m/nofp\libgcc.a(_arm_cmpsf2.o)
 .ARM.attributes
                0x00000000       0x1d c:/program files (x86)/embitz/2.50/share/armgcc/bin/../lib/gcc/arm-none-eabi/9.3.1/thumb/v7-m/nofp\libgcc.a(_arm_cmpsf2.o)
 .text          0x00000000        0x0 c:/program files (x86)/embitz/2.50/share/armgcc/bin/../lib/gcc/arm-none-eabi/9.3.1/../../../../arm-none-eabi/lib/thumb/v7-m/nofp\libg_nano.a(lib_a-exit.o)
 .data          0x00000000        0x0 c:/program files (x86)/embitz/2.50/share/armgcc/bin/../lib/gcc/arm-none-eabi/9.3.1/../../../../arm-none-eabi/lib/thumb/v7-m/nofp\libg_nano.a(lib_a-exit.o)
 .bss           0x00000000        0x0 c:/program files (x86)/embitz/2.50/share/armgcc/bin/../lib/gcc/arm-none-eabi/9.3.1/../../../../arm-none-eabi/lib/thumb/v7-m/nofp\libg_nano.a(lib_a-exit.o)
 .text          0x00000000        0x0 c:/program files (x86)/embitz/2.50/share/armgcc/bin/../lib/gcc/arm-none-eabi/9.3.1/../../../../arm-none-eabi/lib/thumb/v7-m/nofp\libg_nano.a(lib_a-impure.o)
 .data          0x00000000        0x0 c:/program files (x86)/embitz/2.50/share/armgcc/bin/../lib/gcc/arm-none-eabi/9.3.1/../../../../arm-none-eabi/lib/thumb/v7-m/nofp\libg_nano.a(lib_a-impure.o)
 .bss           0x00000000        0x0 c:/program files (x86)/embitz/2.50/share/armgcc/bin/../lib/gcc/arm-none-eabi/9.3.1/../../../../arm-none-eabi/lib/thumb/v7-m/nofp\libg_nano.a(lib_a-impure.o)
 .data._impure_ptr
                0x00000000        0x4 c:/program files (x86)/embitz/2.50/share/armgcc/bin/../lib/gcc/arm-none-eabi/9.3.1/../../../../arm-none-eabi/lib/thumb/v7-m/nofp\libg_nano.a(lib_a-impure.o)
 .text          0x00000000        0x0 c:/program files (x86)/embitz/2.50/share/armgcc/bin/../lib/gcc/arm-none-eabi/9.3.1/../../../../arm-none-eabi/lib/thumb/v7-m/nofp\libg_nano.a(lib_a-init.o)
 .data          0x00000000        0x0 c:/program files (x86)/embitz/2.50/share/armgcc/bin/../lib/gcc/arm-none-eabi/9.3.1/../../../../arm-none-eabi/lib/thumb/v7-m/nofp\libg_nano.a(lib_a-init.o)
 .bss           0x00000000        0x0 c:/program files (x86)/embitz/2.50/share/armgcc/bin/../lib/gcc/arm-none-eabi/9.3.1/../../../../arm-none-eabi/lib/thumb/v7-m/nofp\libg_nano.a(lib_a-init.o)
 .text          0x00000000        0x0 c:/program files (x86)/embitz/2.50/share/armgcc/bin/../lib/gcc/arm-none-eabi/9.3.1/../../../../arm-none-eabi/lib/thumb/v7-m/nofp\libg_nano.a(lib_a-memset.o)
 .data          0x00000000        0x0 c:/program files (x86)/embitz/2.50/share/armgcc/bin/../lib/gcc/arm-none-eabi/9.3.1/../../../../arm-none-eabi/lib/thumb/v7-m/nofp\libg_nano.a(lib_a-memset.o)
 .bss           0x00000000        0x0 c:/program files (x86)/embitz/2.50/share/armgcc/bin/../lib/gcc/arm-none-eabi/9.3.1/../../../../arm-none-eabi/lib/thumb/v7-m/nofp\libg_nano.a(lib_a-memset.o)
 .text          0x00000000       0x10 c:/program files (x86)/embitz/2.50/share/armgcc/bin/../lib/gcc/arm-none-eabi/9.3.1/../../../../arm-none-eabi/lib/thumb/v7-m/nofp\libg_nano.a(lib_a-strlen.o)
 .data          0x00000000        0x0 c:/program files (x86)/embitz/2.50/share/armgcc/bin/../lib/gcc/arm-none-eabi/9.3.1/../../../../arm-none-eabi/lib/thumb/v7-m/nofp\libg_nano.a(lib_a-strlen.o)
 .bss           0x00000000        0x0 c:/program files (x86)/embitz/2.50/share/armgcc/bin/../lib/gcc/arm-none-eabi/9.3.1/../../../../arm-none-eabi/lib/thumb/v7-m/nofp\libg_nano.a(lib_a-strlen.o)
 .ARM.attributes
                0x00000000       0x17 c:/program files (x86)/embitz/2.50/share/armgcc/bin/../lib/gcc/arm-none-eabi/9.3.1/../../../../arm-none-eabi/lib/thumb/v7-m/nofp\libg_nano.a(lib_a-strlen.o)
 .text          0x00000000        0x0 c:/program files (x86)/embitz/2.50/share/armgcc/bin/../lib/gcc/arm-none-eabi/9.3.1/../../../../arm-none-eabi/lib/thumb/v7-m/nofp\libnosys.a(_exit.o)
 .data          0x00000000        0x0 c:/program files (x86)/embitz/2.50/share/armgcc/bin/../lib/gcc/arm-none-eabi/9.3.1/../../../../arm-none-eabi/lib/thumb/v7-m/nofp\libnosys.a(_exit.o)
 .bss           0x00000000        0x0 c:/program files (x86)/embitz/2.50/share/armgcc/bin/../lib/gcc/arm-none-eabi/9.3.1/../../../../arm-none-eabi/lib/thumb/v7-m/nofp\libnosys.a(_exit.o)
 .text          0x00000000        0x0 c:/program files (x86)/embitz/2.50/share/armgcc/bin/../lib/gcc/arm-none-eabi/9.3.1/thumb/v7-m/nofp/crtend.o
 .data          0x00000000        0x0 c:/program files (x86)/embitz/2.50/share/armgcc/bin/../lib/gcc/arm-none-eabi/9.3.1/thumb/v7-m/nofp/crtend.o
 .bss           0x00000000        0x0 c:/program files (x86)/embitz/2.50/share/armgcc/bin/../lib/gcc/arm-none-eabi/9.3.1/thumb/v7-m/nofp/crtend.o
 .text          0x00000000        0x0 c:/program files (x86)/embitz/2.50/share/armgcc/bin/../lib/gcc/arm-none-eabi/9.3.1/thumb/v7-m/nofp/crtn.o
 .data          0x00000000        0x0 c:/program files (x86)/embitz/2.50/share/armgcc/bin/../lib/gcc/arm-none-eabi/9.3.1/thumb/v7-m/nofp/crtn.o
 .bss           0x00000000        0x0 c:/program files (x86)/embitz/2.50/share/armgcc/bin/../lib/gcc/arm-none-eabi/9.3.1/thumb/v7-m/nofp/crtn.o

Memory Configuration

Name             Origin             Length             Attributes
ROM              0x08000000         0x00010000         xr
RAM              0x20000000         0x00005000         xrw
*default*        0x00000000         0xffffffff

Linker script and memory map

LOAD c:/program files (x86)/embitz/2.50/share/armgcc/bin/../lib/gcc/arm-none-eabi/9.3.1/thumb/v7-m/nofp/crti.o
LOAD c:/program files (x86)/embitz/2.50/share/armgcc/bin/../lib/gcc/arm-none-eabi/9.3.1/thumb/v7-m/nofp/crtbegin.o
LOAD c:/program files (x86)/embitz/2.50/share/armgcc/bin/../lib/gcc/arm-none-eabi/9.3.1/../../../../arm-none-eabi/lib/thumb/v7-m/nofp/crt0.o
                0x00000000                __HEAP_SIZE = 0x0
                0x00000100                __STACK_SIZE = 0x100

.text           0x08000000      0xf70
 *(.isr_vector)
 .isr_vector    0x08000000       0xec obj\debug\startup\gcc_startup_stm32f10x_md.o
                0x08000000                __isr_vector
 *(.text*)
 .text          0x080000ec       0x40 c:/program files (x86)/embitz/2.50/share/armgcc/bin/../lib/gcc/arm-none-eabi/9.3.1/thumb/v7-m/nofp/crtbegin.o
 .text          0x0800012c       0x7c c:/program files (x86)/embitz/2.50/share/armgcc/bin/../lib/gcc/arm-none-eabi/9.3.1/../../../../arm-none-eabi/lib/thumb/v7-m/nofp/crt0.o
                0x0800012c                _stack_init
                0x08000134                _start
                0x08000134                _mainCRTStartup
 .text.main     0x080001a8       0x2c obj\debug\main.o
                0x080001a8                main
 .text.init_565RU6
                0x080001d4      0x120 obj\debug\src\565ru6.o
                0x080001d4                init_565RU6
 .text.set_lo_adr_556RU6
                0x080002f4       0xb4 obj\debug\src\565ru6.o
                0x080002f4                set_lo_adr_556RU6
 .text.regen_556RU6
                0x080003a8       0x50 obj\debug\src\565ru6.o
                0x080003a8                regen_556RU6
 .text.start_556RU6
                0x080003f8       0x30 obj\debug\src\565ru6.o
                0x080003f8                start_556RU6
 .text.CompareExchange8
                0x08000428       0x56 obj\debug\src\atomic.o
                0x08000428                CompareExchange8
 *fill*         0x0800047e        0x2 
 .text.TX_CharUART
                0x08000480       0x38 obj\debug\src\commands.o
                0x08000480                TX_CharUART
 .text.PrintText
                0x080004b8       0x2c obj\debug\src\commands.o
                0x080004b8                PrintText
 .text.ExecuteTextCommand
                0x080004e4       0x74 obj\debug\src\commands.o
                0x080004e4                ExecuteTextCommand
 .text.GetSysTick
                0x08000558       0x14 obj\debug\src\dispatcher.o
 .text.task_insert
                0x0800056c       0xf0 obj\debug\src\dispatcher.o
                0x0800056c                task_insert
 .text.task_run
                0x0800065c       0x26 obj\debug\src\dispatcher.o
                0x0800065c                task_run
 *fill*         0x08000682        0x2 
 .text.task_reset
                0x08000684       0xa0 obj\debug\src\dispatcher.o
                0x08000684                task_reset
 .text.process_tasks_for_period
                0x08000724      0x118 obj\debug\src\dispatcher.o
                0x08000724                process_tasks_for_period
 .text.process_tasks
                0x0800083c       0x48 obj\debug\src\dispatcher.o
                0x0800083c                process_tasks
 .text.NVIC_EnableIRQ
                0x08000884       0x30 obj\debug\src\usart.o
 .text.NVIC_SetPriority
                0x080008b4       0x54 obj\debug\src\usart.o
 .text.init_usart
                0x08000908      0x16c obj\debug\src\usart.o
                0x08000908                init_usart
 .text.usart_transmit
                0x08000a74       0x2a obj\debug\src\usart.o
                0x08000a74                usart_transmit
 .text.USART_CommonHandler
                0x08000a9e       0x8a obj\debug\src\usart.o
 .text.USART1_IRQHandler
                0x08000b28       0x1c obj\debug\src\usart.o
                0x08000b28                USART1_IRQHandler
 .text.USART2_IRQHandler
                0x08000b44       0x1c obj\debug\src\usart.o
                0x08000b44                USART2_IRQHandler
 .text.USART3_IRQHandler
                0x08000b60       0x1c obj\debug\src\usart.o
                0x08000b60                USART3_IRQHandler
 .text          0x08000b7c       0xb8 obj\debug\startup\gcc_startup_stm32f10x_md.o
                0x08000b7c                Reset_Handler
                0x08000bc2                NMI_Handler
                0x08000bc4                HardFault_Handler
                0x08000bc6                MemManage_Handler
                0x08000bc8                BusFault_Handler
                0x08000bca                UsageFault_Handler
                0x08000bcc                SVC_Handler
                0x08000bce                DebugMon_Handler
                0x08000bd0                PendSV_Handler
                0x08000bd4                Default_Handler
                0x08000bd6                WWDG_IRQHandler
                0x08000bd8                PVD_IRQHandler
                0x08000bda                TAMPER_IRQHandler
                0x08000bdc                RTC_IRQHandler
                0x08000bde                FLASH_IRQHandler
                0x08000be0                RCC_IRQHandler
                0x08000be2                EXTI0_IRQHandler
                0x08000be4                EXTI1_IRQHandler
                0x08000be6                EXTI2_IRQHandler
                0x08000be8                EXTI3_IRQHandler
                0x08000bea                EXTI4_IRQHandler
                0x08000bec                DMA1_Channel1_IRQHandler
                0x08000bee                DMA1_Channel2_IRQHandler
                0x08000bf0                DMA1_Channel3_IRQHandler
                0x08000bf2                DMA1_Channel4_IRQHandler
                0x08000bf4                DMA1_Channel5_IRQHandler
                0x08000bf6                DMA1_Channel6_IRQHandler
                0x08000bf8                DMA1_Channel7_IRQHandler
                0x08000bfa                ADC1_2_IRQHandler
                0x08000bfc                USB_HP_CAN1_TX_IRQHandler
                0x08000bfe                USB_LP_CAN1_RX0_IRQHandler
                0x08000c00                CAN1_RX1_IRQHandler
                0x08000c02                CAN1_SCE_IRQHandler
                0x08000c04                EXTI9_5_IRQHandler
                0x08000c06                TIM1_BRK_IRQHandler
                0x08000c08                TIM1_UP_IRQHandler
                0x08000c0a                TIM1_TRG_COM_IRQHandler
                0x08000c0c                TIM1_CC_IRQHandler
                0x08000c0e                TIM2_IRQHandler
                0x08000c10                TIM3_IRQHandler
                0x08000c12                TIM4_IRQHandler
                0x08000c14                I2C1_EV_IRQHandler
                0x08000c16                I2C1_ER_IRQHandler
                0x08000c18                I2C2_EV_IRQHandler
                0x08000c1a                I2C2_ER_IRQHandler
                0x08000c1c                SPI1_IRQHandler
                0x08000c1e                SPI2_IRQHandler
                0x08000c26                EXTI15_10_IRQHandler
                0x08000c28                RTCAlarm_IRQHandler
                0x08000c2a                USBWakeUp_IRQHandler
 .text.SysTick_Handler
                0x08000c34       0x1c obj\debug\startup\init.o
                0x08000c34                SysTick_Handler
 .text.Delay_us
                0x08000c50       0x40 obj\debug\startup\init.o
                0x08000c50                Delay_us
 .text.init_rcc
                0x08000c90       0xa4 obj\debug\startup\init.o
 .text.init_gpio
                0x08000d34       0x2c obj\debug\startup\init.o
                0x08000d34                init_gpio
 .text.ParseUARTCommand
                0x08000d60       0x24 obj\debug\startup\init.o
                0x08000d60                ParseUARTCommand
 .text.ParseCommand
                0x08000d84       0x70 obj\debug\startup\init.o
 .text.USART_Handler
                0x08000df4       0x70 obj\debug\startup\init.o
 .text.InitHardware
                0x08000e64       0x30 obj\debug\startup\init.o
                0x08000e64                InitHardware
 .text.SystemInit
                0x08000e94        0xc obj\debug\startup\init.o
                0x08000e94                SystemInit
 .text.exit     0x08000ea0       0x28 c:/program files (x86)/embitz/2.50/share/armgcc/bin/../lib/gcc/arm-none-eabi/9.3.1/../../../../arm-none-eabi/lib/thumb/v7-m/nofp\libg_nano.a(lib_a-exit.o)
                0x08000ea0                exit
 .text.__libc_init_array
                0x08000ec8       0x48 c:/program files (x86)/embitz/2.50/share/armgcc/bin/../lib/gcc/arm-none-eabi/9.3.1/../../../../arm-none-eabi/lib/thumb/v7-m/nofp\libg_nano.a(lib_a-init.o)
                0x08000ec8                __libc_init_array
 .text.memset   0x08000f10       0x10 c:/program files (x86)/embitz/2.50/share/armgcc/bin/../lib/gcc/arm-none-eabi/9.3.1/../../../../arm-none-eabi/lib/thumb/v7-m/nofp\libg_nano.a(lib_a-memset.o)
                0x08000f10                memset
 .text._exit    0x08000f20        0x4 c:/program files (x86)/embitz/2.50/share/armgcc/bin/../lib/gcc/arm-none-eabi/9.3.1/../../../../arm-none-eabi/lib/thumb/v7-m/nofp\libnosys.a(_exit.o)
                0x08000f20                _exit
 *(.init)
 .init          0x08000f24        0x4 c:/program files (x86)/embitz/2.50/share/armgcc/bin/../lib/gcc/arm-none-eabi/9.3.1/thumb/v7-m/nofp/crti.o
                0x08000f24                _init
 .init          0x08000f28        0x8 c:/program files (x86)/embitz/2.50/share/armgcc/bin/../lib/gcc/arm-none-eabi/9.3.1/thumb/v7-m/nofp/crtn.o
 *(.fini)
 .fini          0x08000f30        0x4 c:/program files (x86)/embitz/2.50/share/armgcc/bin/../lib/gcc/arm-none-eabi/9.3.1/thumb/v7-m/nofp/crti.o
                0x08000f30                _fini
 .fini          0x08000f34        0x8 c:/program files (x86)/embitz/2.50/share/armgcc/bin/../lib/gcc/arm-none-eabi/9.3.1/thumb/v7-m/nofp/crtn.o
 *crtbegin.o(.ctors)
 *crtbegin?.o(.ctors)
 *(EXCLUDE_FILE(*crtend.o *crtend?.o) .ctors)
 *(SORT_BY_NAME(.ctors.*))
 *(.ctors)
 *crtbegin.o(.dtors)
 *crtbegin?.o(.dtors)
 *(EXCLUDE_FILE(*crtend.o *crtend?.o) .dtors)
 *(SORT_BY_NAME(.dtors.*))
 *(.dtors)
 *(.rodata*)
 .rodata        0x08000f3c       0x2a obj\debug\src\commands.o
 *fill*         0x08000f66        0x2 
 .rodata._global_impure_ptr
                0x08000f68        0x4 c:/program files (x86)/embitz/2.50/share/armgcc/bin/../lib/gcc/arm-none-eabi/9.3.1/../../../../arm-none-eabi/lib/thumb/v7-m/nofp\libg_nano.a(lib_a-impure.o)
                0x08000f68                _global_impure_ptr
 *(.eh_frame*)
 .eh_frame      0x08000f6c        0x0 c:/program files (x86)/embitz/2.50/share/armgcc/bin/../lib/gcc/arm-none-eabi/9.3.1/thumb/v7-m/nofp/crtbegin.o
 .eh_frame      0x08000f6c        0x4 c:/program files (x86)/embitz/2.50/share/armgcc/bin/../lib/gcc/arm-none-eabi/9.3.1/thumb/v7-m/nofp/crtend.o

.glue_7         0x08000f70        0x0
 .glue_7        0x08000f70        0x0 linker stubs

.glue_7t        0x08000f70        0x0
 .glue_7t       0x08000f70        0x0 linker stubs

.vfp11_veneer   0x08000f70        0x0
 .vfp11_veneer  0x08000f70        0x0 linker stubs

.v4_bx          0x08000f70        0x0
 .v4_bx         0x08000f70        0x0 linker stubs

.iplt           0x08000f70        0x0
 .iplt          0x08000f70        0x0 c:/program files (x86)/embitz/2.50/share/armgcc/bin/../lib/gcc/arm-none-eabi/9.3.1/thumb/v7-m/nofp/crtbegin.o

.ARM.extab
 *(.ARM.extab* .gnu.linkonce.armextab.*)
                0x08000f70                __exidx_start = .

.ARM.exidx      0x08000f70        0x8
 *(.ARM.exidx* .gnu.linkonce.armexidx.*)
 .ARM.exidx     0x08000f70        0x8 c:/program files (x86)/embitz/2.50/share/armgcc/bin/../lib/gcc/arm-none-eabi/9.3.1/../../../../arm-none-eabi/lib/thumb/v7-m/nofp/crt0.o
                                 0x10 (size before relaxing)
                0x08000f78                __exidx_end = .
                0x08000f78                __etext = .

.rel.dyn        0x08000f78        0x0
 .rel.iplt      0x08000f78        0x0 c:/program files (x86)/embitz/2.50/share/armgcc/bin/../lib/gcc/arm-none-eabi/9.3.1/thumb/v7-m/nofp/crtbegin.o

.data           0x20000000       0x68 load address 0x08000f78
                0x20000000                __data_start__ = .
 *(vtable)
 *(.data*)
 .data.impure_data
                0x20000000       0x60 c:/program files (x86)/embitz/2.50/share/armgcc/bin/../lib/gcc/arm-none-eabi/9.3.1/../../../../arm-none-eabi/lib/thumb/v7-m/nofp\libg_nano.a(lib_a-impure.o)
                0x20000060                . = ALIGN (0x4)
                0x20000060                PROVIDE (__preinit_array_start = .)
 *(.preinit_array)
                0x20000060                PROVIDE (__preinit_array_end = .)
                0x20000060                . = ALIGN (0x4)
                0x20000060                PROVIDE (__init_array_start = .)
 *(SORT_BY_NAME(.init_array.*))
 *(.init_array)
 .init_array    0x20000060        0x4 c:/program files (x86)/embitz/2.50/share/armgcc/bin/../lib/gcc/arm-none-eabi/9.3.1/thumb/v7-m/nofp/crtbegin.o
                0x20000064                PROVIDE (__init_array_end = .)
                0x20000064                . = ALIGN (0x4)
                [!provide]                PROVIDE (__fini_array_start = .)
 *(SORT_BY_NAME(.fini_array.*))
 *(.fini_array)
 .fini_array    0x20000064        0x4 c:/program files (x86)/embitz/2.50/share/armgcc/bin/../lib/gcc/arm-none-eabi/9.3.1/thumb/v7-m/nofp/crtbegin.o
                [!provide]                PROVIDE (__fini_array_end = .)
                0x20000068                . = ALIGN (0x4)
                0x20000068                __data_end__ = .

.igot.plt       0x20000068        0x0 load address 0x08000fe0
 .igot.plt      0x20000068        0x0 c:/program files (x86)/embitz/2.50/share/armgcc/bin/../lib/gcc/arm-none-eabi/9.3.1/thumb/v7-m/nofp/crtbegin.o

.bss            0x20000068      0x212 load address 0x08000fe0
                0x20000068                __bss_start__ = .
 *(.bss*)
 .bss           0x20000068       0x1c c:/program files (x86)/embitz/2.50/share/armgcc/bin/../lib/gcc/arm-none-eabi/9.3.1/thumb/v7-m/nofp/crtbegin.o
 .bss.task_list
                0x20000084       0xc0 obj\debug\src\dispatcher.o
 .bss.currentTask
                0x20000144        0x4 obj\debug\src\dispatcher.o
                0x20000144                currentTask
 .bss.prev_time.5141
                0x20000148        0x4 obj\debug\src\dispatcher.o
 .bss.handlers  0x2000014c        0xc obj\debug\src\usart.o
 .bss.tick      0x20000158        0x4 obj\debug\startup\init.o
                0x20000158                tick
 .bss.cmdIdx.5190
                0x2000015c        0x1 obj\debug\startup\init.o
 *fill*         0x2000015d        0x3 
 .bss.buf.5189  0x20000160       0x10 obj\debug\startup\init.o
 *(COMMON)
 COMMON         0x20000170        0x1 obj\debug\main.o
                0x20000170                tester_mode
 *fill*         0x20000171        0x3 
 COMMON         0x20000174      0x106 obj\debug\startup\init.o
                0x20000174                usart_tx_buf
                0x200001f8                rpi_tx_buf
                0x2000027a                __bss_end__ = .

.heap           0x20000280        0x0
                0x20000280                __end__ = .
                0x20000280                end = __end__
 *(.heap*)
 .heap          0x20000280        0x0 obj\debug\startup\gcc_startup_stm32f10x_md.o
                0x20000280                __HeapLimit = .

.stack_dummy    0x20000280      0x100
 *(.stack)
 .stack         0x20000280      0x100 obj\debug\startup\gcc_startup_stm32f10x_md.o
                0x20005000                __StackTop = (ORIGIN (RAM) + LENGTH (RAM))
                0x20004f00                __StackLimit = (__StackTop - SIZEOF (.stack_dummy))
                0x20005000                PROVIDE (__stack = __StackTop)
                0x00000001                ASSERT ((__StackLimit >= __HeapLimit), region RAM overflowed with stack)
LOAD obj\debug\inc\gpio.o
LOAD obj\debug\inc\u2a.o
LOAD obj\debug\inc\watchdog.o
LOAD obj\debug\main.o
LOAD obj\debug\src\565ru6.o
LOAD obj\debug\src\atomic.o
LOAD obj\debug\src\can\stm_lib\src\stm32f10x_can.o
LOAD obj\debug\src\can\stm_lib\src\stm32f10x_i2c.o
LOAD obj\debug\src\can\stm_lib\src\stm32f10x_rcc.o
LOAD obj\debug\src\commands.o
LOAD obj\debug\src\dispatcher.o
LOAD obj\debug\src\usart.o
LOAD obj\debug\startup\gcc_startup_stm32f10x_md.o
LOAD obj\debug\startup\init.o
START GROUP
LOAD c:/program files (x86)/embitz/2.50/share/armgcc/bin/../lib/gcc/arm-none-eabi/9.3.1/thumb/v7-m/nofp\libgcc.a
LOAD c:/program files (x86)/embitz/2.50/share/armgcc/bin/../lib/gcc/arm-none-eabi/9.3.1/../../../../arm-none-eabi/lib/thumb/v7-m/nofp\libg_nano.a
LOAD c:/program files (x86)/embitz/2.50/share/armgcc/bin/../lib/gcc/arm-none-eabi/9.3.1/../../../../arm-none-eabi/lib/thumb/v7-m/nofp\libc_nano.a
END GROUP
START GROUP
LOAD c:/program files (x86)/embitz/2.50/share/armgcc/bin/../lib/gcc/arm-none-eabi/9.3.1/thumb/v7-m/nofp\libgcc.a
LOAD c:/program files (x86)/embitz/2.50/share/armgcc/bin/../lib/gcc/arm-none-eabi/9.3.1/../../../../arm-none-eabi/lib/thumb/v7-m/nofp\libc_nano.a
LOAD c:/program files (x86)/embitz/2.50/share/armgcc/bin/../lib/gcc/arm-none-eabi/9.3.1/../../../../arm-none-eabi/lib/thumb/v7-m/nofp\libnosys.a
END GROUP
START GROUP
LOAD c:/program files (x86)/embitz/2.50/share/armgcc/bin/../lib/gcc/arm-none-eabi/9.3.1/thumb/v7-m/nofp\libgcc.a
LOAD c:/program files (x86)/embitz/2.50/share/armgcc/bin/../lib/gcc/arm-none-eabi/9.3.1/../../../../arm-none-eabi/lib/thumb/v7-m/nofp\libc_nano.a
LOAD c:/program files (x86)/embitz/2.50/share/armgcc/bin/../lib/gcc/arm-none-eabi/9.3.1/../../../../arm-none-eabi/lib/thumb/v7-m/nofp\libnosys.a
END GROUP
LOAD c:/program files (x86)/embitz/2.50/share/armgcc/bin/../lib/gcc/arm-none-eabi/9.3.1/thumb/v7-m/nofp/crtend.o
LOAD c:/program files (x86)/embitz/2.50/share/armgcc/bin/../lib/gcc/arm-none-eabi/9.3.1/thumb/v7-m/nofp/crtn.o
OUTPUT(bin\Debug\gripper.elf elf32-littlearm)
LOAD linker stubs

.ARM.attributes
                0x00000000       0x29
 .ARM.attributes
                0x00000000       0x1d c:/program files (x86)/embitz/2.50/share/armgcc/bin/../lib/gcc/arm-none-eabi/9.3.1/thumb/v7-m/nofp/crti.o
 .ARM.attributes
                0x0000001d       0x2d c:/program files (x86)/embitz/2.50/share/armgcc/bin/../lib/gcc/arm-none-eabi/9.3.1/thumb/v7-m/nofp/crtbegin.o
 .ARM.attributes
                0x0000004a       0x1b c:/program files (x86)/embitz/2.50/share/armgcc/bin/../lib/gcc/arm-none-eabi/9.3.1/../../../../arm-none-eabi/lib/thumb/v7-m/nofp/crt0.o
 .ARM.attributes
                0x00000065       0x2d obj\debug\main.o
 .ARM.attributes
                0x00000092       0x2d obj\debug\src\565ru6.o
 .ARM.attributes
                0x000000bf       0x2d obj\debug\src\atomic.o
 .ARM.attributes
                0x000000ec       0x2d obj\debug\src\commands.o
 .ARM.attributes
                0x00000119       0x2d obj\debug\src\dispatcher.o
 .ARM.attributes
                0x00000146       0x2d obj\debug\src\usart.o
 .ARM.attributes
                0x00000173       0x1b obj\debug\startup\gcc_startup_stm32f10x_md.o
 .ARM.attributes
                0x0000018e       0x2d obj\debug\startup\init.o
 .ARM.attributes
                0x000001bb       0x2d c:/program files (x86)/embitz/2.50/share/armgcc/bin/../lib/gcc/arm-none-eabi/9.3.1/../../../../arm-none-eabi/lib/thumb/v7-m/nofp\libg_nano.a(lib_a-exit.o)
 .ARM.attributes
                0x000001e8       0x2d c:/program files (x86)/embitz/2.50/share/armgcc/bin/../lib/gcc/arm-none-eabi/9.3.1/../../../../arm-none-eabi/lib/thumb/v7-m/nofp\libg_nano.a(lib_a-impure.o)
 .ARM.attributes
                0x00000215       0x2d c:/program files (x86)/embitz/2.50/share/armgcc/bin/../lib/gcc/arm-none-eabi/9.3.1/../../../../arm-none-eabi/lib/thumb/v7-m/nofp\libg_nano.a(lib_a-init.o)
 .ARM.attributes
                0x00000242       0x2d c:/program files (x86)/embitz/2.50/share/armgcc/bin/../lib/gcc/arm-none-eabi/9.3.1/../../../../arm-none-eabi/lib/thumb/v7-m/nofp\libg_nano.a(lib_a-memset.o)
 .ARM.attributes
                0x0000026f       0x2d c:/program files (x86)/embitz/2.50/share/armgcc/bin/../lib/gcc/arm-none-eabi/9.3.1/../../../../arm-none-eabi/lib/thumb/v7-m/nofp\libnosys.a(_exit.o)
 .ARM.attributes
                0x0000029c       0x2d c:/program files (x86)/embitz/2.50/share/armgcc/bin/../lib/gcc/arm-none-eabi/9.3.1/thumb/v7-m/nofp/crtend.o
 .ARM.attributes
                0x000002c9       0x1d c:/program files (x86)/embitz/2.50/share/armgcc/bin/../lib/gcc/arm-none-eabi/9.3.1/thumb/v7-m/nofp/crtn.o

.comment        0x00000000       0x4c
 .comment       0x00000000       0x4c obj\debug\main.o
                                 0x4d (size before relaxing)
 .comment       0x0000004c       0x4d obj\debug\src\565ru6.o
 .comment       0x0000004c       0x4d obj\debug\src\atomic.o
 .comment       0x0000004c       0x4d obj\debug\src\commands.o
 .comment       0x0000004c       0x4d obj\debug\src\dispatcher.o
 .comment       0x0000004c       0x4d obj\debug\src\usart.o
 .comment       0x0000004c       0x4d obj\debug\startup\init.o

.debug_info     0x00000000     0x2857
 .debug_info    0x00000000      0x1e1 obj\debug\main.o
 .debug_info    0x000001e1      0x33b obj\debug\src\565ru6.o
 .debug_info    0x0000051c      0x672 obj\debug\src\atomic.o
 .debug_info    0x00000b8e      0x410 obj\debug\src\commands.o
 .debug_info    0x00000f9e      0x5ce obj\debug\src\dispatcher.o
 .debug_info    0x0000156c      0x93e obj\debug\src\usart.o
 .debug_info    0x00001eaa       0x26 obj\debug\startup\gcc_startup_stm32f10x_md.o
 .debug_info    0x00001ed0      0x987 obj\debug\startup\init.o

.debug_abbrev   0x00000000      0xd84
 .debug_abbrev  0x00000000      0x119 obj\debug\main.o
 .debug_abbrev  0x00000119      0x1ce obj\debug\src\565ru6.o
 .debug_abbrev  0x000002e7      0x1c0 obj\debug\src\atomic.o
 .debug_abbrev  0x000004a7      0x1de obj\debug\src\commands.o
 .debug_abbrev  0x00000685      0x1e1 obj\debug\src\dispatcher.o
 .debug_abbrev  0x00000866      0x25e obj\debug\src\usart.o
 .debug_abbrev  0x00000ac4       0x14 obj\debug\startup\gcc_startup_stm32f10x_md.o
 .debug_abbrev  0x00000ad8      0x2ac obj\debug\startup\init.o

.debug_aranges  0x00000000      0x260
 .debug_aranges
                0x00000000       0x20 obj\debug\main.o
 .debug_aranges
                0x00000020       0x50 obj\debug\src\565ru6.o
 .debug_aranges
                0x00000070       0x40 obj\debug\src\atomic.o
 .debug_aranges
                0x000000b0       0x50 obj\debug\src\commands.o
 .debug_aranges
                0x00000100       0x70 obj\debug\src\dispatcher.o
 .debug_aranges
                0x00000170       0x58 obj\debug\src\usart.o
 .debug_aranges
                0x000001c8       0x20 obj\debug\startup\gcc_startup_stm32f10x_md.o
 .debug_aranges
                0x000001e8       0x78 obj\debug\startup\init.o

.debug_ranges   0x00000000      0x1d0
 .debug_ranges  0x00000000       0x10 obj\debug\main.o
 .debug_ranges  0x00000010       0x40 obj\debug\src\565ru6.o
 .debug_ranges  0x00000050       0x30 obj\debug\src\atomic.o
 .debug_ranges  0x00000080       0x40 obj\debug\src\commands.o
 .debug_ranges  0x000000c0       0x60 obj\debug\src\dispatcher.o
 .debug_ranges  0x00000120       0x48 obj\debug\src\usart.o
 .debug_ranges  0x00000168       0x68 obj\debug\startup\init.o

.debug_macro    0x00000000      0xb60
 .debug_macro   0x00000000      0x139 obj\debug\main.o
 .debug_macro   0x00000139       0x22 obj\debug\main.o
 .debug_macro   0x0000015b       0x6a obj\debug\main.o
 .debug_macro   0x000001c5       0x10 obj\debug\main.o
 .debug_macro   0x000001d5       0xb2 obj\debug\main.o
 .debug_macro   0x00000287       0x28 obj\debug\main.o
 .debug_macro   0x000002af      0x118 obj\debug\main.o
 .debug_macro   0x000003c7      0x13a obj\debug\src\565ru6.o
 .debug_macro   0x00000501      0x140 obj\debug\src\atomic.o
 .debug_macro   0x00000641      0x13e obj\debug\src\commands.o
 .debug_macro   0x0000077f      0x162 obj\debug\src\dispatcher.o
 .debug_macro   0x000008e1      0x136 obj\debug\src\usart.o
 .debug_macro   0x00000a17      0x149 obj\debug\startup\init.o

.debug_line     0x00000000     0x231f
 .debug_line    0x00000000      0x351 obj\debug\main.o
 .debug_line    0x00000351      0x59d obj\debug\src\565ru6.o
 .debug_line    0x000008ee      0x4d5 obj\debug\src\atomic.o
 .debug_line    0x00000dc3      0x43e obj\debug\src\commands.o
 .debug_line    0x00001201      0x5f1 obj\debug\src\dispatcher.o
 .debug_line    0x000017f2      0x4f5 obj\debug\src\usart.o
 .debug_line    0x00001ce7       0xb3 obj\debug\startup\gcc_startup_stm32f10x_md.o
 .debug_line    0x00001d9a      0x585 obj\debug\startup\init.o

.debug_str      0x00000000    0x585c1
 .debug_str     0x00000000    0x55d3b obj\debug\main.o
                              0x55f72 (size before relaxing)
 .debug_str     0x00055d3b       0x9a obj\debug\src\565ru6.o
                              0x55fb0 (size before relaxing)
 .debug_str     0x00055dd5       0xe4 obj\debug\src\atomic.o
                              0x56005 (size before relaxing)
 .debug_str     0x00055eb9       0xce obj\debug\src\commands.o
                              0x55fdb (size before relaxing)
 .debug_str     0x00055f87      0x155 obj\debug\src\dispatcher.o
                              0x5609f (size before relaxing)
 .debug_str     0x000560dc      0x45c obj\debug\src\usart.o
                              0x56421 (size before relaxing)
 .debug_str     0x00056538       0x34 obj\debug\startup\gcc_startup_stm32f10x_md.o
                                 0x55 (size before relaxing)
 .debug_str     0x0005656c     0x2055 obj\debug\startup\init.o
                              0x58050 (size before relaxing)

.debug_frame    0x00000000      0x828
 .debug_frame   0x00000000       0x30 obj\debug\main.o
 .debug_frame   0x00000030      0x108 obj\debug\src\565ru6.o
 .debug_frame   0x00000138       0xd8 obj\debug\src\atomic.o
 .debug_frame   0x00000210      0x114 obj\debug\src\commands.o
 .debug_frame   0x00000324      0x198 obj\debug\src\dispatcher.o
 .debug_frame   0x000004bc      0x124 obj\debug\src\usart.o
 .debug_frame   0x000005e0      0x1b4 obj\debug\startup\init.o
 .debug_frame   0x00000794       0x28 c:/program files (x86)/embitz/2.50/share/armgcc/bin/../lib/gcc/arm-none-eabi/9.3.1/../../../../arm-none-eabi/lib/thumb/v7-m/nofp\libg_nano.a(lib_a-exit.o)
 .debug_frame   0x000007bc       0x2c c:/program files (x86)/embitz/2.50/share/armgcc/bin/../lib/gcc/arm-none-eabi/9.3.1/../../../../arm-none-eabi/lib/thumb/v7-m/nofp\libg_nano.a(lib_a-init.o)
 .debug_frame   0x000007e8       0x20 c:/program files (x86)/embitz/2.50/share/armgcc/bin/../lib/gcc/arm-none-eabi/9.3.1/../../../../arm-none-eabi/lib/thumb/v7-m/nofp\libg_nano.a(lib_a-memset.o)
 .debug_frame   0x00000808       0x20 c:/program files (x86)/embitz/2.50/share/armgcc/bin/../lib/gcc/arm-none-eabi/9.3.1/../../../../arm-none-eabi/lib/thumb/v7-m/nofp\libnosys.a(_exit.o)
