Archive member included to satisfy reference by file (symbol)

c:/program files (x86)/embitz/1.11/share/em_armgcc/bin/../lib/gcc/arm-none-eabi/5.4.1/armv7-m\libgcc.a(_arm_addsubdf3.o)
                              obj\release\inc\u2a.o (__aeabi_f2d)
c:/program files (x86)/embitz/1.11/share/em_armgcc/bin/../lib/gcc/arm-none-eabi/5.4.1/armv7-m\libgcc.a(_arm_muldivdf3.o)
                              obj\release\inc\u2a.o (__aeabi_dmul)
c:/program files (x86)/embitz/1.11/share/em_armgcc/bin/../lib/gcc/arm-none-eabi/5.4.1/armv7-m\libgcc.a(_arm_truncdfsf2.o)
                              obj\release\inc\u2a.o (__aeabi_d2f)
c:/program files (x86)/embitz/1.11/share/em_armgcc/bin/../lib/gcc/arm-none-eabi/5.4.1/armv7-m\libgcc.a(_arm_addsubsf3.o)
                              obj\release\inc\u2a.o (__aeabi_ui2f)
c:/program files (x86)/embitz/1.11/share/em_armgcc/bin/../lib/gcc/arm-none-eabi/5.4.1/armv7-m\libgcc.a(_arm_muldivsf3.o)
                              obj\release\inc\u2a.o (__aeabi_fmul)
c:/program files (x86)/embitz/1.11/share/em_armgcc/bin/../lib/gcc/arm-none-eabi/5.4.1/armv7-m\libgcc.a(_arm_cmpsf2.o)
                              obj\release\inc\u2a.o (__aeabi_fcmpeq)
c:/program files (x86)/embitz/1.11/share/em_armgcc/bin/../lib/gcc/arm-none-eabi/5.4.1/../../../../arm-none-eabi/lib/armv7-m\libg_n.a(lib_a-exit.o)
                              c:/program files (x86)/embitz/1.11/share/em_armgcc/bin/../lib/gcc/arm-none-eabi/5.4.1/../../../../arm-none-eabi/lib/armv7-m/crt0.o (exit)
c:/program files (x86)/embitz/1.11/share/em_armgcc/bin/../lib/gcc/arm-none-eabi/5.4.1/../../../../arm-none-eabi/lib/armv7-m\libg_n.a(lib_a-impure.o)
                              c:/program files (x86)/embitz/1.11/share/em_armgcc/bin/../lib/gcc/arm-none-eabi/5.4.1/../../../../arm-none-eabi/lib/armv7-m\libg_n.a(lib_a-exit.o) (_global_impure_ptr)
c:/program files (x86)/embitz/1.11/share/em_armgcc/bin/../lib/gcc/arm-none-eabi/5.4.1/../../../../arm-none-eabi/lib/armv7-m\libg_n.a(lib_a-init.o)
                              c:/program files (x86)/embitz/1.11/share/em_armgcc/bin/../lib/gcc/arm-none-eabi/5.4.1/../../../../arm-none-eabi/lib/armv7-m/crt0.o (__libc_init_array)
c:/program files (x86)/embitz/1.11/share/em_armgcc/bin/../lib/gcc/arm-none-eabi/5.4.1/../../../../arm-none-eabi/lib/armv7-m\libg_n.a(lib_a-memset.o)
                              c:/program files (x86)/embitz/1.11/share/em_armgcc/bin/../lib/gcc/arm-none-eabi/5.4.1/../../../../arm-none-eabi/lib/armv7-m/crt0.o (memset)
c:/program files (x86)/embitz/1.11/share/em_armgcc/bin/../lib/gcc/arm-none-eabi/5.4.1/../../../../arm-none-eabi/lib/armv7-m\libg_n.a(lib_a-strlen.o)
                              obj\release\inc\u2a.o (strlen)
c:/program files (x86)/embitz/1.11/share/em_armgcc/bin/../lib/gcc/arm-none-eabi/5.4.1/../../../../arm-none-eabi/lib/armv7-m\libnosys_s.a(_exit.o)
                              c:/program files (x86)/embitz/1.11/share/em_armgcc/bin/../lib/gcc/arm-none-eabi/5.4.1/../../../../arm-none-eabi/lib/armv7-m\libg_n.a(lib_a-exit.o) (_exit)

Allocating common symbols
Common symbol       size              file

cdc_tx_buf          0x82              obj\release\src\bridge.o
udev                0x68              obj\release\usb\cdc\cdc.o
ubuf                0x80              obj\release\usb\cdc\cdc.o

Discarded input sections

 .text          0x00000000        0x0 c:/program files (x86)/embitz/1.11/share/em_armgcc/bin/../lib/gcc/arm-none-eabi/5.4.1/armv7-m/crti.o
 .data          0x00000000        0x0 c:/program files (x86)/embitz/1.11/share/em_armgcc/bin/../lib/gcc/arm-none-eabi/5.4.1/armv7-m/crti.o
 .bss           0x00000000        0x0 c:/program files (x86)/embitz/1.11/share/em_armgcc/bin/../lib/gcc/arm-none-eabi/5.4.1/armv7-m/crti.o
 .data          0x00000000        0x4 c:/program files (x86)/embitz/1.11/share/em_armgcc/bin/../lib/gcc/arm-none-eabi/5.4.1/armv7-m/crtbegin.o
 .data          0x00000000        0x0 c:/program files (x86)/embitz/1.11/share/em_armgcc/bin/../lib/gcc/arm-none-eabi/5.4.1/../../../../arm-none-eabi/lib/armv7-m/crt0.o
 .bss           0x00000000        0x0 c:/program files (x86)/embitz/1.11/share/em_armgcc/bin/../lib/gcc/arm-none-eabi/5.4.1/../../../../arm-none-eabi/lib/armv7-m/crt0.o
 .ARM.extab     0x00000000        0x0 c:/program files (x86)/embitz/1.11/share/em_armgcc/bin/../lib/gcc/arm-none-eabi/5.4.1/../../../../arm-none-eabi/lib/armv7-m/crt0.o
 .text          0x00000000        0x0 obj\release\inc\gpio.o
 .data          0x00000000        0x0 obj\release\inc\gpio.o
 .bss           0x00000000        0x0 obj\release\inc\gpio.o
 .text.SetPin   0x00000000       0x10 obj\release\inc\gpio.o
 .text.GetPin   0x00000000        0xc obj\release\inc\gpio.o
 .text.SerialIn
                0x00000000       0x44 obj\release\inc\gpio.o
 .debug_info    0x00000000      0x27a obj\release\inc\gpio.o
 .debug_abbrev  0x00000000      0x13e obj\release\inc\gpio.o
 .debug_loc     0x00000000      0x1c2 obj\release\inc\gpio.o
 .debug_aranges
                0x00000000       0x30 obj\release\inc\gpio.o
 .debug_ranges  0x00000000       0x20 obj\release\inc\gpio.o
 .debug_line    0x00000000      0x1fc obj\release\inc\gpio.o
 .debug_str     0x00000000      0x228 obj\release\inc\gpio.o
 .comment       0x00000000       0x6f obj\release\inc\gpio.o
 .debug_frame   0x00000000       0x58 obj\release\inc\gpio.o
 .ARM.attributes
                0x00000000       0x33 obj\release\inc\gpio.o
 .text          0x00000000        0x0 obj\release\inc\u2a.o
 .data          0x00000000        0x0 obj\release\inc\u2a.o
 .bss           0x00000000        0x0 obj\release\inc\u2a.o
 .text.utoa     0x00000000       0x4c obj\release\inc\u2a.o
 .text.itoa     0x00000000       0x64 obj\release\inc\u2a.o
 .text.utoaLTR  0x00000000       0x24 obj\release\inc\u2a.o
 .text.itoaLTR  0x00000000       0x24 obj\release\inc\u2a.o
 .text.utoaLTRCB
                0x00000000       0x28 obj\release\inc\u2a.o
 .text.itoaLTRCB
                0x00000000       0x28 obj\release\inc\u2a.o
 .text.ftoaEngine
                0x00000000      0x148 obj\release\inc\u2a.o
 .text.ftoa     0x00000000      0x194 obj\release\inc\u2a.o
 .text.ftoaCB   0x00000000       0x20 obj\release\inc\u2a.o
 .text.parseFloat
                0x00000000       0xec obj\release\inc\u2a.o
 .rodata.table2
                0x00000000       0x80 obj\release\inc\u2a.o
 .debug_info    0x00000000      0x8c4 obj\release\inc\u2a.o
 .debug_abbrev  0x00000000      0x2d9 obj\release\inc\u2a.o
 .debug_loc     0x00000000      0xe62 obj\release\inc\u2a.o
 .debug_aranges
                0x00000000       0x68 obj\release\inc\u2a.o
 .debug_ranges  0x00000000      0x168 obj\release\inc\u2a.o
 .debug_line    0x00000000      0x422 obj\release\inc\u2a.o
 .debug_str     0x00000000      0x36e obj\release\inc\u2a.o
 .comment       0x00000000       0x6f obj\release\inc\u2a.o
 .debug_frame   0x00000000      0x160 obj\release\inc\u2a.o
 .ARM.attributes
                0x00000000       0x33 obj\release\inc\u2a.o
 .text          0x00000000        0x0 obj\release\inc\watchdog.o
 .data          0x00000000        0x0 obj\release\inc\watchdog.o
 .bss           0x00000000        0x0 obj\release\inc\watchdog.o
 .text.IWDG_InitEx
                0x00000000       0x60 obj\release\inc\watchdog.o
 .text.IWDG_Init
                0x00000000       0x24 obj\release\inc\watchdog.o
 .text.IWDG_reset
                0x00000000       0x10 obj\release\inc\watchdog.o
 .debug_info    0x00000000      0x1b2 obj\release\inc\watchdog.o
 .debug_abbrev  0x00000000      0x120 obj\release\inc\watchdog.o
 .debug_loc     0x00000000       0xa6 obj\release\inc\watchdog.o
 .debug_aranges
                0x00000000       0x30 obj\release\inc\watchdog.o
 .debug_ranges  0x00000000       0x20 obj\release\inc\watchdog.o
 .debug_line    0x00000000      0x1a6 obj\release\inc\watchdog.o
 .debug_str     0x00000000      0x1d2 obj\release\inc\watchdog.o
 .comment       0x00000000       0x6f obj\release\inc\watchdog.o
 .debug_frame   0x00000000       0x5c obj\release\inc\watchdog.o
 .ARM.attributes
                0x00000000       0x33 obj\release\inc\watchdog.o
 .text          0x00000000        0x0 obj\release\main.o
 .data          0x00000000        0x0 obj\release\main.o
 .bss           0x00000000        0x0 obj\release\main.o
 .text.TX_CB    0x00000000       0x1c obj\release\main.o
 .text.PrintVal
                0x00000000       0x60 obj\release\main.o
 .bss.TestMode  0x00000000        0x4 obj\release\main.o
 .data.min_cnt  0x00000000        0x4 obj\release\main.o
 .bss.max_cnt   0x00000000        0x4 obj\release\main.o
 .text          0x00000000        0x0 obj\release\src\bridge.o
 .data          0x00000000        0x0 obj\release\src\bridge.o
 .bss           0x00000000        0x0 obj\release\src\bridge.o
 .text.ProcessCMD
                0x00000000        0x4 obj\release\src\bridge.o
 .data          0x00000000        0x0 obj\release\startup\gcc_startup_stm32f10x_md.o
 .bss           0x00000000        0x0 obj\release\startup\gcc_startup_stm32f10x_md.o
 .text          0x00000000        0x0 obj\release\startup\init.o
 .data          0x00000000        0x0 obj\release\startup\init.o
 .bss           0x00000000        0x0 obj\release\startup\init.o
 .text.calibrate_adc
                0x00000000       0x18 obj\release\startup\init.o
 .text.init_usart1
                0x00000000       0x4c obj\release\startup\init.o
 .text          0x00000000        0x0 obj\release\usb\cdc\cdc.o
 .data          0x00000000        0x0 obj\release\usb\cdc\cdc.o
 .bss           0x00000000        0x0 obj\release\usb\cdc\cdc.o
 .text.cdc_rx_callback
                0x00000000        0x4 obj\release\usb\cdc\cdc.o
 .text.cdc_tx_callback
                0x00000000        0x4 obj\release\usb\cdc\cdc.o
 .text.USBIsAvailable
                0x00000000       0x24 obj\release\usb\cdc\cdc.o
 .text          0x00000000        0x0 obj\release\usb\lib\src\usbd_core.o
 .data          0x00000000        0x0 obj\release\usb\lib\src\usbd_core.o
 .bss           0x00000000        0x0 obj\release\usb\lib\src\usbd_core.o
 .text          0x00000000        0x0 obj\release\usb\lib\src\usbd_stm32f103_devfs.o
 .data          0x00000000        0x0 obj\release\usb\lib\src\usbd_stm32f103_devfs.o
 .bss           0x00000000        0x0 obj\release\usb\lib\src\usbd_stm32f103_devfs.o
 .text          0x00000000      0x370 c:/program files (x86)/embitz/1.11/share/em_armgcc/bin/../lib/gcc/arm-none-eabi/5.4.1/armv7-m\libgcc.a(_arm_addsubdf3.o)
 .data          0x00000000        0x0 c:/program files (x86)/embitz/1.11/share/em_armgcc/bin/../lib/gcc/arm-none-eabi/5.4.1/armv7-m\libgcc.a(_arm_addsubdf3.o)
 .bss           0x00000000        0x0 c:/program files (x86)/embitz/1.11/share/em_armgcc/bin/../lib/gcc/arm-none-eabi/5.4.1/armv7-m\libgcc.a(_arm_addsubdf3.o)
 .ARM.attributes
                0x00000000       0x1d c:/program files (x86)/embitz/1.11/share/em_armgcc/bin/../lib/gcc/arm-none-eabi/5.4.1/armv7-m\libgcc.a(_arm_addsubdf3.o)
 .text          0x00000000      0x424 c:/program files (x86)/embitz/1.11/share/em_armgcc/bin/../lib/gcc/arm-none-eabi/5.4.1/armv7-m\libgcc.a(_arm_muldivdf3.o)
 .data          0x00000000        0x0 c:/program files (x86)/embitz/1.11/share/em_armgcc/bin/../lib/gcc/arm-none-eabi/5.4.1/armv7-m\libgcc.a(_arm_muldivdf3.o)
 .bss           0x00000000        0x0 c:/program files (x86)/embitz/1.11/share/em_armgcc/bin/../lib/gcc/arm-none-eabi/5.4.1/armv7-m\libgcc.a(_arm_muldivdf3.o)
 .ARM.attributes
                0x00000000       0x1d c:/program files (x86)/embitz/1.11/share/em_armgcc/bin/../lib/gcc/arm-none-eabi/5.4.1/armv7-m\libgcc.a(_arm_muldivdf3.o)
 .text          0x00000000       0xa0 c:/program files (x86)/embitz/1.11/share/em_armgcc/bin/../lib/gcc/arm-none-eabi/5.4.1/armv7-m\libgcc.a(_arm_truncdfsf2.o)
 .data          0x00000000        0x0 c:/program files (x86)/embitz/1.11/share/em_armgcc/bin/../lib/gcc/arm-none-eabi/5.4.1/armv7-m\libgcc.a(_arm_truncdfsf2.o)
 .bss           0x00000000        0x0 c:/program files (x86)/embitz/1.11/share/em_armgcc/bin/../lib/gcc/arm-none-eabi/5.4.1/armv7-m\libgcc.a(_arm_truncdfsf2.o)
 .ARM.attributes
                0x00000000       0x1d c:/program files (x86)/embitz/1.11/share/em_armgcc/bin/../lib/gcc/arm-none-eabi/5.4.1/armv7-m\libgcc.a(_arm_truncdfsf2.o)
 .text          0x00000000      0x21c c:/program files (x86)/embitz/1.11/share/em_armgcc/bin/../lib/gcc/arm-none-eabi/5.4.1/armv7-m\libgcc.a(_arm_addsubsf3.o)
 .data          0x00000000        0x0 c:/program files (x86)/embitz/1.11/share/em_armgcc/bin/../lib/gcc/arm-none-eabi/5.4.1/armv7-m\libgcc.a(_arm_addsubsf3.o)
 .bss           0x00000000        0x0 c:/program files (x86)/embitz/1.11/share/em_armgcc/bin/../lib/gcc/arm-none-eabi/5.4.1/armv7-m\libgcc.a(_arm_addsubsf3.o)
 .ARM.attributes
                0x00000000       0x1d c:/program files (x86)/embitz/1.11/share/em_armgcc/bin/../lib/gcc/arm-none-eabi/5.4.1/armv7-m\libgcc.a(_arm_addsubsf3.o)
 .text          0x00000000      0x2a0 c:/program files (x86)/embitz/1.11/share/em_armgcc/bin/../lib/gcc/arm-none-eabi/5.4.1/armv7-m\libgcc.a(_arm_muldivsf3.o)
 .data          0x00000000        0x0 c:/program files (x86)/embitz/1.11/share/em_armgcc/bin/../lib/gcc/arm-none-eabi/5.4.1/armv7-m\libgcc.a(_arm_muldivsf3.o)
 .bss           0x00000000        0x0 c:/program files (x86)/embitz/1.11/share/em_armgcc/bin/../lib/gcc/arm-none-eabi/5.4.1/armv7-m\libgcc.a(_arm_muldivsf3.o)
 .ARM.attributes
                0x00000000       0x1d c:/program files (x86)/embitz/1.11/share/em_armgcc/bin/../lib/gcc/arm-none-eabi/5.4.1/armv7-m\libgcc.a(_arm_muldivsf3.o)
 .text          0x00000000       0xec c:/program files (x86)/embitz/1.11/share/em_armgcc/bin/../lib/gcc/arm-none-eabi/5.4.1/armv7-m\libgcc.a(_arm_cmpsf2.o)
 .data          0x00000000        0x0 c:/program files (x86)/embitz/1.11/share/em_armgcc/bin/../lib/gcc/arm-none-eabi/5.4.1/armv7-m\libgcc.a(_arm_cmpsf2.o)
 .bss           0x00000000        0x0 c:/program files (x86)/embitz/1.11/share/em_armgcc/bin/../lib/gcc/arm-none-eabi/5.4.1/armv7-m\libgcc.a(_arm_cmpsf2.o)
 .ARM.attributes
                0x00000000       0x1d c:/program files (x86)/embitz/1.11/share/em_armgcc/bin/../lib/gcc/arm-none-eabi/5.4.1/armv7-m\libgcc.a(_arm_cmpsf2.o)
 .text          0x00000000        0x0 c:/program files (x86)/embitz/1.11/share/em_armgcc/bin/../lib/gcc/arm-none-eabi/5.4.1/../../../../arm-none-eabi/lib/armv7-m\libg_n.a(lib_a-exit.o)
 .data          0x00000000        0x0 c:/program files (x86)/embitz/1.11/share/em_armgcc/bin/../lib/gcc/arm-none-eabi/5.4.1/../../../../arm-none-eabi/lib/armv7-m\libg_n.a(lib_a-exit.o)
 .bss           0x00000000        0x0 c:/program files (x86)/embitz/1.11/share/em_armgcc/bin/../lib/gcc/arm-none-eabi/5.4.1/../../../../arm-none-eabi/lib/armv7-m\libg_n.a(lib_a-exit.o)
 .text          0x00000000        0x0 c:/program files (x86)/embitz/1.11/share/em_armgcc/bin/../lib/gcc/arm-none-eabi/5.4.1/../../../../arm-none-eabi/lib/armv7-m\libg_n.a(lib_a-impure.o)
 .data          0x00000000        0x0 c:/program files (x86)/embitz/1.11/share/em_armgcc/bin/../lib/gcc/arm-none-eabi/5.4.1/../../../../arm-none-eabi/lib/armv7-m\libg_n.a(lib_a-impure.o)
 .bss           0x00000000        0x0 c:/program files (x86)/embitz/1.11/share/em_armgcc/bin/../lib/gcc/arm-none-eabi/5.4.1/../../../../arm-none-eabi/lib/armv7-m\libg_n.a(lib_a-impure.o)
 .data._impure_ptr
                0x00000000        0x4 c:/program files (x86)/embitz/1.11/share/em_armgcc/bin/../lib/gcc/arm-none-eabi/5.4.1/../../../../arm-none-eabi/lib/armv7-m\libg_n.a(lib_a-impure.o)
 .text          0x00000000        0x0 c:/program files (x86)/embitz/1.11/share/em_armgcc/bin/../lib/gcc/arm-none-eabi/5.4.1/../../../../arm-none-eabi/lib/armv7-m\libg_n.a(lib_a-init.o)
 .data          0x00000000        0x0 c:/program files (x86)/embitz/1.11/share/em_armgcc/bin/../lib/gcc/arm-none-eabi/5.4.1/../../../../arm-none-eabi/lib/armv7-m\libg_n.a(lib_a-init.o)
 .bss           0x00000000        0x0 c:/program files (x86)/embitz/1.11/share/em_armgcc/bin/../lib/gcc/arm-none-eabi/5.4.1/../../../../arm-none-eabi/lib/armv7-m\libg_n.a(lib_a-init.o)
 .text          0x00000000        0x0 c:/program files (x86)/embitz/1.11/share/em_armgcc/bin/../lib/gcc/arm-none-eabi/5.4.1/../../../../arm-none-eabi/lib/armv7-m\libg_n.a(lib_a-memset.o)
 .data          0x00000000        0x0 c:/program files (x86)/embitz/1.11/share/em_armgcc/bin/../lib/gcc/arm-none-eabi/5.4.1/../../../../arm-none-eabi/lib/armv7-m\libg_n.a(lib_a-memset.o)
 .bss           0x00000000        0x0 c:/program files (x86)/embitz/1.11/share/em_armgcc/bin/../lib/gcc/arm-none-eabi/5.4.1/../../../../arm-none-eabi/lib/armv7-m\libg_n.a(lib_a-memset.o)
 .text          0x00000000       0x10 c:/program files (x86)/embitz/1.11/share/em_armgcc/bin/../lib/gcc/arm-none-eabi/5.4.1/../../../../arm-none-eabi/lib/armv7-m\libg_n.a(lib_a-strlen.o)
 .data          0x00000000        0x0 c:/program files (x86)/embitz/1.11/share/em_armgcc/bin/../lib/gcc/arm-none-eabi/5.4.1/../../../../arm-none-eabi/lib/armv7-m\libg_n.a(lib_a-strlen.o)
 .bss           0x00000000        0x0 c:/program files (x86)/embitz/1.11/share/em_armgcc/bin/../lib/gcc/arm-none-eabi/5.4.1/../../../../arm-none-eabi/lib/armv7-m\libg_n.a(lib_a-strlen.o)
 .ARM.attributes
                0x00000000       0x17 c:/program files (x86)/embitz/1.11/share/em_armgcc/bin/../lib/gcc/arm-none-eabi/5.4.1/../../../../arm-none-eabi/lib/armv7-m\libg_n.a(lib_a-strlen.o)
 .text          0x00000000        0x0 c:/program files (x86)/embitz/1.11/share/em_armgcc/bin/../lib/gcc/arm-none-eabi/5.4.1/../../../../arm-none-eabi/lib/armv7-m\libnosys_s.a(_exit.o)
 .data          0x00000000        0x0 c:/program files (x86)/embitz/1.11/share/em_armgcc/bin/../lib/gcc/arm-none-eabi/5.4.1/../../../../arm-none-eabi/lib/armv7-m\libnosys_s.a(_exit.o)
 .bss           0x00000000        0x0 c:/program files (x86)/embitz/1.11/share/em_armgcc/bin/../lib/gcc/arm-none-eabi/5.4.1/../../../../arm-none-eabi/lib/armv7-m\libnosys_s.a(_exit.o)
 .text          0x00000000        0x0 c:/program files (x86)/embitz/1.11/share/em_armgcc/bin/../lib/gcc/arm-none-eabi/5.4.1/armv7-m/crtend.o
 .data          0x00000000        0x0 c:/program files (x86)/embitz/1.11/share/em_armgcc/bin/../lib/gcc/arm-none-eabi/5.4.1/armv7-m/crtend.o
 .bss           0x00000000        0x0 c:/program files (x86)/embitz/1.11/share/em_armgcc/bin/../lib/gcc/arm-none-eabi/5.4.1/armv7-m/crtend.o
 .jcr           0x00000000        0x4 c:/program files (x86)/embitz/1.11/share/em_armgcc/bin/../lib/gcc/arm-none-eabi/5.4.1/armv7-m/crtend.o
 .text          0x00000000        0x0 c:/program files (x86)/embitz/1.11/share/em_armgcc/bin/../lib/gcc/arm-none-eabi/5.4.1/armv7-m/crtn.o
 .data          0x00000000        0x0 c:/program files (x86)/embitz/1.11/share/em_armgcc/bin/../lib/gcc/arm-none-eabi/5.4.1/armv7-m/crtn.o
 .bss           0x00000000        0x0 c:/program files (x86)/embitz/1.11/share/em_armgcc/bin/../lib/gcc/arm-none-eabi/5.4.1/armv7-m/crtn.o

Memory Configuration

Name             Origin             Length             Attributes
ROM              0x08000000         0x00010000         xr
RAM              0x20000000         0x00005000         xrw
*default*        0x00000000         0xffffffff

Linker script and memory map

LOAD c:/program files (x86)/embitz/1.11/share/em_armgcc/bin/../lib/gcc/arm-none-eabi/5.4.1/armv7-m/crti.o
LOAD c:/program files (x86)/embitz/1.11/share/em_armgcc/bin/../lib/gcc/arm-none-eabi/5.4.1/armv7-m/crtbegin.o
LOAD c:/program files (x86)/embitz/1.11/share/em_armgcc/bin/../lib/gcc/arm-none-eabi/5.4.1/../../../../arm-none-eabi/lib/armv7-m/crt0.o
                0x00000000                __HEAP_SIZE = 0x0
                0x00000100                __STACK_SIZE = 0x100

.text           0x08000000     0x1998
 *(.isr_vector)
 .isr_vector    0x08000000       0xec obj\release\startup\gcc_startup_stm32f10x_md.o
                0x08000000                __isr_vector
 *(.text*)
 .text          0x080000ec       0x5c c:/program files (x86)/embitz/1.11/share/em_armgcc/bin/../lib/gcc/arm-none-eabi/5.4.1/armv7-m/crtbegin.o
 .text          0x08000148       0x74 c:/program files (x86)/embitz/1.11/share/em_armgcc/bin/../lib/gcc/arm-none-eabi/5.4.1/../../../../arm-none-eabi/lib/armv7-m/crt0.o
                0x08000148                _start
                0x08000148                _mainCRTStartup
 .text.ProcessCMD
                0x080001bc        0x4 obj\release\main.o
                0x080001bc                ProcessCMD
 .text.ADC1_2_IRQHandler
                0x080001c0       0x94 obj\release\main.o
                0x080001c0                ADC1_2_IRQHandler
 .text.TIM4_IRQHandler
                0x08000254       0x18 obj\release\main.o
                0x08000254                TIM4_IRQHandler
 .text.EXTI2_IRQHandler
                0x0800026c       0x20 obj\release\main.o
                0x0800026c                EXTI2_IRQHandler
 .text.startup.main
                0x0800028c       0xd4 obj\release\main.o
                0x0800028c                main
 .text.cdc_tx_callback
                0x08000360       0x54 obj\release\src\bridge.o
                0x08000360                cdc_tx_callback
 .text.cdc_rx_callback
                0x080003b4       0xb0 obj\release\src\bridge.o
                0x080003b4                cdc_rx_callback
 .text          0x08000464       0xb8 obj\release\startup\gcc_startup_stm32f10x_md.o
                0x08000464                Reset_Handler
                0x080004aa                NMI_Handler
                0x080004ac                HardFault_Handler
                0x080004ae                MemManage_Handler
                0x080004b0                BusFault_Handler
                0x080004b2                UsageFault_Handler
                0x080004b4                SVC_Handler
                0x080004b6                DebugMon_Handler
                0x080004b8                PendSV_Handler
                0x080004bc                Default_Handler
                0x080004be                WWDG_IRQHandler
                0x080004c0                PVD_IRQHandler
                0x080004c2                TAMPER_IRQHandler
                0x080004c4                RTC_IRQHandler
                0x080004c6                FLASH_IRQHandler
                0x080004c8                RCC_IRQHandler
                0x080004ca                EXTI0_IRQHandler
                0x080004cc                EXTI1_IRQHandler
                0x080004d0                EXTI3_IRQHandler
                0x080004d2                EXTI4_IRQHandler
                0x080004d4                DMA1_Channel1_IRQHandler
                0x080004d6                DMA1_Channel2_IRQHandler
                0x080004d8                DMA1_Channel3_IRQHandler
                0x080004da                DMA1_Channel4_IRQHandler
                0x080004dc                DMA1_Channel5_IRQHandler
                0x080004de                DMA1_Channel6_IRQHandler
                0x080004e0                DMA1_Channel7_IRQHandler
                0x080004e4                USB_HP_CAN1_TX_IRQHandler
                0x080004e8                CAN1_RX1_IRQHandler
                0x080004ea                CAN1_SCE_IRQHandler
                0x080004ec                EXTI9_5_IRQHandler
                0x080004ee                TIM1_BRK_IRQHandler
                0x080004f0                TIM1_UP_IRQHandler
                0x080004f2                TIM1_TRG_COM_IRQHandler
                0x080004f4                TIM1_CC_IRQHandler
                0x080004f6                TIM2_IRQHandler
                0x080004f8                TIM3_IRQHandler
                0x080004fc                I2C1_EV_IRQHandler
                0x080004fe                I2C1_ER_IRQHandler
                0x08000500                I2C2_EV_IRQHandler
                0x08000502                I2C2_ER_IRQHandler
                0x08000504                SPI1_IRQHandler
                0x08000506                SPI2_IRQHandler
                0x08000508                USART1_IRQHandler
                0x0800050a                USART2_IRQHandler
                0x0800050c                USART3_IRQHandler
                0x0800050e                EXTI15_10_IRQHandler
                0x08000510                RTCAlarm_IRQHandler
                0x08000512                USBWakeUp_IRQHandler
 .text.SysTick_Handler
                0x0800051c       0x10 obj\release\startup\init.o
                0x0800051c                SysTick_Handler
 .text.init_adc
                0x0800052c       0x54 obj\release\startup\init.o
                0x0800052c                init_adc
 .text.init_tim
                0x08000580       0x7c obj\release\startup\init.o
                0x08000580                init_tim
 .text.init_gpio
                0x080005fc       0x6c obj\release\startup\init.o
                0x080005fc                init_gpio
 .text.init_exti
                0x08000668       0x74 obj\release\startup\init.o
                0x08000668                init_exti
 .text.SystemInit
                0x080006dc       0xa4 obj\release\startup\init.o
                0x080006dc                SystemInit
 .text.cdc_getdesc
                0x08000780       0x48 obj\release\usb\cdc\cdc.o
 .text.cdc_setconf
                0x080007c8       0x74 obj\release\usb\cdc\cdc.o
 .text.cdc_control
                0x0800083c       0x60 obj\release\usb\cdc\cdc.o
 .text.cdc_rx   0x0800089c        0x8 obj\release\usb\cdc\cdc.o
 .text.cdc_tx   0x080008a4        0x8 obj\release\usb\cdc\cdc.o
 .text.cdc_read_size
                0x080008ac       0x28 obj\release\usb\cdc\cdc.o
                0x080008ac                cdc_read_size
 .text.cdc_read
                0x080008d4       0x30 obj\release\usb\cdc\cdc.o
                0x080008d4                cdc_read
 .text.cdc_write
                0x08000904       0x30 obj\release\usb\cdc\cdc.o
                0x08000904                cdc_write
 .text.RestartCDC
                0x08000934       0x48 obj\release\usb\cdc\cdc.o
                0x08000934                RestartCDC
 .text.InitCDC  0x0800097c       0x54 obj\release\usb\cdc\cdc.o
                0x0800097c                InitCDC
 .text.USB_LP_CAN1_RX0_IRQHandler
                0x080009d0        0xc obj\release\usb\cdc\cdc.o
                0x080009d0                USB_LP_CAN1_RX0_IRQHandler
 .text.usbd_set_address
                0x080009dc       0x20 obj\release\usb\lib\src\usbd_core.o
 .text.usbd_process_evt
                0x080009fc       0x70 obj\release\usb\lib\src\usbd_core.o
 .text.usbd_process_eptx
                0x08000a6c       0x78 obj\release\usb\lib\src\usbd_core.o
 .text.usbd_process_ep0
                0x08000ae4      0x2ac obj\release\usb\lib\src\usbd_core.o
 .text.usbd_poll
                0x08000d90        0xc obj\release\usb\lib\src\usbd_core.o
                0x08000d90                usbd_poll
 .text.get_next_pma
                0x08000d9c       0x40 obj\release\usb\lib\src\usbd_stm32f103_devfs.o
 .text.ep_setstall
                0x08000ddc       0xb8 obj\release\usb\lib\src\usbd_stm32f103_devfs.o
                0x08000ddc                ep_setstall
 .text.connect  0x08000e94       0x2c obj\release\usb\lib\src\usbd_stm32f103_devfs.o
                0x08000e94                connect
 .text.setaddr  0x08000ec0       0x10 obj\release\usb\lib\src\usbd_stm32f103_devfs.o
                0x08000ec0                setaddr
 .text.ep_config
                0x08000ed0      0x184 obj\release\usb\lib\src\usbd_stm32f103_devfs.o
                0x08000ed0                ep_config
 .text.ep_deconfig
                0x08001054       0x30 obj\release\usb\lib\src\usbd_stm32f103_devfs.o
                0x08001054                ep_deconfig
 .text.ep_read_size
                0x08001084       0x7c obj\release\usb\lib\src\usbd_stm32f103_devfs.o
                0x08001084                ep_read_size
 .text.ep_read  0x08001100      0x214 obj\release\usb\lib\src\usbd_stm32f103_devfs.o
                0x08001100                ep_read
 .text.ep_write
                0x08001314      0x25c obj\release\usb\lib\src\usbd_stm32f103_devfs.o
                0x08001314                ep_write
 .text.get_frame
                0x08001570       0x10 obj\release\usb\lib\src\usbd_stm32f103_devfs.o
                0x08001570                get_frame
 .text.evt_poll
                0x08001580      0x130 obj\release\usb\lib\src\usbd_stm32f103_devfs.o
                0x08001580                evt_poll
 .text.get_serialno_desc
                0x080016b0       0x90 obj\release\usb\lib\src\usbd_stm32f103_devfs.o
                0x080016b0                get_serialno_desc
 .text.getinfo  0x08001740       0x20 obj\release\usb\lib\src\usbd_stm32f103_devfs.o
                0x08001740                getinfo
 .text.ep_isstalled
                0x08001760       0x30 obj\release\usb\lib\src\usbd_stm32f103_devfs.o
                0x08001760                ep_isstalled
 .text.enable   0x08001790       0x64 obj\release\usb\lib\src\usbd_stm32f103_devfs.o
                0x08001790                enable
 .text.exit     0x080017f4       0x28 c:/program files (x86)/embitz/1.11/share/em_armgcc/bin/../lib/gcc/arm-none-eabi/5.4.1/../../../../arm-none-eabi/lib/armv7-m\libg_n.a(lib_a-exit.o)
                0x080017f4                exit
 .text.__libc_init_array
                0x0800181c       0x4c c:/program files (x86)/embitz/1.11/share/em_armgcc/bin/../lib/gcc/arm-none-eabi/5.4.1/../../../../arm-none-eabi/lib/armv7-m\libg_n.a(lib_a-init.o)
                0x0800181c                __libc_init_array
 .text.memset   0x08001868       0x10 c:/program files (x86)/embitz/1.11/share/em_armgcc/bin/../lib/gcc/arm-none-eabi/5.4.1/../../../../arm-none-eabi/lib/armv7-m\libg_n.a(lib_a-memset.o)
                0x08001868                memset
 .text._exit    0x08001878        0x2 c:/program files (x86)/embitz/1.11/share/em_armgcc/bin/../lib/gcc/arm-none-eabi/5.4.1/../../../../arm-none-eabi/lib/armv7-m\libnosys_s.a(_exit.o)
                0x08001878                _exit
 *(.init)
 *fill*         0x0800187a        0x2 
 .init          0x0800187c        0x4 c:/program files (x86)/embitz/1.11/share/em_armgcc/bin/../lib/gcc/arm-none-eabi/5.4.1/armv7-m/crti.o
                0x0800187c                _init
 .init          0x08001880        0x8 c:/program files (x86)/embitz/1.11/share/em_armgcc/bin/../lib/gcc/arm-none-eabi/5.4.1/armv7-m/crtn.o
 *(.fini)
 .fini          0x08001888        0x4 c:/program files (x86)/embitz/1.11/share/em_armgcc/bin/../lib/gcc/arm-none-eabi/5.4.1/armv7-m/crti.o
                0x08001888                _fini
 .fini          0x0800188c        0x8 c:/program files (x86)/embitz/1.11/share/em_armgcc/bin/../lib/gcc/arm-none-eabi/5.4.1/armv7-m/crtn.o
 *crtbegin.o(.ctors)
 *crtbegin?.o(.ctors)
 *(EXCLUDE_FILE(*crtend.o *crtend?.o) .ctors)
 *(SORT(.ctors.*))
 *(.ctors)
 *crtbegin.o(.dtors)
 *crtbegin?.o(.dtors)
 *(EXCLUDE_FILE(*crtend.o *crtend?.o) .dtors)
 *(SORT(.dtors.*))
 *(.dtors)
 *(.rodata*)
 .rodata.lang_desc
                0x08001894        0x4 obj\release\usb\cdc\cdc.o
 .rodata.prod_desc
                0x08001898       0x30 obj\release\usb\cdc\cdc.o
 .rodata.device_desc
                0x080018c8       0x12 obj\release\usb\cdc\cdc.o
 *fill*         0x080018da        0x2 
 .rodata.dtable
                0x080018dc        0xc obj\release\usb\cdc\cdc.o
 .rodata.manuf_desc
                0x080018e8       0x28 obj\release\usb\cdc\cdc.o
 .rodata.config_desc
                0x08001910       0x43 obj\release\usb\cdc\cdc.o
 *fill*         0x08001953        0x1 
 .rodata.usbd_devfs
                0x08001954       0x38 obj\release\usb\lib\src\usbd_stm32f103_devfs.o
                0x08001954                usbd_devfs
 .rodata.str1.1
                0x0800198c        0x2 c:/program files (x86)/embitz/1.11/share/em_armgcc/bin/../lib/gcc/arm-none-eabi/5.4.1/../../../../arm-none-eabi/lib/armv7-m\libg_n.a(lib_a-impure.o)
 *fill*         0x0800198e        0x2 
 .rodata._global_impure_ptr
                0x08001990        0x4 c:/program files (x86)/embitz/1.11/share/em_armgcc/bin/../lib/gcc/arm-none-eabi/5.4.1/../../../../arm-none-eabi/lib/armv7-m\libg_n.a(lib_a-impure.o)
                0x08001990                _global_impure_ptr
 *(.eh_frame*)
 .eh_frame      0x08001994        0x0 c:/program files (x86)/embitz/1.11/share/em_armgcc/bin/../lib/gcc/arm-none-eabi/5.4.1/armv7-m/crtbegin.o
 .eh_frame      0x08001994        0x4 c:/program files (x86)/embitz/1.11/share/em_armgcc/bin/../lib/gcc/arm-none-eabi/5.4.1/armv7-m/crtend.o

.glue_7         0x08001998        0x0
 .glue_7        0x08001998        0x0 linker stubs

.glue_7t        0x08001998        0x0
 .glue_7t       0x08001998        0x0 linker stubs

.vfp11_veneer   0x08001998        0x0
 .vfp11_veneer  0x08001998        0x0 linker stubs

.v4_bx          0x08001998        0x0
 .v4_bx         0x08001998        0x0 linker stubs

.iplt           0x08001998        0x0
 .iplt          0x08001998        0x0 c:/program files (x86)/embitz/1.11/share/em_armgcc/bin/../lib/gcc/arm-none-eabi/5.4.1/armv7-m/crtbegin.o

.ARM.extab
 *(.ARM.extab* .gnu.linkonce.armextab.*)
                0x08001998                __exidx_start = .

.ARM.exidx      0x08001998        0x8
 *(.ARM.exidx* .gnu.linkonce.armexidx.*)
 .ARM.exidx     0x08001998        0x8 c:/program files (x86)/embitz/1.11/share/em_armgcc/bin/../lib/gcc/arm-none-eabi/5.4.1/../../../../arm-none-eabi/lib/armv7-m/crt0.o
                0x080019a0                __exidx_end = .
                0x080019a0                __etext = .

.rel.dyn        0x080019a0        0x0
 .rel.iplt      0x080019a0        0x0 c:/program files (x86)/embitz/1.11/share/em_armgcc/bin/../lib/gcc/arm-none-eabi/5.4.1/armv7-m/crtbegin.o

.data           0x20000000       0x78 load address 0x080019a0
                0x20000000                __data_start__ = .
 *(vtable)
 *(.data*)
 .data.inc.5433
                0x20000000        0x4 obj\release\main.o
 .data.pa.5450  0x20000004        0x4 obj\release\main.o
 .data.cdc_line
                0x20000008        0x7 obj\release\usb\cdc\cdc.o
 *fill*         0x2000000f        0x1 
 .data.impure_data
                0x20000010       0x60 c:/program files (x86)/embitz/1.11/share/em_armgcc/bin/../lib/gcc/arm-none-eabi/5.4.1/../../../../arm-none-eabi/lib/armv7-m\libg_n.a(lib_a-impure.o)
                0x20000070                . = ALIGN (0x4)
                0x20000070                PROVIDE (__preinit_array_start, .)
 *(.preinit_array)
                0x20000070                PROVIDE (__preinit_array_end, .)
                0x20000070                . = ALIGN (0x4)
                0x20000070                PROVIDE (__init_array_start, .)
 *(SORT(.init_array.*))
 *(.init_array)
 .init_array    0x20000070        0x4 c:/program files (x86)/embitz/1.11/share/em_armgcc/bin/../lib/gcc/arm-none-eabi/5.4.1/armv7-m/crtbegin.o
                0x20000074                PROVIDE (__init_array_end, .)
                0x20000074                . = ALIGN (0x4)
                [!provide]                PROVIDE (__fini_array_start, .)
 *(SORT(.fini_array.*))
 *(.fini_array)
 .fini_array    0x20000074        0x4 c:/program files (x86)/embitz/1.11/share/em_armgcc/bin/../lib/gcc/arm-none-eabi/5.4.1/armv7-m/crtbegin.o
                [!provide]                PROVIDE (__fini_array_end, .)
                0x20000078                . = ALIGN (0x4)
                0x20000078                __data_end__ = .

.jcr            0x20000078        0x0 load address 0x08001a18
 .jcr           0x20000078        0x0 c:/program files (x86)/embitz/1.11/share/em_armgcc/bin/../lib/gcc/arm-none-eabi/5.4.1/armv7-m/crtbegin.o

.igot.plt       0x20000078        0x0 load address 0x08001a18
 .igot.plt      0x20000078        0x0 c:/program files (x86)/embitz/1.11/share/em_armgcc/bin/../lib/gcc/arm-none-eabi/5.4.1/armv7-m/crtbegin.o

.bss            0x20000078      0x1c4 load address 0x08001a18
                0x20000078                __bss_start__ = .
 *(.bss*)
 .bss           0x20000078       0x1c c:/program files (x86)/embitz/1.11/share/em_armgcc/bin/../lib/gcc/arm-none-eabi/5.4.1/armv7-m/crtbegin.o
 .bss.sum.5434  0x20000094        0x4 obj\release\main.o
 .bss.CCR_value
                0x20000098        0x4 obj\release\main.o
                0x20000098                CCR_value
 .bss.num.5435  0x2000009c        0x4 obj\release\main.o
 .bss.next.5456
                0x200000a0        0x4 obj\release\main.o
 .bss.mode      0x200000a4        0x4 obj\release\main.o
                0x200000a4                mode
 .bss.buf.5366  0x200000a8       0x20 obj\release\src\bridge.o
 .bss.cmdIdx.5365
                0x200000c8        0x1 obj\release\src\bridge.o
 .bss.cmdStart.5364
                0x200000c9        0x1 obj\release\src\bridge.o
 *fill*         0x200000ca        0x2 
 .bss.tick      0x200000cc        0x4 obj\release\startup\init.o
                0x200000cc                tick
 *(COMMON)
 COMMON         0x200000d0       0x82 obj\release\src\bridge.o
                0x200000d0                cdc_tx_buf
 *fill*         0x20000152        0x2 
 COMMON         0x20000154       0xe8 obj\release\usb\cdc\cdc.o
                0x20000154                udev
                0x200001bc                ubuf
                0x2000023c                __bss_end__ = .

.heap           0x20000240        0x0
                0x20000240                __end__ = .
                0x20000240                end = __end__
 *(.heap*)
 .heap          0x20000240        0x0 obj\release\startup\gcc_startup_stm32f10x_md.o
                0x20000240                __HeapLimit = .

.stack_dummy    0x20000240      0x100
 *(.stack)
 .stack         0x20000240      0x100 obj\release\startup\gcc_startup_stm32f10x_md.o
                0x20005000                __StackTop = (ORIGIN (RAM) + LENGTH (RAM))
                0x20004f00                __StackLimit = (__StackTop - SIZEOF (.stack_dummy))
                0x20005000                PROVIDE (__stack, __StackTop)
                0x00000001                ASSERT ((__StackLimit >= __HeapLimit), region RAM overflowed with stack)
LOAD obj\release\inc\gpio.o
LOAD obj\release\inc\u2a.o
LOAD obj\release\inc\watchdog.o
LOAD obj\release\main.o
LOAD obj\release\src\bridge.o
LOAD obj\release\startup\gcc_startup_stm32f10x_md.o
LOAD obj\release\startup\init.o
LOAD obj\release\usb\cdc\cdc.o
LOAD obj\release\usb\lib\src\usbd_core.o
LOAD obj\release\usb\lib\src\usbd_stm32f103_devfs.o
START GROUP
LOAD c:/program files (x86)/embitz/1.11/share/em_armgcc/bin/../lib/gcc/arm-none-eabi/5.4.1/armv7-m\libgcc.a
LOAD c:/program files (x86)/embitz/1.11/share/em_armgcc/bin/../lib/gcc/arm-none-eabi/5.4.1/../../../../arm-none-eabi/lib/armv7-m\libg_n.a
LOAD c:/program files (x86)/embitz/1.11/share/em_armgcc/bin/../lib/gcc/arm-none-eabi/5.4.1/../../../../arm-none-eabi/lib/armv7-m\libc_n.a
END GROUP
START GROUP
LOAD c:/program files (x86)/embitz/1.11/share/em_armgcc/bin/../lib/gcc/arm-none-eabi/5.4.1/armv7-m\libgcc.a
LOAD c:/program files (x86)/embitz/1.11/share/em_armgcc/bin/../lib/gcc/arm-none-eabi/5.4.1/../../../../arm-none-eabi/lib/armv7-m\libc_n.a
LOAD c:/program files (x86)/embitz/1.11/share/em_armgcc/bin/../lib/gcc/arm-none-eabi/5.4.1/../../../../arm-none-eabi/lib/armv7-m\libnosys_s.a
END GROUP
LOAD c:/program files (x86)/embitz/1.11/share/em_armgcc/bin/../lib/gcc/arm-none-eabi/5.4.1/armv7-m/crtend.o
LOAD c:/program files (x86)/embitz/1.11/share/em_armgcc/bin/../lib/gcc/arm-none-eabi/5.4.1/armv7-m/crtn.o
OUTPUT(bin\Release\servo_tester.elf elf32-littlearm)

.ARM.attributes
                0x00000000       0x29
 .ARM.attributes
                0x00000000       0x1d c:/program files (x86)/embitz/1.11/share/em_armgcc/bin/../lib/gcc/arm-none-eabi/5.4.1/armv7-m/crti.o
 .ARM.attributes
                0x0000001d       0x2d c:/program files (x86)/embitz/1.11/share/em_armgcc/bin/../lib/gcc/arm-none-eabi/5.4.1/armv7-m/crtbegin.o
 .ARM.attributes
                0x0000004a       0x1b c:/program files (x86)/embitz/1.11/share/em_armgcc/bin/../lib/gcc/arm-none-eabi/5.4.1/../../../../arm-none-eabi/lib/armv7-m/crt0.o
 .ARM.attributes
                0x00000065       0x33 obj\release\main.o
 .ARM.attributes
                0x00000098       0x33 obj\release\src\bridge.o
 .ARM.attributes
                0x000000cb       0x1b obj\release\startup\gcc_startup_stm32f10x_md.o
 .ARM.attributes
                0x000000e6       0x33 obj\release\startup\init.o
 .ARM.attributes
                0x00000119       0x33 obj\release\usb\cdc\cdc.o
 .ARM.attributes
                0x0000014c       0x33 obj\release\usb\lib\src\usbd_core.o
 .ARM.attributes
                0x0000017f       0x33 obj\release\usb\lib\src\usbd_stm32f103_devfs.o
 .ARM.attributes
                0x000001b2       0x2d c:/program files (x86)/embitz/1.11/share/em_armgcc/bin/../lib/gcc/arm-none-eabi/5.4.1/../../../../arm-none-eabi/lib/armv7-m\libg_n.a(lib_a-exit.o)
 .ARM.attributes
                0x000001df       0x2d c:/program files (x86)/embitz/1.11/share/em_armgcc/bin/../lib/gcc/arm-none-eabi/5.4.1/../../../../arm-none-eabi/lib/armv7-m\libg_n.a(lib_a-impure.o)
 .ARM.attributes
                0x0000020c       0x2d c:/program files (x86)/embitz/1.11/share/em_armgcc/bin/../lib/gcc/arm-none-eabi/5.4.1/../../../../arm-none-eabi/lib/armv7-m\libg_n.a(lib_a-init.o)
 .ARM.attributes
                0x00000239       0x2d c:/program files (x86)/embitz/1.11/share/em_armgcc/bin/../lib/gcc/arm-none-eabi/5.4.1/../../../../arm-none-eabi/lib/armv7-m\libg_n.a(lib_a-memset.o)
 .ARM.attributes
                0x00000266       0x2d c:/program files (x86)/embitz/1.11/share/em_armgcc/bin/../lib/gcc/arm-none-eabi/5.4.1/../../../../arm-none-eabi/lib/armv7-m\libnosys_s.a(_exit.o)
 .ARM.attributes
                0x00000293       0x2d c:/program files (x86)/embitz/1.11/share/em_armgcc/bin/../lib/gcc/arm-none-eabi/5.4.1/armv7-m/crtend.o
 .ARM.attributes
                0x000002c0       0x1d c:/program files (x86)/embitz/1.11/share/em_armgcc/bin/../lib/gcc/arm-none-eabi/5.4.1/armv7-m/crtn.o

.comment        0x00000000       0x6e
 .comment       0x00000000       0x6e obj\release\main.o
                                 0x6f (size before relaxing)
 .comment       0x0000006e       0x6f obj\release\src\bridge.o
 .comment       0x0000006e       0x6f obj\release\startup\init.o
 .comment       0x0000006e       0x6f obj\release\usb\cdc\cdc.o
 .comment       0x0000006e       0x6f obj\release\usb\lib\src\usbd_core.o
 .comment       0x0000006e       0x6f obj\release\usb\lib\src\usbd_stm32f103_devfs.o

.debug_info     0x00000000     0x590e
 .debug_info    0x00000000      0xbe2 obj\release\main.o
 .debug_info    0x00000be2      0x2ac obj\release\src\bridge.o
 .debug_info    0x00000e8e       0x6d obj\release\startup\gcc_startup_stm32f10x_md.o
 .debug_info    0x00000efb      0xc6c obj\release\startup\init.o
 .debug_info    0x00001b67     0x192f obj\release\usb\cdc\cdc.o
 .debug_info    0x00003496      0xcf9 obj\release\usb\lib\src\usbd_core.o
 .debug_info    0x0000418f     0x177f obj\release\usb\lib\src\usbd_stm32f103_devfs.o

.debug_abbrev   0x00000000     0x1266
 .debug_abbrev  0x00000000      0x2f1 obj\release\main.o
 .debug_abbrev  0x000002f1      0x17b obj\release\src\bridge.o
 .debug_abbrev  0x0000046c       0x14 obj\release\startup\gcc_startup_stm32f10x_md.o
 .debug_abbrev  0x00000480      0x23e obj\release\startup\init.o
 .debug_abbrev  0x000006be      0x45e obj\release\usb\cdc\cdc.o
 .debug_abbrev  0x00000b1c      0x2ce obj\release\usb\lib\src\usbd_core.o
 .debug_abbrev  0x00000dea      0x47c obj\release\usb\lib\src\usbd_stm32f103_devfs.o

.debug_loc      0x00000000     0x26fb
 .debug_loc     0x00000000       0xc7 obj\release\main.o
 .debug_loc     0x000000c7       0xd7 obj\release\src\bridge.o
 .debug_loc     0x0000019e       0xc9 obj\release\startup\init.o
 .debug_loc     0x00000267      0x904 obj\release\usb\cdc\cdc.o
 .debug_loc     0x00000b6b      0x718 obj\release\usb\lib\src\usbd_core.o
 .debug_loc     0x00001283     0x1478 obj\release\usb\lib\src\usbd_stm32f103_devfs.o

.debug_aranges  0x00000000      0x248
 .debug_aranges
                0x00000000       0x50 obj\release\main.o
 .debug_aranges
                0x00000050       0x30 obj\release\src\bridge.o
 .debug_aranges
                0x00000080       0x20 obj\release\startup\gcc_startup_stm32f10x_md.o
 .debug_aranges
                0x000000a0       0x58 obj\release\startup\init.o
 .debug_aranges
                0x000000f8       0x80 obj\release\usb\cdc\cdc.o
 .debug_aranges
                0x00000178       0x40 obj\release\usb\lib\src\usbd_core.o
 .debug_aranges
                0x000001b8       0x90 obj\release\usb\lib\src\usbd_stm32f103_devfs.o

.debug_ranges   0x00000000      0x9a8
 .debug_ranges  0x00000000       0x88 obj\release\main.o
 .debug_ranges  0x00000088       0x38 obj\release\src\bridge.o
 .debug_ranges  0x000000c0      0x110 obj\release\startup\init.o
 .debug_ranges  0x000001d0      0x218 obj\release\usb\cdc\cdc.o
 .debug_ranges  0x000003e8      0x108 obj\release\usb\lib\src\usbd_core.o
 .debug_ranges  0x000004f0      0x4b8 obj\release\usb\lib\src\usbd_stm32f103_devfs.o

.debug_line     0x00000000     0x15e1
 .debug_line    0x00000000      0x2e7 obj\release\main.o
 .debug_line    0x000002e7      0x20d obj\release\src\bridge.o
 .debug_line    0x000004f4       0xb3 obj\release\startup\gcc_startup_stm32f10x_md.o
 .debug_line    0x000005a7      0x338 obj\release\startup\init.o
 .debug_line    0x000008df      0x39b obj\release\usb\cdc\cdc.o
 .debug_line    0x00000c7a      0x286 obj\release\usb\lib\src\usbd_core.o
 .debug_line    0x00000f00      0x6e1 obj\release\usb\lib\src\usbd_stm32f103_devfs.o

.debug_str      0x00000000     0x13b9
 .debug_str     0x00000000      0x5cb obj\release\main.o
                                0x6d8 (size before relaxing)
 .debug_str     0x000005cb       0x80 obj\release\src\bridge.o
                                0x247 (size before relaxing)
 .debug_str     0x0000064b      0x4c8 obj\release\startup\init.o
                                0x759 (size before relaxing)
 .debug_str     0x00000b13      0x5da obj\release\usb\cdc\cdc.o
                                0xe7e (size before relaxing)
 .debug_str     0x000010ed      0x199 obj\release\usb\lib\src\usbd_core.o
                                0x742 (size before relaxing)
 .debug_str     0x00001286      0x133 obj\release\usb\lib\src\usbd_stm32f103_devfs.o
                                0x750 (size before relaxing)

.debug_frame    0x00000000      0x654
 .debug_frame   0x00000000       0xd0 obj\release\main.o
 .debug_frame   0x000000d0       0x68 obj\release\src\bridge.o
 .debug_frame   0x00000138       0xd8 obj\release\startup\init.o
 .debug_frame   0x00000210      0x170 obj\release\usb\cdc\cdc.o
 .debug_frame   0x00000380       0xb8 obj\release\usb\lib\src\usbd_core.o
 .debug_frame   0x00000438      0x188 obj\release\usb\lib\src\usbd_stm32f103_devfs.o
 .debug_frame   0x000005c0       0x28 c:/program files (x86)/embitz/1.11/share/em_armgcc/bin/../lib/gcc/arm-none-eabi/5.4.1/../../../../arm-none-eabi/lib/armv7-m\libg_n.a(lib_a-exit.o)
 .debug_frame   0x000005e8       0x2c c:/program files (x86)/embitz/1.11/share/em_armgcc/bin/../lib/gcc/arm-none-eabi/5.4.1/../../../../arm-none-eabi/lib/armv7-m\libg_n.a(lib_a-init.o)
 .debug_frame   0x00000614       0x20 c:/program files (x86)/embitz/1.11/share/em_armgcc/bin/../lib/gcc/arm-none-eabi/5.4.1/../../../../arm-none-eabi/lib/armv7-m\libg_n.a(lib_a-memset.o)
 .debug_frame   0x00000634       0x20 c:/program files (x86)/embitz/1.11/share/em_armgcc/bin/../lib/gcc/arm-none-eabi/5.4.1/../../../../arm-none-eabi/lib/armv7-m\libnosys_s.a(_exit.o)
