Archive member included to satisfy reference by file (symbol)

c:/program files (x86)/embitz/1.11/share/em_armgcc/bin/../lib/gcc/arm-none-eabi/5.4.1/armv7-m\libgcc.a(_arm_addsubdf3.o)
                              obj\debug\inc\u2a.o (__aeabi_f2d)
c:/program files (x86)/embitz/1.11/share/em_armgcc/bin/../lib/gcc/arm-none-eabi/5.4.1/armv7-m\libgcc.a(_arm_muldivdf3.o)
                              obj\debug\inc\u2a.o (__aeabi_dmul)
c:/program files (x86)/embitz/1.11/share/em_armgcc/bin/../lib/gcc/arm-none-eabi/5.4.1/armv7-m\libgcc.a(_arm_truncdfsf2.o)
                              obj\debug\inc\u2a.o (__aeabi_d2f)
c:/program files (x86)/embitz/1.11/share/em_armgcc/bin/../lib/gcc/arm-none-eabi/5.4.1/armv7-m\libgcc.a(_arm_addsubsf3.o)
                              obj\debug\inc\u2a.o (__aeabi_ui2f)
c:/program files (x86)/embitz/1.11/share/em_armgcc/bin/../lib/gcc/arm-none-eabi/5.4.1/armv7-m\libgcc.a(_arm_muldivsf3.o)
                              obj\debug\inc\u2a.o (__aeabi_fmul)
c:/program files (x86)/embitz/1.11/share/em_armgcc/bin/../lib/gcc/arm-none-eabi/5.4.1/armv7-m\libgcc.a(_arm_cmpsf2.o)
                              obj\debug\inc\u2a.o (__aeabi_fcmpeq)
c:/program files (x86)/embitz/1.11/share/em_armgcc/bin/../lib/gcc/arm-none-eabi/5.4.1/../../../../arm-none-eabi/lib/armv7-m\libg_n.a(lib_a-exit.o)
                              c:/program files (x86)/embitz/1.11/share/em_armgcc/bin/../lib/gcc/arm-none-eabi/5.4.1/../../../../arm-none-eabi/lib/armv7-m/crt0.o (exit)
c:/program files (x86)/embitz/1.11/share/em_armgcc/bin/../lib/gcc/arm-none-eabi/5.4.1/../../../../arm-none-eabi/lib/armv7-m\libg_n.a(lib_a-impure.o)
                              c:/program files (x86)/embitz/1.11/share/em_armgcc/bin/../lib/gcc/arm-none-eabi/5.4.1/../../../../arm-none-eabi/lib/armv7-m\libg_n.a(lib_a-exit.o) (_global_impure_ptr)
c:/program files (x86)/embitz/1.11/share/em_armgcc/bin/../lib/gcc/arm-none-eabi/5.4.1/../../../../arm-none-eabi/lib/armv7-m\libg_n.a(lib_a-init.o)
                              c:/program files (x86)/embitz/1.11/share/em_armgcc/bin/../lib/gcc/arm-none-eabi/5.4.1/../../../../arm-none-eabi/lib/armv7-m/crt0.o (__libc_init_array)
c:/program files (x86)/embitz/1.11/share/em_armgcc/bin/../lib/gcc/arm-none-eabi/5.4.1/../../../../arm-none-eabi/lib/armv7-m\libg_n.a(lib_a-memmove.o)
                              obj\debug\usb\cdc\cdc.o (memmove)
c:/program files (x86)/embitz/1.11/share/em_armgcc/bin/../lib/gcc/arm-none-eabi/5.4.1/../../../../arm-none-eabi/lib/armv7-m\libg_n.a(lib_a-memset.o)
                              c:/program files (x86)/embitz/1.11/share/em_armgcc/bin/../lib/gcc/arm-none-eabi/5.4.1/../../../../arm-none-eabi/lib/armv7-m/crt0.o (memset)
c:/program files (x86)/embitz/1.11/share/em_armgcc/bin/../lib/gcc/arm-none-eabi/5.4.1/../../../../arm-none-eabi/lib/armv7-m\libg_n.a(lib_a-strlen.o)
                              obj\debug\inc\u2a.o (strlen)
c:/program files (x86)/embitz/1.11/share/em_armgcc/bin/../lib/gcc/arm-none-eabi/5.4.1/../../../../arm-none-eabi/lib/armv7-m\libnosys_s.a(_exit.o)
                              c:/program files (x86)/embitz/1.11/share/em_armgcc/bin/../lib/gcc/arm-none-eabi/5.4.1/../../../../arm-none-eabi/lib/armv7-m\libg_n.a(lib_a-exit.o) (_exit)

Allocating common symbols
Common symbol       size              file

cdc_tx_buf          0x82              obj\debug\src\bridge.o
udev                0x68              obj\debug\usb\cdc\cdc.o
ubuf                0x80              obj\debug\usb\cdc\cdc.o

Discarded input sections

 .text          0x00000000        0x0 c:/program files (x86)/embitz/1.11/share/em_armgcc/bin/../lib/gcc/arm-none-eabi/5.4.1/armv7-m/crti.o
 .data          0x00000000        0x0 c:/program files (x86)/embitz/1.11/share/em_armgcc/bin/../lib/gcc/arm-none-eabi/5.4.1/armv7-m/crti.o
 .bss           0x00000000        0x0 c:/program files (x86)/embitz/1.11/share/em_armgcc/bin/../lib/gcc/arm-none-eabi/5.4.1/armv7-m/crti.o
 .data          0x00000000        0x4 c:/program files (x86)/embitz/1.11/share/em_armgcc/bin/../lib/gcc/arm-none-eabi/5.4.1/armv7-m/crtbegin.o
 .data          0x00000000        0x0 c:/program files (x86)/embitz/1.11/share/em_armgcc/bin/../lib/gcc/arm-none-eabi/5.4.1/../../../../arm-none-eabi/lib/armv7-m/crt0.o
 .bss           0x00000000        0x0 c:/program files (x86)/embitz/1.11/share/em_armgcc/bin/../lib/gcc/arm-none-eabi/5.4.1/../../../../arm-none-eabi/lib/armv7-m/crt0.o
 .ARM.extab     0x00000000        0x0 c:/program files (x86)/embitz/1.11/share/em_armgcc/bin/../lib/gcc/arm-none-eabi/5.4.1/../../../../arm-none-eabi/lib/armv7-m/crt0.o
 .group         0x00000000        0x8 obj\debug\inc\gpio.o
 .group         0x00000000        0x8 obj\debug\inc\gpio.o
 .group         0x00000000        0x8 obj\debug\inc\gpio.o
 .group         0x00000000        0x8 obj\debug\inc\gpio.o
 .group         0x00000000        0x8 obj\debug\inc\gpio.o
 .group         0x00000000        0x8 obj\debug\inc\gpio.o
 .group         0x00000000        0x8 obj\debug\inc\gpio.o
 .group         0x00000000        0x8 obj\debug\inc\gpio.o
 .group         0x00000000        0x8 obj\debug\inc\gpio.o
 .group         0x00000000        0x8 obj\debug\inc\gpio.o
 .group         0x00000000        0x8 obj\debug\inc\gpio.o
 .group         0x00000000        0x8 obj\debug\inc\gpio.o
 .group         0x00000000        0x8 obj\debug\inc\gpio.o
 .group         0x00000000        0x8 obj\debug\inc\gpio.o
 .group         0x00000000        0x8 obj\debug\inc\gpio.o
 .group         0x00000000        0x8 obj\debug\inc\gpio.o
 .text          0x00000000        0x0 obj\debug\inc\gpio.o
 .data          0x00000000        0x0 obj\debug\inc\gpio.o
 .bss           0x00000000        0x0 obj\debug\inc\gpio.o
 .text.SetPin   0x00000000       0x34 obj\debug\inc\gpio.o
 .text.GetPin   0x00000000       0x2c obj\debug\inc\gpio.o
 .text.SerialIn
                0x00000000       0x90 obj\debug\inc\gpio.o
 .debug_info    0x00000000      0x279 obj\debug\inc\gpio.o
 .debug_abbrev  0x00000000      0x105 obj\debug\inc\gpio.o
 .debug_aranges
                0x00000000       0x30 obj\debug\inc\gpio.o
 .debug_ranges  0x00000000       0x20 obj\debug\inc\gpio.o
 .debug_macro   0x00000000       0xd7 obj\debug\inc\gpio.o
 .debug_macro   0x00000000      0x898 obj\debug\inc\gpio.o
 .debug_macro   0x00000000       0x34 obj\debug\inc\gpio.o
 .debug_macro   0x00000000       0x28 obj\debug\inc\gpio.o
 .debug_macro   0x00000000       0x22 obj\debug\inc\gpio.o
 .debug_macro   0x00000000       0x22 obj\debug\inc\gpio.o
 .debug_macro   0x00000000       0x87 obj\debug\inc\gpio.o
 .debug_macro   0x00000000       0x44 obj\debug\inc\gpio.o
 .debug_macro   0x00000000       0xfd obj\debug\inc\gpio.o
 .debug_macro   0x00000000       0x5e obj\debug\inc\gpio.o
 .debug_macro   0x00000000      0x1df obj\debug\inc\gpio.o
 .debug_macro   0x00000000       0x34 obj\debug\inc\gpio.o
 .debug_macro   0x00000000       0x34 obj\debug\inc\gpio.o
 .debug_macro   0x00000000      0xb8e obj\debug\inc\gpio.o
 .debug_macro   0x00000000     0xe6e1 obj\debug\inc\gpio.o
 .debug_macro   0x00000000       0x43 obj\debug\inc\gpio.o
 .debug_macro   0x00000000       0xe8 obj\debug\inc\gpio.o
 .debug_line    0x00000000      0x2f3 obj\debug\inc\gpio.o
 .debug_str     0x00000000    0x54782 obj\debug\inc\gpio.o
 .comment       0x00000000       0x6f obj\debug\inc\gpio.o
 .debug_frame   0x00000000       0x88 obj\debug\inc\gpio.o
 .ARM.attributes
                0x00000000       0x33 obj\debug\inc\gpio.o
 .group         0x00000000        0x8 obj\debug\inc\u2a.o
 .group         0x00000000        0x8 obj\debug\inc\u2a.o
 .group         0x00000000        0x8 obj\debug\inc\u2a.o
 .group         0x00000000        0x8 obj\debug\inc\u2a.o
 .group         0x00000000        0x8 obj\debug\inc\u2a.o
 .group         0x00000000        0x8 obj\debug\inc\u2a.o
 .group         0x00000000        0x8 obj\debug\inc\u2a.o
 .text          0x00000000        0x0 obj\debug\inc\u2a.o
 .data          0x00000000        0x0 obj\debug\inc\u2a.o
 .bss           0x00000000        0x0 obj\debug\inc\u2a.o
 .text.divmodu10
                0x00000000       0x90 obj\debug\inc\u2a.o
 .text.utoa     0x00000000       0x48 obj\debug\inc\u2a.o
 .text.itoa     0x00000000       0x70 obj\debug\inc\u2a.o
 .text.utoaLTR  0x00000000       0x3c obj\debug\inc\u2a.o
 .text.itoaLTR  0x00000000       0x3c obj\debug\inc\u2a.o
 .text.utoaLTRCB
                0x00000000       0x44 obj\debug\inc\u2a.o
 .text.itoaLTRCB
                0x00000000       0x44 obj\debug\inc\u2a.o
 .text.MantissaMul
                0x00000000       0x40 obj\debug\inc\u2a.o
 .rodata.table2
                0x00000000       0x80 obj\debug\inc\u2a.o
 .text.ftoaEngine
                0x00000000      0x210 obj\debug\inc\u2a.o
 .text.ftoa     0x00000000      0x250 obj\debug\inc\u2a.o
 .text.ftoaCB   0x00000000       0x38 obj\debug\inc\u2a.o
 .text.parseFloat
                0x00000000      0x194 obj\debug\inc\u2a.o
 .debug_info    0x00000000      0x795 obj\debug\inc\u2a.o
 .debug_abbrev  0x00000000      0x1d4 obj\debug\inc\u2a.o
 .debug_aranges
                0x00000000       0x78 obj\debug\inc\u2a.o
 .debug_ranges  0x00000000       0x68 obj\debug\inc\u2a.o
 .debug_macro   0x00000000       0x6d obj\debug\inc\u2a.o
 .debug_macro   0x00000000      0x898 obj\debug\inc\u2a.o
 .debug_macro   0x00000000       0x22 obj\debug\inc\u2a.o
 .debug_macro   0x00000000       0x87 obj\debug\inc\u2a.o
 .debug_macro   0x00000000       0x44 obj\debug\inc\u2a.o
 .debug_macro   0x00000000       0xfd obj\debug\inc\u2a.o
 .debug_macro   0x00000000       0x5e obj\debug\inc\u2a.o
 .debug_macro   0x00000000      0x1df obj\debug\inc\u2a.o
 .debug_line    0x00000000      0x42f obj\debug\inc\u2a.o
 .debug_str     0x00000000     0x35b5 obj\debug\inc\u2a.o
 .comment       0x00000000       0x6f obj\debug\inc\u2a.o
 .debug_frame   0x00000000      0x1e0 obj\debug\inc\u2a.o
 .ARM.attributes
                0x00000000       0x33 obj\debug\inc\u2a.o
 .group         0x00000000        0x8 obj\debug\inc\watchdog.o
 .group         0x00000000        0x8 obj\debug\inc\watchdog.o
 .group         0x00000000        0x8 obj\debug\inc\watchdog.o
 .group         0x00000000        0x8 obj\debug\inc\watchdog.o
 .group         0x00000000        0x8 obj\debug\inc\watchdog.o
 .group         0x00000000        0x8 obj\debug\inc\watchdog.o
 .group         0x00000000        0x8 obj\debug\inc\watchdog.o
 .group         0x00000000        0x8 obj\debug\inc\watchdog.o
 .group         0x00000000        0x8 obj\debug\inc\watchdog.o
 .group         0x00000000        0x8 obj\debug\inc\watchdog.o
 .group         0x00000000        0x8 obj\debug\inc\watchdog.o
 .group         0x00000000        0x8 obj\debug\inc\watchdog.o
 .group         0x00000000        0x8 obj\debug\inc\watchdog.o
 .group         0x00000000        0x8 obj\debug\inc\watchdog.o
 .group         0x00000000        0x8 obj\debug\inc\watchdog.o
 .text          0x00000000        0x0 obj\debug\inc\watchdog.o
 .data          0x00000000        0x0 obj\debug\inc\watchdog.o
 .bss           0x00000000        0x0 obj\debug\inc\watchdog.o
 .text.IWDG_InitEx
                0x00000000       0x68 obj\debug\inc\watchdog.o
 .text.IWDG_Init
                0x00000000       0x3c obj\debug\inc\watchdog.o
 .text.IWDG_reset
                0x00000000       0x18 obj\debug\inc\watchdog.o
 .debug_info    0x00000000      0x182 obj\debug\inc\watchdog.o
 .debug_abbrev  0x00000000       0xe3 obj\debug\inc\watchdog.o
 .debug_aranges
                0x00000000       0x30 obj\debug\inc\watchdog.o
 .debug_ranges  0x00000000       0x20 obj\debug\inc\watchdog.o
 .debug_macro   0x00000000       0xcc obj\debug\inc\watchdog.o
 .debug_macro   0x00000000      0x898 obj\debug\inc\watchdog.o
 .debug_macro   0x00000000       0x22 obj\debug\inc\watchdog.o
 .debug_macro   0x00000000       0x87 obj\debug\inc\watchdog.o
 .debug_macro   0x00000000       0x44 obj\debug\inc\watchdog.o
 .debug_macro   0x00000000       0xfd obj\debug\inc\watchdog.o
 .debug_macro   0x00000000       0x5e obj\debug\inc\watchdog.o
 .debug_macro   0x00000000      0x1df obj\debug\inc\watchdog.o
 .debug_macro   0x00000000       0x34 obj\debug\inc\watchdog.o
 .debug_macro   0x00000000       0x28 obj\debug\inc\watchdog.o
 .debug_macro   0x00000000       0x22 obj\debug\inc\watchdog.o
 .debug_macro   0x00000000       0x3a obj\debug\inc\watchdog.o
 .debug_macro   0x00000000       0x34 obj\debug\inc\watchdog.o
 .debug_macro   0x00000000      0xb8e obj\debug\inc\watchdog.o
 .debug_macro   0x00000000     0xe6e1 obj\debug\inc\watchdog.o
 .debug_macro   0x00000000       0x43 obj\debug\inc\watchdog.o
 .debug_line    0x00000000      0x2fa obj\debug\inc\watchdog.o
 .debug_str     0x00000000    0x540a7 obj\debug\inc\watchdog.o
 .comment       0x00000000       0x6f obj\debug\inc\watchdog.o
 .debug_frame   0x00000000       0x7c obj\debug\inc\watchdog.o
 .ARM.attributes
                0x00000000       0x33 obj\debug\inc\watchdog.o
 .group         0x00000000        0x8 obj\debug\main.o
 .group         0x00000000        0x8 obj\debug\main.o
 .group         0x00000000        0x8 obj\debug\main.o
 .group         0x00000000        0x8 obj\debug\main.o
 .group         0x00000000        0x8 obj\debug\main.o
 .group         0x00000000        0x8 obj\debug\main.o
 .group         0x00000000        0x8 obj\debug\main.o
 .group         0x00000000        0x8 obj\debug\main.o
 .group         0x00000000        0x8 obj\debug\main.o
 .group         0x00000000        0x8 obj\debug\main.o
 .group         0x00000000        0x8 obj\debug\main.o
 .group         0x00000000        0x8 obj\debug\main.o
 .group         0x00000000        0x8 obj\debug\main.o
 .group         0x00000000        0x8 obj\debug\main.o
 .group         0x00000000        0x8 obj\debug\main.o
 .group         0x00000000        0x8 obj\debug\main.o
 .group         0x00000000        0x8 obj\debug\main.o
 .group         0x00000000        0x8 obj\debug\main.o
 .group         0x00000000        0x8 obj\debug\main.o
 .group         0x00000000        0x8 obj\debug\main.o
 .group         0x00000000        0x8 obj\debug\main.o
 .group         0x00000000        0x8 obj\debug\main.o
 .group         0x00000000        0x8 obj\debug\main.o
 .group         0x00000000        0x8 obj\debug\main.o
 .group         0x00000000        0x8 obj\debug\main.o
 .group         0x00000000        0x8 obj\debug\main.o
 .group         0x00000000        0x8 obj\debug\main.o
 .text          0x00000000        0x0 obj\debug\main.o
 .data          0x00000000        0x0 obj\debug\main.o
 .bss           0x00000000        0x0 obj\debug\main.o
 .bss.TestMode  0x00000000        0x4 obj\debug\main.o
 .text.TX_CB    0x00000000       0x38 obj\debug\main.o
 .text.PrintVal
                0x00000000       0x90 obj\debug\main.o
 .debug_macro   0x00000000      0x898 obj\debug\main.o
 .debug_macro   0x00000000       0x22 obj\debug\main.o
 .debug_macro   0x00000000       0x87 obj\debug\main.o
 .debug_macro   0x00000000       0x44 obj\debug\main.o
 .debug_macro   0x00000000       0xfd obj\debug\main.o
 .debug_macro   0x00000000       0x5e obj\debug\main.o
 .debug_macro   0x00000000      0x1df obj\debug\main.o
 .debug_macro   0x00000000       0x34 obj\debug\main.o
 .debug_macro   0x00000000       0x28 obj\debug\main.o
 .debug_macro   0x00000000       0x22 obj\debug\main.o
 .debug_macro   0x00000000       0x3a obj\debug\main.o
 .debug_macro   0x00000000       0x34 obj\debug\main.o
 .debug_macro   0x00000000      0xb8e obj\debug\main.o
 .debug_macro   0x00000000     0xe6e1 obj\debug\main.o
 .debug_macro   0x00000000       0x43 obj\debug\main.o
 .debug_macro   0x00000000       0xe8 obj\debug\main.o
 .group         0x00000000        0x8 obj\debug\src\bridge.o
 .group         0x00000000        0x8 obj\debug\src\bridge.o
 .group         0x00000000        0x8 obj\debug\src\bridge.o
 .group         0x00000000        0x8 obj\debug\src\bridge.o
 .group         0x00000000        0x8 obj\debug\src\bridge.o
 .group         0x00000000        0x8 obj\debug\src\bridge.o
 .group         0x00000000        0x8 obj\debug\src\bridge.o
 .group         0x00000000        0x8 obj\debug\src\bridge.o
 .group         0x00000000        0x8 obj\debug\src\bridge.o
 .group         0x00000000        0x8 obj\debug\src\bridge.o
 .group         0x00000000        0x8 obj\debug\src\bridge.o
 .group         0x00000000        0x8 obj\debug\src\bridge.o
 .group         0x00000000        0x8 obj\debug\src\bridge.o
 .group         0x00000000        0x8 obj\debug\src\bridge.o
 .group         0x00000000        0x8 obj\debug\src\bridge.o
 .group         0x00000000        0x8 obj\debug\src\bridge.o
 .group         0x00000000        0x8 obj\debug\src\bridge.o
 .group         0x00000000        0x8 obj\debug\src\bridge.o
 .group         0x00000000        0x8 obj\debug\src\bridge.o
 .group         0x00000000        0x8 obj\debug\src\bridge.o
 .group         0x00000000        0x8 obj\debug\src\bridge.o
 .group         0x00000000        0x8 obj\debug\src\bridge.o
 .group         0x00000000        0x8 obj\debug\src\bridge.o
 .group         0x00000000        0x8 obj\debug\src\bridge.o
 .group         0x00000000        0x8 obj\debug\src\bridge.o
 .group         0x00000000        0x8 obj\debug\src\bridge.o
 .text          0x00000000        0x0 obj\debug\src\bridge.o
 .data          0x00000000        0x0 obj\debug\src\bridge.o
 .bss           0x00000000        0x0 obj\debug\src\bridge.o
 .text.ProcessCMD
                0x00000000       0x18 obj\debug\src\bridge.o
 .debug_macro   0x00000000      0x898 obj\debug\src\bridge.o
 .debug_macro   0x00000000       0x34 obj\debug\src\bridge.o
 .debug_macro   0x00000000       0x28 obj\debug\src\bridge.o
 .debug_macro   0x00000000       0x22 obj\debug\src\bridge.o
 .debug_macro   0x00000000       0x22 obj\debug\src\bridge.o
 .debug_macro   0x00000000       0x87 obj\debug\src\bridge.o
 .debug_macro   0x00000000       0x44 obj\debug\src\bridge.o
 .debug_macro   0x00000000       0xfd obj\debug\src\bridge.o
 .debug_macro   0x00000000       0x5e obj\debug\src\bridge.o
 .debug_macro   0x00000000      0x1df obj\debug\src\bridge.o
 .debug_macro   0x00000000       0x34 obj\debug\src\bridge.o
 .debug_macro   0x00000000       0x34 obj\debug\src\bridge.o
 .debug_macro   0x00000000      0xb8e obj\debug\src\bridge.o
 .debug_macro   0x00000000     0xe6e1 obj\debug\src\bridge.o
 .debug_macro   0x00000000       0x43 obj\debug\src\bridge.o
 .debug_macro   0x00000000       0xe8 obj\debug\src\bridge.o
 .debug_macro   0x00000000       0x22 obj\debug\src\bridge.o
 .debug_macro   0x00000000      0x5e8 obj\debug\src\bridge.o
 .debug_macro   0x00000000       0x64 obj\debug\src\bridge.o
 .debug_macro   0x00000000       0x10 obj\debug\src\bridge.o
 .debug_macro   0x00000000      0x12d obj\debug\src\bridge.o
 .debug_macro   0x00000000       0x22 obj\debug\src\bridge.o
 .debug_macro   0x00000000       0x9a obj\debug\src\bridge.o
 .debug_macro   0x00000000       0x28 obj\debug\src\bridge.o
 .debug_macro   0x00000000       0xe8 obj\debug\src\bridge.o
 .debug_macro   0x00000000       0x64 obj\debug\src\bridge.o
 .data          0x00000000        0x0 obj\debug\startup\gcc_startup_stm32f10x_md.o
 .bss           0x00000000        0x0 obj\debug\startup\gcc_startup_stm32f10x_md.o
 .group         0x00000000        0x8 obj\debug\startup\init.o
 .group         0x00000000        0x8 obj\debug\startup\init.o
 .group         0x00000000        0x8 obj\debug\startup\init.o
 .group         0x00000000        0x8 obj\debug\startup\init.o
 .group         0x00000000        0x8 obj\debug\startup\init.o
 .group         0x00000000        0x8 obj\debug\startup\init.o
 .group         0x00000000        0x8 obj\debug\startup\init.o
 .group         0x00000000        0x8 obj\debug\startup\init.o
 .group         0x00000000        0x8 obj\debug\startup\init.o
 .group         0x00000000        0x8 obj\debug\startup\init.o
 .group         0x00000000        0x8 obj\debug\startup\init.o
 .group         0x00000000        0x8 obj\debug\startup\init.o
 .group         0x00000000        0x8 obj\debug\startup\init.o
 .group         0x00000000        0x8 obj\debug\startup\init.o
 .group         0x00000000        0x8 obj\debug\startup\init.o
 .group         0x00000000        0x8 obj\debug\startup\init.o
 .group         0x00000000        0x8 obj\debug\startup\init.o
 .group         0x00000000        0x8 obj\debug\startup\init.o
 .group         0x00000000        0x8 obj\debug\startup\init.o
 .group         0x00000000        0x8 obj\debug\startup\init.o
 .group         0x00000000        0x8 obj\debug\startup\init.o
 .group         0x00000000        0x8 obj\debug\startup\init.o
 .group         0x00000000        0x8 obj\debug\startup\init.o
 .group         0x00000000        0x8 obj\debug\startup\init.o
 .text          0x00000000        0x0 obj\debug\startup\init.o
 .data          0x00000000        0x0 obj\debug\startup\init.o
 .bss           0x00000000        0x0 obj\debug\startup\init.o
 .text.init_usart1
                0x00000000       0x54 obj\debug\startup\init.o
 .text.init_exti
                0x00000000       0x94 obj\debug\startup\init.o
 .debug_macro   0x00000000      0x898 obj\debug\startup\init.o
 .debug_macro   0x00000000       0x34 obj\debug\startup\init.o
 .debug_macro   0x00000000       0x28 obj\debug\startup\init.o
 .debug_macro   0x00000000       0x22 obj\debug\startup\init.o
 .debug_macro   0x00000000       0x22 obj\debug\startup\init.o
 .debug_macro   0x00000000       0x87 obj\debug\startup\init.o
 .debug_macro   0x00000000       0x44 obj\debug\startup\init.o
 .debug_macro   0x00000000       0xfd obj\debug\startup\init.o
 .debug_macro   0x00000000       0x5e obj\debug\startup\init.o
 .debug_macro   0x00000000      0x1df obj\debug\startup\init.o
 .debug_macro   0x00000000       0x34 obj\debug\startup\init.o
 .debug_macro   0x00000000       0x34 obj\debug\startup\init.o
 .debug_macro   0x00000000      0xb8e obj\debug\startup\init.o
 .debug_macro   0x00000000     0xe6e1 obj\debug\startup\init.o
 .debug_macro   0x00000000       0x43 obj\debug\startup\init.o
 .debug_macro   0x00000000       0x64 obj\debug\startup\init.o
 .debug_macro   0x00000000       0xe8 obj\debug\startup\init.o
 .debug_macro   0x00000000       0x64 obj\debug\startup\init.o
 .debug_macro   0x00000000       0xe8 obj\debug\startup\init.o
 .debug_macro   0x00000000       0x22 obj\debug\startup\init.o
 .debug_macro   0x00000000      0x5e8 obj\debug\startup\init.o
 .debug_macro   0x00000000       0x10 obj\debug\startup\init.o
 .debug_macro   0x00000000      0x12d obj\debug\startup\init.o
 .debug_macro   0x00000000       0x22 obj\debug\startup\init.o
 .group         0x00000000        0x8 obj\debug\usb\cdc\cdc.o
 .group         0x00000000        0x8 obj\debug\usb\cdc\cdc.o
 .group         0x00000000        0x8 obj\debug\usb\cdc\cdc.o
 .group         0x00000000        0x8 obj\debug\usb\cdc\cdc.o
 .group         0x00000000        0x8 obj\debug\usb\cdc\cdc.o
 .group         0x00000000        0x8 obj\debug\usb\cdc\cdc.o
 .group         0x00000000        0x8 obj\debug\usb\cdc\cdc.o
 .group         0x00000000        0x8 obj\debug\usb\cdc\cdc.o
 .group         0x00000000        0x8 obj\debug\usb\cdc\cdc.o
 .group         0x00000000        0x8 obj\debug\usb\cdc\cdc.o
 .group         0x00000000        0x8 obj\debug\usb\cdc\cdc.o
 .group         0x00000000        0x8 obj\debug\usb\cdc\cdc.o
 .group         0x00000000        0x8 obj\debug\usb\cdc\cdc.o
 .group         0x00000000        0x8 obj\debug\usb\cdc\cdc.o
 .group         0x00000000        0x8 obj\debug\usb\cdc\cdc.o
 .group         0x00000000        0x8 obj\debug\usb\cdc\cdc.o
 .group         0x00000000        0x8 obj\debug\usb\cdc\cdc.o
 .group         0x00000000        0x8 obj\debug\usb\cdc\cdc.o
 .group         0x00000000        0x8 obj\debug\usb\cdc\cdc.o
 .group         0x00000000        0x8 obj\debug\usb\cdc\cdc.o
 .group         0x00000000        0x8 obj\debug\usb\cdc\cdc.o
 .group         0x00000000        0x8 obj\debug\usb\cdc\cdc.o
 .group         0x00000000        0x8 obj\debug\usb\cdc\cdc.o
 .group         0x00000000        0x8 obj\debug\usb\cdc\cdc.o
 .group         0x00000000        0x8 obj\debug\usb\cdc\cdc.o
 .group         0x00000000        0x8 obj\debug\usb\cdc\cdc.o
 .group         0x00000000        0x8 obj\debug\usb\cdc\cdc.o
 .group         0x00000000        0x8 obj\debug\usb\cdc\cdc.o
 .group         0x00000000        0x8 obj\debug\usb\cdc\cdc.o
 .group         0x00000000        0x8 obj\debug\usb\cdc\cdc.o
 .group         0x00000000        0x8 obj\debug\usb\cdc\cdc.o
 .group         0x00000000        0x8 obj\debug\usb\cdc\cdc.o
 .group         0x00000000        0x8 obj\debug\usb\cdc\cdc.o
 .group         0x00000000        0x8 obj\debug\usb\cdc\cdc.o
 .text          0x00000000        0x0 obj\debug\usb\cdc\cdc.o
 .data          0x00000000        0x0 obj\debug\usb\cdc\cdc.o
 .bss           0x00000000        0x0 obj\debug\usb\cdc\cdc.o
 .text.cdc_rx_callback
                0x00000000        0xc obj\debug\usb\cdc\cdc.o
 .text.cdc_tx_callback
                0x00000000        0xc obj\debug\usb\cdc\cdc.o
 .debug_macro   0x00000000      0x898 obj\debug\usb\cdc\cdc.o
 .debug_macro   0x00000000       0x22 obj\debug\usb\cdc\cdc.o
 .debug_macro   0x00000000       0x87 obj\debug\usb\cdc\cdc.o
 .debug_macro   0x00000000       0x44 obj\debug\usb\cdc\cdc.o
 .debug_macro   0x00000000       0xfd obj\debug\usb\cdc\cdc.o
 .debug_macro   0x00000000       0x5e obj\debug\usb\cdc\cdc.o
 .debug_macro   0x00000000      0x1df obj\debug\usb\cdc\cdc.o
 .debug_macro   0x00000000       0x22 obj\debug\usb\cdc\cdc.o
 .debug_macro   0x00000000       0xe8 obj\debug\usb\cdc\cdc.o
 .debug_macro   0x00000000      0x5e8 obj\debug\usb\cdc\cdc.o
 .debug_macro   0x00000000       0x64 obj\debug\usb\cdc\cdc.o
 .debug_macro   0x00000000       0x10 obj\debug\usb\cdc\cdc.o
 .debug_macro   0x00000000      0x12d obj\debug\usb\cdc\cdc.o
 .debug_macro   0x00000000       0x22 obj\debug\usb\cdc\cdc.o
 .debug_macro   0x00000000       0x34 obj\debug\usb\cdc\cdc.o
 .debug_macro   0x00000000       0x28 obj\debug\usb\cdc\cdc.o
 .debug_macro   0x00000000       0x22 obj\debug\usb\cdc\cdc.o
 .debug_macro   0x00000000       0x3a obj\debug\usb\cdc\cdc.o
 .debug_macro   0x00000000       0x34 obj\debug\usb\cdc\cdc.o
 .debug_macro   0x00000000      0xb8e obj\debug\usb\cdc\cdc.o
 .debug_macro   0x00000000     0xe6e1 obj\debug\usb\cdc\cdc.o
 .debug_macro   0x00000000       0x43 obj\debug\usb\cdc\cdc.o
 .group         0x00000000        0x8 obj\debug\usb\lib\src\usbd_core.o
 .group         0x00000000        0x8 obj\debug\usb\lib\src\usbd_core.o
 .group         0x00000000        0x8 obj\debug\usb\lib\src\usbd_core.o
 .group         0x00000000        0x8 obj\debug\usb\lib\src\usbd_core.o
 .group         0x00000000        0x8 obj\debug\usb\lib\src\usbd_core.o
 .group         0x00000000        0x8 obj\debug\usb\lib\src\usbd_core.o
 .group         0x00000000        0x8 obj\debug\usb\lib\src\usbd_core.o
 .group         0x00000000        0x8 obj\debug\usb\lib\src\usbd_core.o
 .group         0x00000000        0x8 obj\debug\usb\lib\src\usbd_core.o
 .group         0x00000000        0x8 obj\debug\usb\lib\src\usbd_core.o
 .group         0x00000000        0x8 obj\debug\usb\lib\src\usbd_core.o
 .group         0x00000000        0x8 obj\debug\usb\lib\src\usbd_core.o
 .group         0x00000000        0x8 obj\debug\usb\lib\src\usbd_core.o
 .group         0x00000000        0x8 obj\debug\usb\lib\src\usbd_core.o
 .group         0x00000000        0x8 obj\debug\usb\lib\src\usbd_core.o
 .group         0x00000000        0x8 obj\debug\usb\lib\src\usbd_core.o
 .group         0x00000000        0x8 obj\debug\usb\lib\src\usbd_core.o
 .group         0x00000000        0x8 obj\debug\usb\lib\src\usbd_core.o
 .group         0x00000000        0x8 obj\debug\usb\lib\src\usbd_core.o
 .group         0x00000000        0x8 obj\debug\usb\lib\src\usbd_core.o
 .group         0x00000000        0x8 obj\debug\usb\lib\src\usbd_core.o
 .group         0x00000000        0x8 obj\debug\usb\lib\src\usbd_core.o
 .group         0x00000000        0x8 obj\debug\usb\lib\src\usbd_core.o
 .group         0x00000000        0x8 obj\debug\usb\lib\src\usbd_core.o
 .text          0x00000000        0x0 obj\debug\usb\lib\src\usbd_core.o
 .data          0x00000000        0x0 obj\debug\usb\lib\src\usbd_core.o
 .bss           0x00000000        0x0 obj\debug\usb\lib\src\usbd_core.o
 .debug_macro   0x00000000      0x898 obj\debug\usb\lib\src\usbd_core.o
 .debug_macro   0x00000000       0x22 obj\debug\usb\lib\src\usbd_core.o
 .debug_macro   0x00000000       0x87 obj\debug\usb\lib\src\usbd_core.o
 .debug_macro   0x00000000       0x44 obj\debug\usb\lib\src\usbd_core.o
 .debug_macro   0x00000000       0xfd obj\debug\usb\lib\src\usbd_core.o
 .debug_macro   0x00000000       0x5e obj\debug\usb\lib\src\usbd_core.o
 .debug_macro   0x00000000      0x1df obj\debug\usb\lib\src\usbd_core.o
 .debug_macro   0x00000000       0x22 obj\debug\usb\lib\src\usbd_core.o
 .debug_macro   0x00000000       0x52 obj\debug\usb\lib\src\usbd_core.o
 .debug_macro   0x00000000       0x35 obj\debug\usb\lib\src\usbd_core.o
 .debug_macro   0x00000000       0x9c obj\debug\usb\lib\src\usbd_core.o
 .debug_macro   0x00000000      0x174 obj\debug\usb\lib\src\usbd_core.o
 .debug_macro   0x00000000       0x52 obj\debug\usb\lib\src\usbd_core.o
 .debug_macro   0x00000000       0x1f obj\debug\usb\lib\src\usbd_core.o
 .debug_macro   0x00000000       0x43 obj\debug\usb\lib\src\usbd_core.o
 .debug_macro   0x00000000       0x20 obj\debug\usb\lib\src\usbd_core.o
 .debug_macro   0x00000000      0x187 obj\debug\usb\lib\src\usbd_core.o
 .debug_macro   0x00000000      0x30d obj\debug\usb\lib\src\usbd_core.o
 .debug_macro   0x00000000       0x10 obj\debug\usb\lib\src\usbd_core.o
 .debug_macro   0x00000000       0x35 obj\debug\usb\lib\src\usbd_core.o
 .debug_macro   0x00000000       0xe8 obj\debug\usb\lib\src\usbd_core.o
 .debug_macro   0x00000000      0x5e8 obj\debug\usb\lib\src\usbd_core.o
 .debug_macro   0x00000000       0x64 obj\debug\usb\lib\src\usbd_core.o
 .debug_macro   0x00000000       0x10 obj\debug\usb\lib\src\usbd_core.o
 .group         0x00000000        0x8 obj\debug\usb\lib\src\usbd_stm32f103_devfs.o
 .group         0x00000000        0x8 obj\debug\usb\lib\src\usbd_stm32f103_devfs.o
 .group         0x00000000        0x8 obj\debug\usb\lib\src\usbd_stm32f103_devfs.o
 .group         0x00000000        0x8 obj\debug\usb\lib\src\usbd_stm32f103_devfs.o
 .group         0x00000000        0x8 obj\debug\usb\lib\src\usbd_stm32f103_devfs.o
 .group         0x00000000        0x8 obj\debug\usb\lib\src\usbd_stm32f103_devfs.o
 .group         0x00000000        0x8 obj\debug\usb\lib\src\usbd_stm32f103_devfs.o
 .group         0x00000000        0x8 obj\debug\usb\lib\src\usbd_stm32f103_devfs.o
 .group         0x00000000        0x8 obj\debug\usb\lib\src\usbd_stm32f103_devfs.o
 .group         0x00000000        0x8 obj\debug\usb\lib\src\usbd_stm32f103_devfs.o
 .group         0x00000000        0x8 obj\debug\usb\lib\src\usbd_stm32f103_devfs.o
 .group         0x00000000        0x8 obj\debug\usb\lib\src\usbd_stm32f103_devfs.o
 .group         0x00000000        0x8 obj\debug\usb\lib\src\usbd_stm32f103_devfs.o
 .group         0x00000000        0x8 obj\debug\usb\lib\src\usbd_stm32f103_devfs.o
 .group         0x00000000        0x8 obj\debug\usb\lib\src\usbd_stm32f103_devfs.o
 .group         0x00000000        0x8 obj\debug\usb\lib\src\usbd_stm32f103_devfs.o
 .group         0x00000000        0x8 obj\debug\usb\lib\src\usbd_stm32f103_devfs.o
 .group         0x00000000        0x8 obj\debug\usb\lib\src\usbd_stm32f103_devfs.o
 .group         0x00000000        0x8 obj\debug\usb\lib\src\usbd_stm32f103_devfs.o
 .group         0x00000000        0x8 obj\debug\usb\lib\src\usbd_stm32f103_devfs.o
 .text          0x00000000        0x0 obj\debug\usb\lib\src\usbd_stm32f103_devfs.o
 .data          0x00000000        0x0 obj\debug\usb\lib\src\usbd_stm32f103_devfs.o
 .bss           0x00000000        0x0 obj\debug\usb\lib\src\usbd_stm32f103_devfs.o
 .debug_macro   0x00000000      0x898 obj\debug\usb\lib\src\usbd_stm32f103_devfs.o
 .debug_macro   0x00000000       0x22 obj\debug\usb\lib\src\usbd_stm32f103_devfs.o
 .debug_macro   0x00000000       0x87 obj\debug\usb\lib\src\usbd_stm32f103_devfs.o
 .debug_macro   0x00000000       0x44 obj\debug\usb\lib\src\usbd_stm32f103_devfs.o
 .debug_macro   0x00000000       0xfd obj\debug\usb\lib\src\usbd_stm32f103_devfs.o
 .debug_macro   0x00000000       0x5e obj\debug\usb\lib\src\usbd_stm32f103_devfs.o
 .debug_macro   0x00000000      0x1df obj\debug\usb\lib\src\usbd_stm32f103_devfs.o
 .debug_macro   0x00000000       0x22 obj\debug\usb\lib\src\usbd_stm32f103_devfs.o
 .debug_macro   0x00000000       0x34 obj\debug\usb\lib\src\usbd_stm32f103_devfs.o
 .debug_macro   0x00000000       0x28 obj\debug\usb\lib\src\usbd_stm32f103_devfs.o
 .debug_macro   0x00000000       0x22 obj\debug\usb\lib\src\usbd_stm32f103_devfs.o
 .debug_macro   0x00000000       0x3a obj\debug\usb\lib\src\usbd_stm32f103_devfs.o
 .debug_macro   0x00000000       0x34 obj\debug\usb\lib\src\usbd_stm32f103_devfs.o
 .debug_macro   0x00000000      0xb8e obj\debug\usb\lib\src\usbd_stm32f103_devfs.o
 .debug_macro   0x00000000     0xe6e1 obj\debug\usb\lib\src\usbd_stm32f103_devfs.o
 .debug_macro   0x00000000       0x43 obj\debug\usb\lib\src\usbd_stm32f103_devfs.o
 .debug_macro   0x00000000       0xe8 obj\debug\usb\lib\src\usbd_stm32f103_devfs.o
 .debug_macro   0x00000000      0x5e8 obj\debug\usb\lib\src\usbd_stm32f103_devfs.o
 .debug_macro   0x00000000       0x64 obj\debug\usb\lib\src\usbd_stm32f103_devfs.o
 .debug_macro   0x00000000       0x10 obj\debug\usb\lib\src\usbd_stm32f103_devfs.o
 .text          0x00000000      0x370 c:/program files (x86)/embitz/1.11/share/em_armgcc/bin/../lib/gcc/arm-none-eabi/5.4.1/armv7-m\libgcc.a(_arm_addsubdf3.o)
 .data          0x00000000        0x0 c:/program files (x86)/embitz/1.11/share/em_armgcc/bin/../lib/gcc/arm-none-eabi/5.4.1/armv7-m\libgcc.a(_arm_addsubdf3.o)
 .bss           0x00000000        0x0 c:/program files (x86)/embitz/1.11/share/em_armgcc/bin/../lib/gcc/arm-none-eabi/5.4.1/armv7-m\libgcc.a(_arm_addsubdf3.o)
 .ARM.attributes
                0x00000000       0x1d c:/program files (x86)/embitz/1.11/share/em_armgcc/bin/../lib/gcc/arm-none-eabi/5.4.1/armv7-m\libgcc.a(_arm_addsubdf3.o)
 .text          0x00000000      0x424 c:/program files (x86)/embitz/1.11/share/em_armgcc/bin/../lib/gcc/arm-none-eabi/5.4.1/armv7-m\libgcc.a(_arm_muldivdf3.o)
 .data          0x00000000        0x0 c:/program files (x86)/embitz/1.11/share/em_armgcc/bin/../lib/gcc/arm-none-eabi/5.4.1/armv7-m\libgcc.a(_arm_muldivdf3.o)
 .bss           0x00000000        0x0 c:/program files (x86)/embitz/1.11/share/em_armgcc/bin/../lib/gcc/arm-none-eabi/5.4.1/armv7-m\libgcc.a(_arm_muldivdf3.o)
 .ARM.attributes
                0x00000000       0x1d c:/program files (x86)/embitz/1.11/share/em_armgcc/bin/../lib/gcc/arm-none-eabi/5.4.1/armv7-m\libgcc.a(_arm_muldivdf3.o)
 .text          0x00000000       0xa0 c:/program files (x86)/embitz/1.11/share/em_armgcc/bin/../lib/gcc/arm-none-eabi/5.4.1/armv7-m\libgcc.a(_arm_truncdfsf2.o)
 .data          0x00000000        0x0 c:/program files (x86)/embitz/1.11/share/em_armgcc/bin/../lib/gcc/arm-none-eabi/5.4.1/armv7-m\libgcc.a(_arm_truncdfsf2.o)
 .bss           0x00000000        0x0 c:/program files (x86)/embitz/1.11/share/em_armgcc/bin/../lib/gcc/arm-none-eabi/5.4.1/armv7-m\libgcc.a(_arm_truncdfsf2.o)
 .ARM.attributes
                0x00000000       0x1d c:/program files (x86)/embitz/1.11/share/em_armgcc/bin/../lib/gcc/arm-none-eabi/5.4.1/armv7-m\libgcc.a(_arm_truncdfsf2.o)
 .text          0x00000000      0x21c c:/program files (x86)/embitz/1.11/share/em_armgcc/bin/../lib/gcc/arm-none-eabi/5.4.1/armv7-m\libgcc.a(_arm_addsubsf3.o)
 .data          0x00000000        0x0 c:/program files (x86)/embitz/1.11/share/em_armgcc/bin/../lib/gcc/arm-none-eabi/5.4.1/armv7-m\libgcc.a(_arm_addsubsf3.o)
 .bss           0x00000000        0x0 c:/program files (x86)/embitz/1.11/share/em_armgcc/bin/../lib/gcc/arm-none-eabi/5.4.1/armv7-m\libgcc.a(_arm_addsubsf3.o)
 .ARM.attributes
                0x00000000       0x1d c:/program files (x86)/embitz/1.11/share/em_armgcc/bin/../lib/gcc/arm-none-eabi/5.4.1/armv7-m\libgcc.a(_arm_addsubsf3.o)
 .text          0x00000000      0x2a0 c:/program files (x86)/embitz/1.11/share/em_armgcc/bin/../lib/gcc/arm-none-eabi/5.4.1/armv7-m\libgcc.a(_arm_muldivsf3.o)
 .data          0x00000000        0x0 c:/program files (x86)/embitz/1.11/share/em_armgcc/bin/../lib/gcc/arm-none-eabi/5.4.1/armv7-m\libgcc.a(_arm_muldivsf3.o)
 .bss           0x00000000        0x0 c:/program files (x86)/embitz/1.11/share/em_armgcc/bin/../lib/gcc/arm-none-eabi/5.4.1/armv7-m\libgcc.a(_arm_muldivsf3.o)
 .ARM.attributes
                0x00000000       0x1d c:/program files (x86)/embitz/1.11/share/em_armgcc/bin/../lib/gcc/arm-none-eabi/5.4.1/armv7-m\libgcc.a(_arm_muldivsf3.o)
 .text          0x00000000       0xec c:/program files (x86)/embitz/1.11/share/em_armgcc/bin/../lib/gcc/arm-none-eabi/5.4.1/armv7-m\libgcc.a(_arm_cmpsf2.o)
 .data          0x00000000        0x0 c:/program files (x86)/embitz/1.11/share/em_armgcc/bin/../lib/gcc/arm-none-eabi/5.4.1/armv7-m\libgcc.a(_arm_cmpsf2.o)
 .bss           0x00000000        0x0 c:/program files (x86)/embitz/1.11/share/em_armgcc/bin/../lib/gcc/arm-none-eabi/5.4.1/armv7-m\libgcc.a(_arm_cmpsf2.o)
 .ARM.attributes
                0x00000000       0x1d c:/program files (x86)/embitz/1.11/share/em_armgcc/bin/../lib/gcc/arm-none-eabi/5.4.1/armv7-m\libgcc.a(_arm_cmpsf2.o)
 .text          0x00000000        0x0 c:/program files (x86)/embitz/1.11/share/em_armgcc/bin/../lib/gcc/arm-none-eabi/5.4.1/../../../../arm-none-eabi/lib/armv7-m\libg_n.a(lib_a-exit.o)
 .data          0x00000000        0x0 c:/program files (x86)/embitz/1.11/share/em_armgcc/bin/../lib/gcc/arm-none-eabi/5.4.1/../../../../arm-none-eabi/lib/armv7-m\libg_n.a(lib_a-exit.o)
 .bss           0x00000000        0x0 c:/program files (x86)/embitz/1.11/share/em_armgcc/bin/../lib/gcc/arm-none-eabi/5.4.1/../../../../arm-none-eabi/lib/armv7-m\libg_n.a(lib_a-exit.o)
 .text          0x00000000        0x0 c:/program files (x86)/embitz/1.11/share/em_armgcc/bin/../lib/gcc/arm-none-eabi/5.4.1/../../../../arm-none-eabi/lib/armv7-m\libg_n.a(lib_a-impure.o)
 .data          0x00000000        0x0 c:/program files (x86)/embitz/1.11/share/em_armgcc/bin/../lib/gcc/arm-none-eabi/5.4.1/../../../../arm-none-eabi/lib/armv7-m\libg_n.a(lib_a-impure.o)
 .bss           0x00000000        0x0 c:/program files (x86)/embitz/1.11/share/em_armgcc/bin/../lib/gcc/arm-none-eabi/5.4.1/../../../../arm-none-eabi/lib/armv7-m\libg_n.a(lib_a-impure.o)
 .data._impure_ptr
                0x00000000        0x4 c:/program files (x86)/embitz/1.11/share/em_armgcc/bin/../lib/gcc/arm-none-eabi/5.4.1/../../../../arm-none-eabi/lib/armv7-m\libg_n.a(lib_a-impure.o)
 .text          0x00000000        0x0 c:/program files (x86)/embitz/1.11/share/em_armgcc/bin/../lib/gcc/arm-none-eabi/5.4.1/../../../../arm-none-eabi/lib/armv7-m\libg_n.a(lib_a-init.o)
 .data          0x00000000        0x0 c:/program files (x86)/embitz/1.11/share/em_armgcc/bin/../lib/gcc/arm-none-eabi/5.4.1/../../../../arm-none-eabi/lib/armv7-m\libg_n.a(lib_a-init.o)
 .bss           0x00000000        0x0 c:/program files (x86)/embitz/1.11/share/em_armgcc/bin/../lib/gcc/arm-none-eabi/5.4.1/../../../../arm-none-eabi/lib/armv7-m\libg_n.a(lib_a-init.o)
 .text          0x00000000        0x0 c:/program files (x86)/embitz/1.11/share/em_armgcc/bin/../lib/gcc/arm-none-eabi/5.4.1/../../../../arm-none-eabi/lib/armv7-m\libg_n.a(lib_a-memmove.o)
 .data          0x00000000        0x0 c:/program files (x86)/embitz/1.11/share/em_armgcc/bin/../lib/gcc/arm-none-eabi/5.4.1/../../../../arm-none-eabi/lib/armv7-m\libg_n.a(lib_a-memmove.o)
 .bss           0x00000000        0x0 c:/program files (x86)/embitz/1.11/share/em_armgcc/bin/../lib/gcc/arm-none-eabi/5.4.1/../../../../arm-none-eabi/lib/armv7-m\libg_n.a(lib_a-memmove.o)
 .text          0x00000000        0x0 c:/program files (x86)/embitz/1.11/share/em_armgcc/bin/../lib/gcc/arm-none-eabi/5.4.1/../../../../arm-none-eabi/lib/armv7-m\libg_n.a(lib_a-memset.o)
 .data          0x00000000        0x0 c:/program files (x86)/embitz/1.11/share/em_armgcc/bin/../lib/gcc/arm-none-eabi/5.4.1/../../../../arm-none-eabi/lib/armv7-m\libg_n.a(lib_a-memset.o)
 .bss           0x00000000        0x0 c:/program files (x86)/embitz/1.11/share/em_armgcc/bin/../lib/gcc/arm-none-eabi/5.4.1/../../../../arm-none-eabi/lib/armv7-m\libg_n.a(lib_a-memset.o)
 .text          0x00000000       0x10 c:/program files (x86)/embitz/1.11/share/em_armgcc/bin/../lib/gcc/arm-none-eabi/5.4.1/../../../../arm-none-eabi/lib/armv7-m\libg_n.a(lib_a-strlen.o)
 .data          0x00000000        0x0 c:/program files (x86)/embitz/1.11/share/em_armgcc/bin/../lib/gcc/arm-none-eabi/5.4.1/../../../../arm-none-eabi/lib/armv7-m\libg_n.a(lib_a-strlen.o)
 .bss           0x00000000        0x0 c:/program files (x86)/embitz/1.11/share/em_armgcc/bin/../lib/gcc/arm-none-eabi/5.4.1/../../../../arm-none-eabi/lib/armv7-m\libg_n.a(lib_a-strlen.o)
 .ARM.attributes
                0x00000000       0x17 c:/program files (x86)/embitz/1.11/share/em_armgcc/bin/../lib/gcc/arm-none-eabi/5.4.1/../../../../arm-none-eabi/lib/armv7-m\libg_n.a(lib_a-strlen.o)
 .text          0x00000000        0x0 c:/program files (x86)/embitz/1.11/share/em_armgcc/bin/../lib/gcc/arm-none-eabi/5.4.1/../../../../arm-none-eabi/lib/armv7-m\libnosys_s.a(_exit.o)
 .data          0x00000000        0x0 c:/program files (x86)/embitz/1.11/share/em_armgcc/bin/../lib/gcc/arm-none-eabi/5.4.1/../../../../arm-none-eabi/lib/armv7-m\libnosys_s.a(_exit.o)
 .bss           0x00000000        0x0 c:/program files (x86)/embitz/1.11/share/em_armgcc/bin/../lib/gcc/arm-none-eabi/5.4.1/../../../../arm-none-eabi/lib/armv7-m\libnosys_s.a(_exit.o)
 .text          0x00000000        0x0 c:/program files (x86)/embitz/1.11/share/em_armgcc/bin/../lib/gcc/arm-none-eabi/5.4.1/armv7-m/crtend.o
 .data          0x00000000        0x0 c:/program files (x86)/embitz/1.11/share/em_armgcc/bin/../lib/gcc/arm-none-eabi/5.4.1/armv7-m/crtend.o
 .bss           0x00000000        0x0 c:/program files (x86)/embitz/1.11/share/em_armgcc/bin/../lib/gcc/arm-none-eabi/5.4.1/armv7-m/crtend.o
 .jcr           0x00000000        0x4 c:/program files (x86)/embitz/1.11/share/em_armgcc/bin/../lib/gcc/arm-none-eabi/5.4.1/armv7-m/crtend.o
 .text          0x00000000        0x0 c:/program files (x86)/embitz/1.11/share/em_armgcc/bin/../lib/gcc/arm-none-eabi/5.4.1/armv7-m/crtn.o
 .data          0x00000000        0x0 c:/program files (x86)/embitz/1.11/share/em_armgcc/bin/../lib/gcc/arm-none-eabi/5.4.1/armv7-m/crtn.o
 .bss           0x00000000        0x0 c:/program files (x86)/embitz/1.11/share/em_armgcc/bin/../lib/gcc/arm-none-eabi/5.4.1/armv7-m/crtn.o

Memory Configuration

Name             Origin             Length             Attributes
ROM              0x08000000         0x00010000         xr
RAM              0x20000000         0x00005000         xrw
*default*        0x00000000         0xffffffff

Linker script and memory map

LOAD c:/program files (x86)/embitz/1.11/share/em_armgcc/bin/../lib/gcc/arm-none-eabi/5.4.1/armv7-m/crti.o
LOAD c:/program files (x86)/embitz/1.11/share/em_armgcc/bin/../lib/gcc/arm-none-eabi/5.4.1/armv7-m/crtbegin.o
LOAD c:/program files (x86)/embitz/1.11/share/em_armgcc/bin/../lib/gcc/arm-none-eabi/5.4.1/../../../../arm-none-eabi/lib/armv7-m/crt0.o
                0x00000000                __HEAP_SIZE = 0x0
                0x00000100                __STACK_SIZE = 0x100

.text           0x08000000     0x24c0
 *(.isr_vector)
 .isr_vector    0x08000000       0xec obj\debug\startup\gcc_startup_stm32f10x_md.o
                0x08000000                __isr_vector
 *(.text*)
 .text          0x080000ec       0x5c c:/program files (x86)/embitz/1.11/share/em_armgcc/bin/../lib/gcc/arm-none-eabi/5.4.1/armv7-m/crtbegin.o
 .text          0x08000148       0x74 c:/program files (x86)/embitz/1.11/share/em_armgcc/bin/../lib/gcc/arm-none-eabi/5.4.1/../../../../arm-none-eabi/lib/armv7-m/crt0.o
                0x08000148                _start
                0x08000148                _mainCRTStartup
 .text.ProcessCMD
                0x080001bc       0x18 obj\debug\main.o
                0x080001bc                ProcessCMD
 .text.ADC1_2_IRQHandler
                0x080001d4       0xb8 obj\debug\main.o
                0x080001d4                ADC1_2_IRQHandler
 .text.TIM4_IRQHandler
                0x0800028c       0x24 obj\debug\main.o
                0x0800028c                TIM4_IRQHandler
 .text.EXTI2_IRQHandler
                0x080002b0       0x68 obj\debug\main.o
                0x080002b0                EXTI2_IRQHandler
 .text.main     0x08000318       0xf8 obj\debug\main.o
                0x08000318                main
 .text.cdc_rx_callback
                0x08000410       0xec obj\debug\src\bridge.o
                0x08000410                cdc_rx_callback
 .text.cdc_tx_callback
                0x080004fc       0x98 obj\debug\src\bridge.o
                0x080004fc                cdc_tx_callback
 .text          0x08000594       0xb8 obj\debug\startup\gcc_startup_stm32f10x_md.o
                0x08000594                Reset_Handler
                0x080005da                NMI_Handler
                0x080005dc                HardFault_Handler
                0x080005de                MemManage_Handler
                0x080005e0                BusFault_Handler
                0x080005e2                UsageFault_Handler
                0x080005e4                SVC_Handler
                0x080005e6                DebugMon_Handler
                0x080005e8                PendSV_Handler
                0x080005ec                Default_Handler
                0x080005ee                WWDG_IRQHandler
                0x080005f0                PVD_IRQHandler
                0x080005f2                TAMPER_IRQHandler
                0x080005f4                RTC_IRQHandler
                0x080005f6                FLASH_IRQHandler
                0x080005f8                RCC_IRQHandler
                0x080005fa                EXTI0_IRQHandler
                0x080005fc                EXTI1_IRQHandler
                0x08000600                EXTI3_IRQHandler
                0x08000602                EXTI4_IRQHandler
                0x08000604                DMA1_Channel1_IRQHandler
                0x08000606                DMA1_Channel2_IRQHandler
                0x08000608                DMA1_Channel3_IRQHandler
                0x0800060a                DMA1_Channel4_IRQHandler
                0x0800060c                DMA1_Channel5_IRQHandler
                0x0800060e                DMA1_Channel6_IRQHandler
                0x08000610                DMA1_Channel7_IRQHandler
                0x08000614                USB_HP_CAN1_TX_IRQHandler
                0x08000618                CAN1_RX1_IRQHandler
                0x0800061a                CAN1_SCE_IRQHandler
                0x0800061c                EXTI9_5_IRQHandler
                0x0800061e                TIM1_BRK_IRQHandler
                0x08000620                TIM1_UP_IRQHandler
                0x08000622                TIM1_TRG_COM_IRQHandler
                0x08000624                TIM1_CC_IRQHandler
                0x08000626                TIM2_IRQHandler
                0x08000628                TIM3_IRQHandler
                0x0800062c                I2C1_EV_IRQHandler
                0x0800062e                I2C1_ER_IRQHandler
                0x08000630                I2C2_EV_IRQHandler
                0x08000632                I2C2_ER_IRQHandler
                0x08000634                SPI1_IRQHandler
                0x08000636                SPI2_IRQHandler
                0x08000638                USART1_IRQHandler
                0x0800063a                USART2_IRQHandler
                0x0800063c                USART3_IRQHandler
                0x0800063e                EXTI15_10_IRQHandler
                0x08000640                RTCAlarm_IRQHandler
                0x08000642                USBWakeUp_IRQHandler
 .text.NVIC_EnableIRQ
                0x0800064c       0x30 obj\debug\startup\init.o
 .text.NVIC_SetPriority
                0x0800067c       0x54 obj\debug\startup\init.o
 .text.SysTick_Handler
                0x080006d0       0x1c obj\debug\startup\init.o
                0x080006d0                SysTick_Handler
 .text.init_rcc
                0x080006ec       0xa8 obj\debug\startup\init.o
 .text.init_adc
                0x08000794       0x68 obj\debug\startup\init.o
                0x08000794                init_adc
 .text.calibrate_adc
                0x080007fc       0x2c obj\debug\startup\init.o
                0x080007fc                calibrate_adc
 .text.init_tim
                0x08000828       0x98 obj\debug\startup\init.o
                0x08000828                init_tim
 .text.init_gpio
                0x080008c0       0xa8 obj\debug\startup\init.o
                0x080008c0                init_gpio
 .text.SystemInit
                0x08000968       0x1c obj\debug\startup\init.o
                0x08000968                SystemInit
 .text.usbd_init
                0x08000984       0x40 obj\debug\usb\cdc\cdc.o
 .text.usbd_reg_control
                0x080009c4       0x1c obj\debug\usb\cdc\cdc.o
 .text.usbd_reg_config
                0x080009e0       0x1c obj\debug\usb\cdc\cdc.o
 .text.usbd_reg_descr
                0x080009fc       0x1c obj\debug\usb\cdc\cdc.o
 .text.usbd_ep_config
                0x08000a18       0x34 obj\debug\usb\cdc\cdc.o
 .text.usbd_ep_deconfig
                0x08000a4c       0x20 obj\debug\usb\cdc\cdc.o
 .text.usbd_reg_endpoint
                0x08000a6c       0x2c obj\debug\usb\cdc\cdc.o
 .text.usbd_ep_write
                0x08000a98       0x2c obj\debug\usb\cdc\cdc.o
 .text.usbd_ep_read_size
                0x08000ac4       0x24 obj\debug\usb\cdc\cdc.o
 .text.usbd_ep_read
                0x08000ae8       0x2c obj\debug\usb\cdc\cdc.o
 .text.usbd_enable
                0x08000b14       0x20 obj\debug\usb\cdc\cdc.o
 .text.usbd_connect
                0x08000b34       0x24 obj\debug\usb\cdc\cdc.o
 .text.NVIC_EnableIRQ
                0x08000b58       0x30 obj\debug\usb\cdc\cdc.o
 .text.cdc_getdesc
                0x08000b88       0x88 obj\debug\usb\cdc\cdc.o
 .text.cdc_control
                0x08000c10       0x74 obj\debug\usb\cdc\cdc.o
 .text.cdc_read_size
                0x08000c84       0x24 obj\debug\usb\cdc\cdc.o
                0x08000c84                cdc_read_size
 .text.cdc_read
                0x08000ca8       0x34 obj\debug\usb\cdc\cdc.o
                0x08000ca8                cdc_read
 .text.cdc_write
                0x08000cdc       0x34 obj\debug\usb\cdc\cdc.o
                0x08000cdc                cdc_write
 .text.cdc_rx   0x08000d10       0x1c obj\debug\usb\cdc\cdc.o
 .text.cdc_tx   0x08000d2c       0x1c obj\debug\usb\cdc\cdc.o
 .text.cdc_setconf
                0x08000d48       0xa4 obj\debug\usb\cdc\cdc.o
 .text.cdc_init_usbd
                0x08000dec       0x4c obj\debug\usb\cdc\cdc.o
 .text.RestartCDC
                0x08000e38       0x60 obj\debug\usb\cdc\cdc.o
                0x08000e38                RestartCDC
 .text.InitCDC  0x08000e98       0x20 obj\debug\usb\cdc\cdc.o
                0x08000e98                InitCDC
 .text.USBIsAvailable
                0x08000eb8       0x38 obj\debug\usb\cdc\cdc.o
                0x08000eb8                USBIsAvailable
 .text.USB_LP_CAN1_RX0_IRQHandler
                0x08000ef0       0x14 obj\debug\usb\cdc\cdc.o
                0x08000ef0                USB_LP_CAN1_RX0_IRQHandler
 .text.usbd_getinfo
                0x08000f04       0x1c obj\debug\usb\lib\src\usbd_core.o
 .text.usbd_process_reset
                0x08000f20       0x50 obj\debug\usb\lib\src\usbd_core.o
 .text.usbd_set_address
                0x08000f70       0x38 obj\debug\usb\lib\src\usbd_core.o
 .text.usbd_process_callback
                0x08000fa8       0x2c obj\debug\usb\lib\src\usbd_core.o
 .text.usbd_configure
                0x08000fd4       0x50 obj\debug\usb\lib\src\usbd_core.o
 .text.usbd_process_devrq
                0x08001024       0xf0 obj\debug\usb\lib\src\usbd_core.o
 .text.usbd_process_intrq
                0x08001114       0x30 obj\debug\usb\lib\src\usbd_core.o
 .text.usbd_process_eptrq
                0x08001144       0x74 obj\debug\usb\lib\src\usbd_core.o
 .text.usbd_process_request
                0x080011b8       0x74 obj\debug\usb\lib\src\usbd_core.o
 .text.usbd_stall_pid
                0x0800122c       0x44 obj\debug\usb\lib\src\usbd_core.o
 .text.usbd_process_eptx
                0x08001270       0xd4 obj\debug\usb\lib\src\usbd_core.o
 .text.usbd_process_eprx
                0x08001344      0x1cc obj\debug\usb\lib\src\usbd_core.o
 .text.usbd_process_ep0
                0x08001510       0x4c obj\debug\usb\lib\src\usbd_core.o
 .text.usbd_process_evt
                0x0800155c       0x94 obj\debug\usb\lib\src\usbd_core.o
 .text.usbd_poll
                0x080015f0       0x20 obj\debug\usb\lib\src\usbd_core.o
                0x080015f0                usbd_poll
 .text.EPT      0x08001610       0x24 obj\debug\usb\lib\src\usbd_stm32f103_devfs.o
 .text.PMA      0x08001634       0x20 obj\debug\usb\lib\src\usbd_stm32f103_devfs.o
 .text.set_gpiox
                0x08001654       0x1c obj\debug\usb\lib\src\usbd_stm32f103_devfs.o
 .text.EPR      0x08001670       0x24 obj\debug\usb\lib\src\usbd_stm32f103_devfs.o
 .text.get_next_pma
                0x08001694       0x84 obj\debug\usb\lib\src\usbd_stm32f103_devfs.o
 .text.getinfo  0x08001718       0x34 obj\debug\usb\lib\src\usbd_stm32f103_devfs.o
                0x08001718                getinfo
 .text.ep_setstall
                0x0800174c      0x124 obj\debug\usb\lib\src\usbd_stm32f103_devfs.o
                0x0800174c                ep_setstall
 .text.ep_isstalled
                0x08001870       0x5c obj\debug\usb\lib\src\usbd_stm32f103_devfs.o
                0x08001870                ep_isstalled
 .text.connect  0x080018cc       0x4c obj\debug\usb\lib\src\usbd_stm32f103_devfs.o
                0x080018cc                connect
 .text.enable   0x08001918       0x80 obj\debug\usb\lib\src\usbd_stm32f103_devfs.o
                0x08001918                enable
 .text.setaddr  0x08001998       0x28 obj\debug\usb\lib\src\usbd_stm32f103_devfs.o
                0x08001998                setaddr
 .text.ep_config
                0x080019c0      0x224 obj\debug\usb\lib\src\usbd_stm32f103_devfs.o
                0x080019c0                ep_config
 .text.ep_deconfig
                0x08001be4       0x4c obj\debug\usb\lib\src\usbd_stm32f103_devfs.o
                0x08001be4                ep_deconfig
 .text.pma_read
                0x08001c30       0x98 obj\debug\usb\lib\src\usbd_stm32f103_devfs.o
 .text.ep_read_size
                0x08001cc8       0xf4 obj\debug\usb\lib\src\usbd_stm32f103_devfs.o
                0x08001cc8                ep_read_size
 .text.ep_read  0x08001dbc      0x130 obj\debug\usb\lib\src\usbd_stm32f103_devfs.o
                0x08001dbc                ep_read
 .text.pma_write
                0x08001eec       0x6c obj\debug\usb\lib\src\usbd_stm32f103_devfs.o
 .text.ep_write
                0x08001f58      0x104 obj\debug\usb\lib\src\usbd_stm32f103_devfs.o
                0x08001f58                ep_write
 .text.get_frame
                0x0800205c       0x20 obj\debug\usb\lib\src\usbd_stm32f103_devfs.o
                0x0800205c                get_frame
 .text.evt_poll
                0x0800207c      0x180 obj\debug\usb\lib\src\usbd_stm32f103_devfs.o
                0x0800207c                evt_poll
 .text.fnv1a32_turn
                0x080021fc       0x48 obj\debug\usb\lib\src\usbd_stm32f103_devfs.o
 .text.get_serialno_desc
                0x08002244       0xa4 obj\debug\usb\lib\src\usbd_stm32f103_devfs.o
                0x08002244                get_serialno_desc
 .text.exit     0x080022e8       0x28 c:/program files (x86)/embitz/1.11/share/em_armgcc/bin/../lib/gcc/arm-none-eabi/5.4.1/../../../../arm-none-eabi/lib/armv7-m\libg_n.a(lib_a-exit.o)
                0x080022e8                exit
 .text.__libc_init_array
                0x08002310       0x4c c:/program files (x86)/embitz/1.11/share/em_armgcc/bin/../lib/gcc/arm-none-eabi/5.4.1/../../../../arm-none-eabi/lib/armv7-m\libg_n.a(lib_a-init.o)
                0x08002310                __libc_init_array
 .text.memmove  0x0800235c       0x36 c:/program files (x86)/embitz/1.11/share/em_armgcc/bin/../lib/gcc/arm-none-eabi/5.4.1/../../../../arm-none-eabi/lib/armv7-m\libg_n.a(lib_a-memmove.o)
                0x0800235c                memmove
 .text.memset   0x08002392       0x10 c:/program files (x86)/embitz/1.11/share/em_armgcc/bin/../lib/gcc/arm-none-eabi/5.4.1/../../../../arm-none-eabi/lib/armv7-m\libg_n.a(lib_a-memset.o)
                0x08002392                memset
 .text._exit    0x080023a2        0x2 c:/program files (x86)/embitz/1.11/share/em_armgcc/bin/../lib/gcc/arm-none-eabi/5.4.1/../../../../arm-none-eabi/lib/armv7-m\libnosys_s.a(_exit.o)
                0x080023a2                _exit
 *(.init)
 .init          0x080023a4        0x4 c:/program files (x86)/embitz/1.11/share/em_armgcc/bin/../lib/gcc/arm-none-eabi/5.4.1/armv7-m/crti.o
                0x080023a4                _init
 .init          0x080023a8        0x8 c:/program files (x86)/embitz/1.11/share/em_armgcc/bin/../lib/gcc/arm-none-eabi/5.4.1/armv7-m/crtn.o
 *(.fini)
 .fini          0x080023b0        0x4 c:/program files (x86)/embitz/1.11/share/em_armgcc/bin/../lib/gcc/arm-none-eabi/5.4.1/armv7-m/crti.o
                0x080023b0                _fini
 .fini          0x080023b4        0x8 c:/program files (x86)/embitz/1.11/share/em_armgcc/bin/../lib/gcc/arm-none-eabi/5.4.1/armv7-m/crtn.o
 *crtbegin.o(.ctors)
 *crtbegin?.o(.ctors)
 *(EXCLUDE_FILE(*crtend.o *crtend?.o) .ctors)
 *(SORT(.ctors.*))
 *(.ctors)
 *crtbegin.o(.dtors)
 *crtbegin?.o(.dtors)
 *(EXCLUDE_FILE(*crtend.o *crtend?.o) .dtors)
 *(SORT(.dtors.*))
 *(.dtors)
 *(.rodata*)
 .rodata.device_desc
                0x080023bc       0x12 obj\debug\usb\cdc\cdc.o
 *fill*         0x080023ce        0x2 
 .rodata.config_desc
                0x080023d0       0x43 obj\debug\usb\cdc\cdc.o
 *fill*         0x08002413        0x1 
 .rodata.lang_desc
                0x08002414        0x4 obj\debug\usb\cdc\cdc.o
 .rodata.manuf_desc
                0x08002418       0x28 obj\debug\usb\cdc\cdc.o
 .rodata.prod_desc
                0x08002440       0x30 obj\debug\usb\cdc\cdc.o
 .rodata.dtable
                0x08002470        0xc obj\debug\usb\cdc\cdc.o
 .rodata.usbd_devfs
                0x0800247c       0x38 obj\debug\usb\lib\src\usbd_stm32f103_devfs.o
                0x0800247c                usbd_devfs
 .rodata.str1.1
                0x080024b4        0x2 c:/program files (x86)/embitz/1.11/share/em_armgcc/bin/../lib/gcc/arm-none-eabi/5.4.1/../../../../arm-none-eabi/lib/armv7-m\libg_n.a(lib_a-impure.o)
 *fill*         0x080024b6        0x2 
 .rodata._global_impure_ptr
                0x080024b8        0x4 c:/program files (x86)/embitz/1.11/share/em_armgcc/bin/../lib/gcc/arm-none-eabi/5.4.1/../../../../arm-none-eabi/lib/armv7-m\libg_n.a(lib_a-impure.o)
                0x080024b8                _global_impure_ptr
 *(.eh_frame*)
 .eh_frame      0x080024bc        0x0 c:/program files (x86)/embitz/1.11/share/em_armgcc/bin/../lib/gcc/arm-none-eabi/5.4.1/armv7-m/crtbegin.o
 .eh_frame      0x080024bc        0x4 c:/program files (x86)/embitz/1.11/share/em_armgcc/bin/../lib/gcc/arm-none-eabi/5.4.1/armv7-m/crtend.o

.glue_7         0x080024c0        0x0
 .glue_7        0x080024c0        0x0 linker stubs

.glue_7t        0x080024c0        0x0
 .glue_7t       0x080024c0        0x0 linker stubs

.vfp11_veneer   0x080024c0        0x0
 .vfp11_veneer  0x080024c0        0x0 linker stubs

.v4_bx          0x080024c0        0x0
 .v4_bx         0x080024c0        0x0 linker stubs

.iplt           0x080024c0        0x0
 .iplt          0x080024c0        0x0 c:/program files (x86)/embitz/1.11/share/em_armgcc/bin/../lib/gcc/arm-none-eabi/5.4.1/armv7-m/crtbegin.o

.ARM.extab
 *(.ARM.extab* .gnu.linkonce.armextab.*)
                0x080024c0                __exidx_start = .

.ARM.exidx      0x080024c0        0x8
 *(.ARM.exidx* .gnu.linkonce.armexidx.*)
 .ARM.exidx     0x080024c0        0x8 c:/program files (x86)/embitz/1.11/share/em_armgcc/bin/../lib/gcc/arm-none-eabi/5.4.1/../../../../arm-none-eabi/lib/armv7-m/crt0.o
                0x080024c8                __exidx_end = .
                0x080024c8                __etext = .

.rel.dyn        0x080024c8        0x0
 .rel.iplt      0x080024c8        0x0 c:/program files (x86)/embitz/1.11/share/em_armgcc/bin/../lib/gcc/arm-none-eabi/5.4.1/armv7-m/crtbegin.o

.data           0x20000000       0x7c load address 0x080024c8
                0x20000000                __data_start__ = .
 *(vtable)
 *(.data*)
 .data.min_cnt  0x20000000        0x4 obj\debug\main.o
                0x20000000                min_cnt
 .data.inc.5433
                0x20000004        0x4 obj\debug\main.o
 .data.pa.5452  0x20000008        0x4 obj\debug\main.o
 .data.cdc_line
                0x2000000c        0x7 obj\debug\usb\cdc\cdc.o
 *fill*         0x20000013        0x1 
 .data.impure_data
                0x20000014       0x60 c:/program files (x86)/embitz/1.11/share/em_armgcc/bin/../lib/gcc/arm-none-eabi/5.4.1/../../../../arm-none-eabi/lib/armv7-m\libg_n.a(lib_a-impure.o)
                0x20000074                . = ALIGN (0x4)
                0x20000074                PROVIDE (__preinit_array_start, .)
 *(.preinit_array)
                0x20000074                PROVIDE (__preinit_array_end, .)
                0x20000074                . = ALIGN (0x4)
                0x20000074                PROVIDE (__init_array_start, .)
 *(SORT(.init_array.*))
 *(.init_array)
 .init_array    0x20000074        0x4 c:/program files (x86)/embitz/1.11/share/em_armgcc/bin/../lib/gcc/arm-none-eabi/5.4.1/armv7-m/crtbegin.o
                0x20000078                PROVIDE (__init_array_end, .)
                0x20000078                . = ALIGN (0x4)
                [!provide]                PROVIDE (__fini_array_start, .)
 *(SORT(.fini_array.*))
 *(.fini_array)
 .fini_array    0x20000078        0x4 c:/program files (x86)/embitz/1.11/share/em_armgcc/bin/../lib/gcc/arm-none-eabi/5.4.1/armv7-m/crtbegin.o
                [!provide]                PROVIDE (__fini_array_end, .)
                0x2000007c                . = ALIGN (0x4)
                0x2000007c                __data_end__ = .

.jcr            0x2000007c        0x0 load address 0x08002544
 .jcr           0x2000007c        0x0 c:/program files (x86)/embitz/1.11/share/em_armgcc/bin/../lib/gcc/arm-none-eabi/5.4.1/armv7-m/crtbegin.o

.igot.plt       0x2000007c        0x0 load address 0x08002544
 .igot.plt      0x2000007c        0x0 c:/program files (x86)/embitz/1.11/share/em_armgcc/bin/../lib/gcc/arm-none-eabi/5.4.1/armv7-m/crtbegin.o

.bss            0x2000007c      0x1c8 load address 0x08002544
                0x2000007c                __bss_start__ = .
 *(.bss*)
 .bss           0x2000007c       0x1c c:/program files (x86)/embitz/1.11/share/em_armgcc/bin/../lib/gcc/arm-none-eabi/5.4.1/armv7-m/crtbegin.o
 .bss.mode      0x20000098        0x4 obj\debug\main.o
                0x20000098                mode
 .bss.CCR_value
                0x2000009c        0x4 obj\debug\main.o
                0x2000009c                CCR_value
 .bss.max_cnt   0x200000a0        0x4 obj\debug\main.o
                0x200000a0                max_cnt
 .bss.sum.5434  0x200000a4        0x4 obj\debug\main.o
 .bss.num.5435  0x200000a8        0x4 obj\debug\main.o
 .bss.next.5458
                0x200000ac        0x4 obj\debug\main.o
 .bss.cmdIdx.5365
                0x200000b0        0x1 obj\debug\src\bridge.o
 .bss.cmdStart.5364
                0x200000b1        0x1 obj\debug\src\bridge.o
 *fill*         0x200000b2        0x2 
 .bss.buf.5366  0x200000b4       0x20 obj\debug\src\bridge.o
 .bss.tick      0x200000d4        0x4 obj\debug\startup\init.o
                0x200000d4                tick
 *(COMMON)
 COMMON         0x200000d8       0x82 obj\debug\src\bridge.o
                0x200000d8                cdc_tx_buf
 *fill*         0x2000015a        0x2 
 COMMON         0x2000015c       0xe8 obj\debug\usb\cdc\cdc.o
                0x2000015c                udev
                0x200001c4                ubuf
                0x20000244                __bss_end__ = .

.heap           0x20000248        0x0
                0x20000248                __end__ = .
                0x20000248                end = __end__
 *(.heap*)
 .heap          0x20000248        0x0 obj\debug\startup\gcc_startup_stm32f10x_md.o
                0x20000248                __HeapLimit = .

.stack_dummy    0x20000248      0x100
 *(.stack)
 .stack         0x20000248      0x100 obj\debug\startup\gcc_startup_stm32f10x_md.o
                0x20005000                __StackTop = (ORIGIN (RAM) + LENGTH (RAM))
                0x20004f00                __StackLimit = (__StackTop - SIZEOF (.stack_dummy))
                0x20005000                PROVIDE (__stack, __StackTop)
                0x00000001                ASSERT ((__StackLimit >= __HeapLimit), region RAM overflowed with stack)
LOAD obj\debug\inc\gpio.o
LOAD obj\debug\inc\u2a.o
LOAD obj\debug\inc\watchdog.o
LOAD obj\debug\main.o
LOAD obj\debug\src\bridge.o
LOAD obj\debug\startup\gcc_startup_stm32f10x_md.o
LOAD obj\debug\startup\init.o
LOAD obj\debug\usb\cdc\cdc.o
LOAD obj\debug\usb\lib\src\usbd_core.o
LOAD obj\debug\usb\lib\src\usbd_stm32f103_devfs.o
START GROUP
LOAD c:/program files (x86)/embitz/1.11/share/em_armgcc/bin/../lib/gcc/arm-none-eabi/5.4.1/armv7-m\libgcc.a
LOAD c:/program files (x86)/embitz/1.11/share/em_armgcc/bin/../lib/gcc/arm-none-eabi/5.4.1/../../../../arm-none-eabi/lib/armv7-m\libg_n.a
LOAD c:/program files (x86)/embitz/1.11/share/em_armgcc/bin/../lib/gcc/arm-none-eabi/5.4.1/../../../../arm-none-eabi/lib/armv7-m\libc_n.a
END GROUP
START GROUP
LOAD c:/program files (x86)/embitz/1.11/share/em_armgcc/bin/../lib/gcc/arm-none-eabi/5.4.1/armv7-m\libgcc.a
LOAD c:/program files (x86)/embitz/1.11/share/em_armgcc/bin/../lib/gcc/arm-none-eabi/5.4.1/../../../../arm-none-eabi/lib/armv7-m\libc_n.a
LOAD c:/program files (x86)/embitz/1.11/share/em_armgcc/bin/../lib/gcc/arm-none-eabi/5.4.1/../../../../arm-none-eabi/lib/armv7-m\libnosys_s.a
END GROUP
LOAD c:/program files (x86)/embitz/1.11/share/em_armgcc/bin/../lib/gcc/arm-none-eabi/5.4.1/armv7-m/crtend.o
LOAD c:/program files (x86)/embitz/1.11/share/em_armgcc/bin/../lib/gcc/arm-none-eabi/5.4.1/armv7-m/crtn.o
OUTPUT(bin\Debug\servo_tester.elf elf32-littlearm)

.ARM.attributes
                0x00000000       0x29
 .ARM.attributes
                0x00000000       0x1d c:/program files (x86)/embitz/1.11/share/em_armgcc/bin/../lib/gcc/arm-none-eabi/5.4.1/armv7-m/crti.o
 .ARM.attributes
                0x0000001d       0x2d c:/program files (x86)/embitz/1.11/share/em_armgcc/bin/../lib/gcc/arm-none-eabi/5.4.1/armv7-m/crtbegin.o
 .ARM.attributes
                0x0000004a       0x1b c:/program files (x86)/embitz/1.11/share/em_armgcc/bin/../lib/gcc/arm-none-eabi/5.4.1/../../../../arm-none-eabi/lib/armv7-m/crt0.o
 .ARM.attributes
                0x00000065       0x33 obj\debug\main.o
 .ARM.attributes
                0x00000098       0x33 obj\debug\src\bridge.o
 .ARM.attributes
                0x000000cb       0x1b obj\debug\startup\gcc_startup_stm32f10x_md.o
 .ARM.attributes
                0x000000e6       0x33 obj\debug\startup\init.o
 .ARM.attributes
                0x00000119       0x33 obj\debug\usb\cdc\cdc.o
 .ARM.attributes
                0x0000014c       0x33 obj\debug\usb\lib\src\usbd_core.o
 .ARM.attributes
                0x0000017f       0x33 obj\debug\usb\lib\src\usbd_stm32f103_devfs.o
 .ARM.attributes
                0x000001b2       0x2d c:/program files (x86)/embitz/1.11/share/em_armgcc/bin/../lib/gcc/arm-none-eabi/5.4.1/../../../../arm-none-eabi/lib/armv7-m\libg_n.a(lib_a-exit.o)
 .ARM.attributes
                0x000001df       0x2d c:/program files (x86)/embitz/1.11/share/em_armgcc/bin/../lib/gcc/arm-none-eabi/5.4.1/../../../../arm-none-eabi/lib/armv7-m\libg_n.a(lib_a-impure.o)
 .ARM.attributes
                0x0000020c       0x2d c:/program files (x86)/embitz/1.11/share/em_armgcc/bin/../lib/gcc/arm-none-eabi/5.4.1/../../../../arm-none-eabi/lib/armv7-m\libg_n.a(lib_a-init.o)
 .ARM.attributes
                0x00000239       0x2d c:/program files (x86)/embitz/1.11/share/em_armgcc/bin/../lib/gcc/arm-none-eabi/5.4.1/../../../../arm-none-eabi/lib/armv7-m\libg_n.a(lib_a-memmove.o)
 .ARM.attributes
                0x00000266       0x2d c:/program files (x86)/embitz/1.11/share/em_armgcc/bin/../lib/gcc/arm-none-eabi/5.4.1/../../../../arm-none-eabi/lib/armv7-m\libg_n.a(lib_a-memset.o)
 .ARM.attributes
                0x00000293       0x2d c:/program files (x86)/embitz/1.11/share/em_armgcc/bin/../lib/gcc/arm-none-eabi/5.4.1/../../../../arm-none-eabi/lib/armv7-m\libnosys_s.a(_exit.o)
 .ARM.attributes
                0x000002c0       0x2d c:/program files (x86)/embitz/1.11/share/em_armgcc/bin/../lib/gcc/arm-none-eabi/5.4.1/armv7-m/crtend.o
 .ARM.attributes
                0x000002ed       0x1d c:/program files (x86)/embitz/1.11/share/em_armgcc/bin/../lib/gcc/arm-none-eabi/5.4.1/armv7-m/crtn.o

.comment        0x00000000       0x6e
 .comment       0x00000000       0x6e obj\debug\main.o
                                 0x6f (size before relaxing)
 .comment       0x0000006e       0x6f obj\debug\src\bridge.o
 .comment       0x0000006e       0x6f obj\debug\startup\init.o
 .comment       0x0000006e       0x6f obj\debug\usb\cdc\cdc.o
 .comment       0x0000006e       0x6f obj\debug\usb\lib\src\usbd_core.o
 .comment       0x0000006e       0x6f obj\debug\usb\lib\src\usbd_stm32f103_devfs.o

.debug_info     0x00000000     0x4762
 .debug_info    0x00000000      0xbb5 obj\debug\main.o
 .debug_info    0x00000bb5      0x24c obj\debug\src\bridge.o
 .debug_info    0x00000e01       0x6d obj\debug\startup\gcc_startup_stm32f10x_md.o
 .debug_info    0x00000e6e      0xb5d obj\debug\startup\init.o
 .debug_info    0x000019cb     0x1454 obj\debug\usb\cdc\cdc.o
 .debug_info    0x00002e1f      0x970 obj\debug\usb\lib\src\usbd_core.o
 .debug_info    0x0000378f      0xfd3 obj\debug\usb\lib\src\usbd_stm32f103_devfs.o

.debug_abbrev   0x00000000      0xdcc
 .debug_abbrev  0x00000000      0x273 obj\debug\main.o
 .debug_abbrev  0x00000273      0x122 obj\debug\src\bridge.o
 .debug_abbrev  0x00000395       0x14 obj\debug\startup\gcc_startup_stm32f10x_md.o
 .debug_abbrev  0x000003a9      0x1cd obj\debug\startup\init.o
 .debug_abbrev  0x00000576      0x327 obj\debug\usb\cdc\cdc.o
 .debug_abbrev  0x0000089d      0x1d9 obj\debug\usb\lib\src\usbd_core.o
 .debug_abbrev  0x00000a76      0x356 obj\debug\usb\lib\src\usbd_stm32f103_devfs.o

.debug_aranges  0x00000000      0x360
 .debug_aranges
                0x00000000       0x50 obj\debug\main.o
 .debug_aranges
                0x00000050       0x30 obj\debug\src\bridge.o
 .debug_aranges
                0x00000080       0x20 obj\debug\startup\gcc_startup_stm32f10x_md.o
 .debug_aranges
                0x000000a0       0x70 obj\debug\startup\init.o
 .debug_aranges
                0x00000110       0xf8 obj\debug\usb\cdc\cdc.o
 .debug_aranges
                0x00000208       0x90 obj\debug\usb\lib\src\usbd_core.o
 .debug_aranges
                0x00000298       0xc8 obj\debug\usb\lib\src\usbd_stm32f103_devfs.o

.debug_ranges   0x00000000      0x2f8
 .debug_ranges  0x00000000       0x40 obj\debug\main.o
 .debug_ranges  0x00000040       0x20 obj\debug\src\bridge.o
 .debug_ranges  0x00000060       0x60 obj\debug\startup\init.o
 .debug_ranges  0x000000c0       0xe8 obj\debug\usb\cdc\cdc.o
 .debug_ranges  0x000001a8       0x80 obj\debug\usb\lib\src\usbd_core.o
 .debug_ranges  0x00000228       0xd0 obj\debug\usb\lib\src\usbd_stm32f103_devfs.o

.debug_macro    0x00000000     0x1b11
 .debug_macro   0x00000000      0x17e obj\debug\main.o
 .debug_macro   0x0000017e       0x22 obj\debug\main.o
 .debug_macro   0x000001a0       0xe8 obj\debug\main.o
 .debug_macro   0x00000288      0x5e8 obj\debug\main.o
 .debug_macro   0x00000870       0x64 obj\debug\main.o
 .debug_macro   0x000008d4       0x10 obj\debug\main.o
 .debug_macro   0x000008e4      0x12d obj\debug\main.o
 .debug_macro   0x00000a11       0x22 obj\debug\main.o
 .debug_macro   0x00000a33       0x64 obj\debug\main.o
 .debug_macro   0x00000a97       0x9a obj\debug\main.o
 .debug_macro   0x00000b31       0x28 obj\debug\main.o
 .debug_macro   0x00000b59       0x3a obj\debug\main.o
 .debug_macro   0x00000b93      0x161 obj\debug\src\bridge.o
 .debug_macro   0x00000cf4      0x153 obj\debug\startup\init.o
 .debug_macro   0x00000e47      0x1e7 obj\debug\usb\cdc\cdc.o
 .debug_macro   0x0000102e       0x52 obj\debug\usb\cdc\cdc.o
 .debug_macro   0x00001080       0x35 obj\debug\usb\cdc\cdc.o
 .debug_macro   0x000010b5       0x9c obj\debug\usb\cdc\cdc.o
 .debug_macro   0x00001151      0x174 obj\debug\usb\cdc\cdc.o
 .debug_macro   0x000012c5       0x52 obj\debug\usb\cdc\cdc.o
 .debug_macro   0x00001317       0x1f obj\debug\usb\cdc\cdc.o
 .debug_macro   0x00001336       0x43 obj\debug\usb\cdc\cdc.o
 .debug_macro   0x00001379       0x20 obj\debug\usb\cdc\cdc.o
 .debug_macro   0x00001399      0x187 obj\debug\usb\cdc\cdc.o
 .debug_macro   0x00001520      0x30d obj\debug\usb\cdc\cdc.o
 .debug_macro   0x0000182d       0x10 obj\debug\usb\cdc\cdc.o
 .debug_macro   0x0000183d       0x35 obj\debug\usb\cdc\cdc.o
 .debug_macro   0x00001872      0x14a obj\debug\usb\lib\src\usbd_core.o
 .debug_macro   0x000019bc      0x155 obj\debug\usb\lib\src\usbd_stm32f103_devfs.o

.debug_line     0x00000000     0x1f44
 .debug_line    0x00000000      0x4b5 obj\debug\main.o
 .debug_line    0x000004b5      0x3cc obj\debug\src\bridge.o
 .debug_line    0x00000881       0xb3 obj\debug\startup\gcc_startup_stm32f10x_md.o
 .debug_line    0x00000934      0x478 obj\debug\startup\init.o
 .debug_line    0x00000dac      0x64c obj\debug\usb\cdc\cdc.o
 .debug_line    0x000013f8      0x4d7 obj\debug\usb\lib\src\usbd_core.o
 .debug_line    0x000018cf      0x675 obj\debug\usb\lib\src\usbd_stm32f103_devfs.o

.debug_str      0x00000000    0x5b29c
 .debug_str     0x00000000    0x57732 obj\debug\main.o
                              0x57a45 (size before relaxing)
 .debug_str     0x00057732       0x5f obj\debug\src\bridge.o
                              0x57370 (size before relaxing)
 .debug_str     0x00057791      0x4bf obj\debug\startup\init.o
                              0x56fd5 (size before relaxing)
 .debug_str     0x00057c50     0x2fbf obj\debug\usb\cdc\cdc.o
                              0x5984b (size before relaxing)
 .debug_str     0x0005ac0f      0x1c5 obj\debug\usb\lib\src\usbd_core.o
                               0x7f58 (size before relaxing)
 .debug_str     0x0005add4      0x4c8 obj\debug\usb\lib\src\usbd_stm32f103_devfs.o
                              0x56461 (size before relaxing)

.debug_frame    0x00000000      0xd14
 .debug_frame   0x00000000      0x10c obj\debug\main.o
 .debug_frame   0x0000010c       0x80 obj\debug\src\bridge.o
 .debug_frame   0x0000018c      0x16c obj\debug\startup\init.o
 .debug_frame   0x000002f8      0x3f8 obj\debug\usb\cdc\cdc.o
 .debug_frame   0x000006f0      0x230 obj\debug\usb\lib\src\usbd_core.o
 .debug_frame   0x00000920      0x338 obj\debug\usb\lib\src\usbd_stm32f103_devfs.o
 .debug_frame   0x00000c58       0x28 c:/program files (x86)/embitz/1.11/share/em_armgcc/bin/../lib/gcc/arm-none-eabi/5.4.1/../../../../arm-none-eabi/lib/armv7-m\libg_n.a(lib_a-exit.o)
 .debug_frame   0x00000c80       0x2c c:/program files (x86)/embitz/1.11/share/em_armgcc/bin/../lib/gcc/arm-none-eabi/5.4.1/../../../../arm-none-eabi/lib/armv7-m\libg_n.a(lib_a-init.o)
 .debug_frame   0x00000cac       0x28 c:/program files (x86)/embitz/1.11/share/em_armgcc/bin/../lib/gcc/arm-none-eabi/5.4.1/../../../../arm-none-eabi/lib/armv7-m\libg_n.a(lib_a-memmove.o)
 .debug_frame   0x00000cd4       0x20 c:/program files (x86)/embitz/1.11/share/em_armgcc/bin/../lib/gcc/arm-none-eabi/5.4.1/../../../../arm-none-eabi/lib/armv7-m\libg_n.a(lib_a-memset.o)
 .debug_frame   0x00000cf4       0x20 c:/program files (x86)/embitz/1.11/share/em_armgcc/bin/../lib/gcc/arm-none-eabi/5.4.1/../../../../arm-none-eabi/lib/armv7-m\libnosys_s.a(_exit.o)
