Archive member included to satisfy reference by file (symbol)

c:/program files (x86)/embitz/2.50/share/armgcc/bin/../lib/gcc/arm-none-eabi/9.3.1/thumb/v7-m/nofp\libgcc.a(_arm_muldf3.o)
                              obj\debug\inc\u2a.o (__aeabi_dmul)
c:/program files (x86)/embitz/2.50/share/armgcc/bin/../lib/gcc/arm-none-eabi/9.3.1/thumb/v7-m/nofp\libgcc.a(_arm_mulsf3.o)
                              obj\debug\inc\u2a.o (__aeabi_fmul)
c:/program files (x86)/embitz/2.50/share/armgcc/bin/../lib/gcc/arm-none-eabi/9.3.1/thumb/v7-m/nofp\libgcc.a(_arm_addsubdf3.o)
                              obj\debug\inc\u2a.o (__aeabi_f2d)
c:/program files (x86)/embitz/2.50/share/armgcc/bin/../lib/gcc/arm-none-eabi/9.3.1/thumb/v7-m/nofp\libgcc.a(_arm_truncdfsf2.o)
                              obj\debug\inc\u2a.o (__aeabi_d2f)
c:/program files (x86)/embitz/2.50/share/armgcc/bin/../lib/gcc/arm-none-eabi/9.3.1/thumb/v7-m/nofp\libgcc.a(_arm_addsubsf3.o)
                              obj\debug\inc\u2a.o (__aeabi_ui2f)
c:/program files (x86)/embitz/2.50/share/armgcc/bin/../lib/gcc/arm-none-eabi/9.3.1/thumb/v7-m/nofp\libgcc.a(_arm_cmpsf2.o)
                              obj\debug\inc\u2a.o (__aeabi_fcmpeq)
c:/program files (x86)/embitz/2.50/share/armgcc/bin/../lib/gcc/arm-none-eabi/9.3.1/../../../../arm-none-eabi/lib/thumb/v7-m/nofp\libg_nano.a(lib_a-exit.o)
                              c:/program files (x86)/embitz/2.50/share/armgcc/bin/../lib/gcc/arm-none-eabi/9.3.1/../../../../arm-none-eabi/lib/thumb/v7-m/nofp/crt0.o (exit)
c:/program files (x86)/embitz/2.50/share/armgcc/bin/../lib/gcc/arm-none-eabi/9.3.1/../../../../arm-none-eabi/lib/thumb/v7-m/nofp\libg_nano.a(lib_a-impure.o)
                              c:/program files (x86)/embitz/2.50/share/armgcc/bin/../lib/gcc/arm-none-eabi/9.3.1/../../../../arm-none-eabi/lib/thumb/v7-m/nofp\libg_nano.a(lib_a-exit.o) (_global_impure_ptr)
c:/program files (x86)/embitz/2.50/share/armgcc/bin/../lib/gcc/arm-none-eabi/9.3.1/../../../../arm-none-eabi/lib/thumb/v7-m/nofp\libg_nano.a(lib_a-init.o)
                              c:/program files (x86)/embitz/2.50/share/armgcc/bin/../lib/gcc/arm-none-eabi/9.3.1/../../../../arm-none-eabi/lib/thumb/v7-m/nofp/crt0.o (__libc_init_array)
c:/program files (x86)/embitz/2.50/share/armgcc/bin/../lib/gcc/arm-none-eabi/9.3.1/../../../../arm-none-eabi/lib/thumb/v7-m/nofp\libg_nano.a(lib_a-memset.o)
                              c:/program files (x86)/embitz/2.50/share/armgcc/bin/../lib/gcc/arm-none-eabi/9.3.1/../../../../arm-none-eabi/lib/thumb/v7-m/nofp/crt0.o (memset)
c:/program files (x86)/embitz/2.50/share/armgcc/bin/../lib/gcc/arm-none-eabi/9.3.1/../../../../arm-none-eabi/lib/thumb/v7-m/nofp\libg_nano.a(lib_a-strlen.o)
                              obj\debug\inc\u2a.o (strlen)
c:/program files (x86)/embitz/2.50/share/armgcc/bin/../lib/gcc/arm-none-eabi/9.3.1/../../../../arm-none-eabi/lib/thumb/v7-m/nofp\libnosys.a(_exit.o)
                              c:/program files (x86)/embitz/2.50/share/armgcc/bin/../lib/gcc/arm-none-eabi/9.3.1/../../../../arm-none-eabi/lib/thumb/v7-m/nofp\libg_nano.a(lib_a-exit.o) (_exit)

Allocating common symbols
Common symbol       size              file

cdc_tx_buf          0x82              obj\debug\src\bridge.o
udev                0x68              obj\debug\usb\cdc\cdc.o
ubuf                0x80              obj\debug\usb\cdc\cdc.o

Discarded input sections

 .text          0x00000000        0x0 c:/program files (x86)/embitz/2.50/share/armgcc/bin/../lib/gcc/arm-none-eabi/9.3.1/thumb/v7-m/nofp/crti.o
 .data          0x00000000        0x0 c:/program files (x86)/embitz/2.50/share/armgcc/bin/../lib/gcc/arm-none-eabi/9.3.1/thumb/v7-m/nofp/crti.o
 .bss           0x00000000        0x0 c:/program files (x86)/embitz/2.50/share/armgcc/bin/../lib/gcc/arm-none-eabi/9.3.1/thumb/v7-m/nofp/crti.o
 .data          0x00000000        0x4 c:/program files (x86)/embitz/2.50/share/armgcc/bin/../lib/gcc/arm-none-eabi/9.3.1/thumb/v7-m/nofp/crtbegin.o
 .data          0x00000000        0x0 c:/program files (x86)/embitz/2.50/share/armgcc/bin/../lib/gcc/arm-none-eabi/9.3.1/../../../../arm-none-eabi/lib/thumb/v7-m/nofp/crt0.o
 .bss           0x00000000        0x0 c:/program files (x86)/embitz/2.50/share/armgcc/bin/../lib/gcc/arm-none-eabi/9.3.1/../../../../arm-none-eabi/lib/thumb/v7-m/nofp/crt0.o
 .ARM.extab     0x00000000        0x0 c:/program files (x86)/embitz/2.50/share/armgcc/bin/../lib/gcc/arm-none-eabi/9.3.1/../../../../arm-none-eabi/lib/thumb/v7-m/nofp/crt0.o
 .group         0x00000000        0xc obj\debug\inc\gpio.o
 .group         0x00000000        0xc obj\debug\inc\gpio.o
 .group         0x00000000        0xc obj\debug\inc\gpio.o
 .group         0x00000000        0xc obj\debug\inc\gpio.o
 .group         0x00000000        0xc obj\debug\inc\gpio.o
 .group         0x00000000        0xc obj\debug\inc\gpio.o
 .group         0x00000000        0xc obj\debug\inc\gpio.o
 .group         0x00000000        0xc obj\debug\inc\gpio.o
 .group         0x00000000        0xc obj\debug\inc\gpio.o
 .group         0x00000000        0xc obj\debug\inc\gpio.o
 .group         0x00000000        0xc obj\debug\inc\gpio.o
 .group         0x00000000        0xc obj\debug\inc\gpio.o
 .group         0x00000000        0xc obj\debug\inc\gpio.o
 .group         0x00000000        0xc obj\debug\inc\gpio.o
 .group         0x00000000        0xc obj\debug\inc\gpio.o
 .group         0x00000000        0xc obj\debug\inc\gpio.o
 .text          0x00000000        0x0 obj\debug\inc\gpio.o
 .data          0x00000000        0x0 obj\debug\inc\gpio.o
 .bss           0x00000000        0x0 obj\debug\inc\gpio.o
 .text.SetPin   0x00000000       0x32 obj\debug\inc\gpio.o
 .text.GetPin   0x00000000       0x2c obj\debug\inc\gpio.o
 .text.SerialIn
                0x00000000       0x90 obj\debug\inc\gpio.o
 .debug_info    0x00000000      0x2fc obj\debug\inc\gpio.o
 .debug_abbrev  0x00000000      0x147 obj\debug\inc\gpio.o
 .debug_aranges
                0x00000000       0x30 obj\debug\inc\gpio.o
 .debug_ranges  0x00000000       0x20 obj\debug\inc\gpio.o
 .debug_macro   0x00000000       0xd7 obj\debug\inc\gpio.o
 .debug_macro   0x00000000      0xaba obj\debug\inc\gpio.o
 .debug_macro   0x00000000       0x34 obj\debug\inc\gpio.o
 .debug_macro   0x00000000       0x28 obj\debug\inc\gpio.o
 .debug_macro   0x00000000       0x22 obj\debug\inc\gpio.o
 .debug_macro   0x00000000       0x22 obj\debug\inc\gpio.o
 .debug_macro   0x00000000       0x8e obj\debug\inc\gpio.o
 .debug_macro   0x00000000       0x51 obj\debug\inc\gpio.o
 .debug_macro   0x00000000      0x103 obj\debug\inc\gpio.o
 .debug_macro   0x00000000       0x6a obj\debug\inc\gpio.o
 .debug_macro   0x00000000      0x1df obj\debug\inc\gpio.o
 .debug_macro   0x00000000       0x34 obj\debug\inc\gpio.o
 .debug_macro   0x00000000       0x34 obj\debug\inc\gpio.o
 .debug_macro   0x00000000      0xb8e obj\debug\inc\gpio.o
 .debug_macro   0x00000000     0xe6e1 obj\debug\inc\gpio.o
 .debug_macro   0x00000000       0x43 obj\debug\inc\gpio.o
 .debug_macro   0x00000000       0xe8 obj\debug\inc\gpio.o
 .debug_line    0x00000000      0x32e obj\debug\inc\gpio.o
 .debug_str     0x00000000    0x550d5 obj\debug\inc\gpio.o
 .comment       0x00000000       0x4d obj\debug\inc\gpio.o
 .debug_frame   0x00000000       0x88 obj\debug\inc\gpio.o
 .ARM.attributes
                0x00000000       0x2d obj\debug\inc\gpio.o
 .group         0x00000000        0xc obj\debug\inc\u2a.o
 .group         0x00000000        0xc obj\debug\inc\u2a.o
 .group         0x00000000        0xc obj\debug\inc\u2a.o
 .group         0x00000000        0xc obj\debug\inc\u2a.o
 .group         0x00000000        0xc obj\debug\inc\u2a.o
 .group         0x00000000        0xc obj\debug\inc\u2a.o
 .group         0x00000000        0xc obj\debug\inc\u2a.o
 .text          0x00000000        0x0 obj\debug\inc\u2a.o
 .data          0x00000000        0x0 obj\debug\inc\u2a.o
 .bss           0x00000000        0x0 obj\debug\inc\u2a.o
 .text.divmodu10
                0x00000000       0x90 obj\debug\inc\u2a.o
 .text.utoa     0x00000000       0x46 obj\debug\inc\u2a.o
 .text.itoa     0x00000000       0x6e obj\debug\inc\u2a.o
 .text.utoaLTR  0x00000000       0x3c obj\debug\inc\u2a.o
 .text.itoaLTR  0x00000000       0x3c obj\debug\inc\u2a.o
 .text.utoaLTRCB
                0x00000000       0x44 obj\debug\inc\u2a.o
 .text.itoaLTRCB
                0x00000000       0x44 obj\debug\inc\u2a.o
 .text.MantissaMul
                0x00000000       0x4a obj\debug\inc\u2a.o
 .rodata.table2
                0x00000000       0x80 obj\debug\inc\u2a.o
 .text.ftoaEngine
                0x00000000      0x210 obj\debug\inc\u2a.o
 .text.ftoa     0x00000000      0x25c obj\debug\inc\u2a.o
 .text.ftoaCB   0x00000000       0x3a obj\debug\inc\u2a.o
 .text.parseFloat
                0x00000000      0x18c obj\debug\inc\u2a.o
 .debug_info    0x00000000      0x7ee obj\debug\inc\u2a.o
 .debug_abbrev  0x00000000      0x210 obj\debug\inc\u2a.o
 .debug_aranges
                0x00000000       0x78 obj\debug\inc\u2a.o
 .debug_ranges  0x00000000       0x68 obj\debug\inc\u2a.o
 .debug_macro   0x00000000       0x6d obj\debug\inc\u2a.o
 .debug_macro   0x00000000      0xaba obj\debug\inc\u2a.o
 .debug_macro   0x00000000       0x22 obj\debug\inc\u2a.o
 .debug_macro   0x00000000       0x8e obj\debug\inc\u2a.o
 .debug_macro   0x00000000       0x51 obj\debug\inc\u2a.o
 .debug_macro   0x00000000      0x103 obj\debug\inc\u2a.o
 .debug_macro   0x00000000       0x6a obj\debug\inc\u2a.o
 .debug_macro   0x00000000      0x1df obj\debug\inc\u2a.o
 .debug_line    0x00000000      0x7ab obj\debug\inc\u2a.o
 .debug_str     0x00000000     0x3eca obj\debug\inc\u2a.o
 .comment       0x00000000       0x4d obj\debug\inc\u2a.o
 .debug_frame   0x00000000      0x1d4 obj\debug\inc\u2a.o
 .ARM.attributes
                0x00000000       0x2d obj\debug\inc\u2a.o
 .group         0x00000000        0xc obj\debug\inc\watchdog.o
 .group         0x00000000        0xc obj\debug\inc\watchdog.o
 .group         0x00000000        0xc obj\debug\inc\watchdog.o
 .group         0x00000000        0xc obj\debug\inc\watchdog.o
 .group         0x00000000        0xc obj\debug\inc\watchdog.o
 .group         0x00000000        0xc obj\debug\inc\watchdog.o
 .group         0x00000000        0xc obj\debug\inc\watchdog.o
 .group         0x00000000        0xc obj\debug\inc\watchdog.o
 .group         0x00000000        0xc obj\debug\inc\watchdog.o
 .group         0x00000000        0xc obj\debug\inc\watchdog.o
 .group         0x00000000        0xc obj\debug\inc\watchdog.o
 .group         0x00000000        0xc obj\debug\inc\watchdog.o
 .group         0x00000000        0xc obj\debug\inc\watchdog.o
 .group         0x00000000        0xc obj\debug\inc\watchdog.o
 .group         0x00000000        0xc obj\debug\inc\watchdog.o
 .text          0x00000000        0x0 obj\debug\inc\watchdog.o
 .data          0x00000000        0x0 obj\debug\inc\watchdog.o
 .bss           0x00000000        0x0 obj\debug\inc\watchdog.o
 .text.IWDG_InitEx
                0x00000000       0x68 obj\debug\inc\watchdog.o
 .text.IWDG_Init
                0x00000000       0x3c obj\debug\inc\watchdog.o
 .text.IWDG_reset
                0x00000000       0x18 obj\debug\inc\watchdog.o
 .debug_info    0x00000000      0x1f5 obj\debug\inc\watchdog.o
 .debug_abbrev  0x00000000      0x121 obj\debug\inc\watchdog.o
 .debug_aranges
                0x00000000       0x30 obj\debug\inc\watchdog.o
 .debug_ranges  0x00000000       0x20 obj\debug\inc\watchdog.o
 .debug_macro   0x00000000       0xcc obj\debug\inc\watchdog.o
 .debug_macro   0x00000000      0xaba obj\debug\inc\watchdog.o
 .debug_macro   0x00000000       0x22 obj\debug\inc\watchdog.o
 .debug_macro   0x00000000       0x8e obj\debug\inc\watchdog.o
 .debug_macro   0x00000000       0x51 obj\debug\inc\watchdog.o
 .debug_macro   0x00000000      0x103 obj\debug\inc\watchdog.o
 .debug_macro   0x00000000       0x6a obj\debug\inc\watchdog.o
 .debug_macro   0x00000000      0x1df obj\debug\inc\watchdog.o
 .debug_macro   0x00000000       0x34 obj\debug\inc\watchdog.o
 .debug_macro   0x00000000       0x28 obj\debug\inc\watchdog.o
 .debug_macro   0x00000000       0x22 obj\debug\inc\watchdog.o
 .debug_macro   0x00000000       0x3a obj\debug\inc\watchdog.o
 .debug_macro   0x00000000       0x34 obj\debug\inc\watchdog.o
 .debug_macro   0x00000000      0xb8e obj\debug\inc\watchdog.o
 .debug_macro   0x00000000     0xe6e1 obj\debug\inc\watchdog.o
 .debug_macro   0x00000000       0x43 obj\debug\inc\watchdog.o
 .debug_line    0x00000000      0x32f obj\debug\inc\watchdog.o
 .debug_str     0x00000000    0x549fa obj\debug\inc\watchdog.o
 .comment       0x00000000       0x4d obj\debug\inc\watchdog.o
 .debug_frame   0x00000000       0x7c obj\debug\inc\watchdog.o
 .ARM.attributes
                0x00000000       0x2d obj\debug\inc\watchdog.o
 .group         0x00000000        0xc obj\debug\main.o
 .group         0x00000000        0xc obj\debug\main.o
 .group         0x00000000        0xc obj\debug\main.o
 .group         0x00000000        0xc obj\debug\main.o
 .group         0x00000000        0xc obj\debug\main.o
 .group         0x00000000        0xc obj\debug\main.o
 .group         0x00000000        0xc obj\debug\main.o
 .group         0x00000000        0xc obj\debug\main.o
 .group         0x00000000        0xc obj\debug\main.o
 .group         0x00000000        0xc obj\debug\main.o
 .group         0x00000000        0xc obj\debug\main.o
 .group         0x00000000        0xc obj\debug\main.o
 .group         0x00000000        0xc obj\debug\main.o
 .group         0x00000000        0xc obj\debug\main.o
 .group         0x00000000        0xc obj\debug\main.o
 .group         0x00000000        0xc obj\debug\main.o
 .group         0x00000000        0xc obj\debug\main.o
 .group         0x00000000        0xc obj\debug\main.o
 .group         0x00000000        0xc obj\debug\main.o
 .group         0x00000000        0xc obj\debug\main.o
 .group         0x00000000        0xc obj\debug\main.o
 .group         0x00000000        0xc obj\debug\main.o
 .group         0x00000000        0xc obj\debug\main.o
 .group         0x00000000        0xc obj\debug\main.o
 .group         0x00000000        0xc obj\debug\main.o
 .group         0x00000000        0xc obj\debug\main.o
 .group         0x00000000        0xc obj\debug\main.o
 .text          0x00000000        0x0 obj\debug\main.o
 .data          0x00000000        0x0 obj\debug\main.o
 .bss           0x00000000        0x0 obj\debug\main.o
 .bss.TestMode  0x00000000        0x4 obj\debug\main.o
 .text.TX_CB    0x00000000       0x38 obj\debug\main.o
 .text.PrintVal
                0x00000000       0x90 obj\debug\main.o
 .debug_macro   0x00000000      0xaba obj\debug\main.o
 .debug_macro   0x00000000       0x22 obj\debug\main.o
 .debug_macro   0x00000000       0x8e obj\debug\main.o
 .debug_macro   0x00000000       0x51 obj\debug\main.o
 .debug_macro   0x00000000      0x103 obj\debug\main.o
 .debug_macro   0x00000000       0x6a obj\debug\main.o
 .debug_macro   0x00000000      0x1df obj\debug\main.o
 .debug_macro   0x00000000       0x34 obj\debug\main.o
 .debug_macro   0x00000000       0x28 obj\debug\main.o
 .debug_macro   0x00000000       0x22 obj\debug\main.o
 .debug_macro   0x00000000       0x3a obj\debug\main.o
 .debug_macro   0x00000000       0x34 obj\debug\main.o
 .debug_macro   0x00000000      0xb8e obj\debug\main.o
 .debug_macro   0x00000000     0xe6e1 obj\debug\main.o
 .debug_macro   0x00000000       0x43 obj\debug\main.o
 .debug_macro   0x00000000       0xe8 obj\debug\main.o
 .group         0x00000000        0xc obj\debug\src\bridge.o
 .group         0x00000000        0xc obj\debug\src\bridge.o
 .group         0x00000000        0xc obj\debug\src\bridge.o
 .group         0x00000000        0xc obj\debug\src\bridge.o
 .group         0x00000000        0xc obj\debug\src\bridge.o
 .group         0x00000000        0xc obj\debug\src\bridge.o
 .group         0x00000000        0xc obj\debug\src\bridge.o
 .group         0x00000000        0xc obj\debug\src\bridge.o
 .group         0x00000000        0xc obj\debug\src\bridge.o
 .group         0x00000000        0xc obj\debug\src\bridge.o
 .group         0x00000000        0xc obj\debug\src\bridge.o
 .group         0x00000000        0xc obj\debug\src\bridge.o
 .group         0x00000000        0xc obj\debug\src\bridge.o
 .group         0x00000000        0xc obj\debug\src\bridge.o
 .group         0x00000000        0xc obj\debug\src\bridge.o
 .group         0x00000000        0xc obj\debug\src\bridge.o
 .group         0x00000000        0xc obj\debug\src\bridge.o
 .group         0x00000000        0xc obj\debug\src\bridge.o
 .group         0x00000000        0xc obj\debug\src\bridge.o
 .group         0x00000000        0xc obj\debug\src\bridge.o
 .group         0x00000000        0xc obj\debug\src\bridge.o
 .group         0x00000000        0xc obj\debug\src\bridge.o
 .group         0x00000000        0xc obj\debug\src\bridge.o
 .group         0x00000000        0xc obj\debug\src\bridge.o
 .group         0x00000000        0xc obj\debug\src\bridge.o
 .group         0x00000000        0xc obj\debug\src\bridge.o
 .text          0x00000000        0x0 obj\debug\src\bridge.o
 .data          0x00000000        0x0 obj\debug\src\bridge.o
 .bss           0x00000000        0x0 obj\debug\src\bridge.o
 .text.ProcessCMD
                0x00000000       0x16 obj\debug\src\bridge.o
 .debug_macro   0x00000000      0xaba obj\debug\src\bridge.o
 .debug_macro   0x00000000       0x34 obj\debug\src\bridge.o
 .debug_macro   0x00000000       0x28 obj\debug\src\bridge.o
 .debug_macro   0x00000000       0x22 obj\debug\src\bridge.o
 .debug_macro   0x00000000       0x22 obj\debug\src\bridge.o
 .debug_macro   0x00000000       0x8e obj\debug\src\bridge.o
 .debug_macro   0x00000000       0x51 obj\debug\src\bridge.o
 .debug_macro   0x00000000      0x103 obj\debug\src\bridge.o
 .debug_macro   0x00000000       0x6a obj\debug\src\bridge.o
 .debug_macro   0x00000000      0x1df obj\debug\src\bridge.o
 .debug_macro   0x00000000       0x34 obj\debug\src\bridge.o
 .debug_macro   0x00000000       0x34 obj\debug\src\bridge.o
 .debug_macro   0x00000000      0xb8e obj\debug\src\bridge.o
 .debug_macro   0x00000000     0xe6e1 obj\debug\src\bridge.o
 .debug_macro   0x00000000       0x43 obj\debug\src\bridge.o
 .debug_macro   0x00000000       0xe8 obj\debug\src\bridge.o
 .debug_macro   0x00000000       0x22 obj\debug\src\bridge.o
 .debug_macro   0x00000000      0x5e8 obj\debug\src\bridge.o
 .debug_macro   0x00000000       0x64 obj\debug\src\bridge.o
 .debug_macro   0x00000000       0x10 obj\debug\src\bridge.o
 .debug_macro   0x00000000      0x12d obj\debug\src\bridge.o
 .debug_macro   0x00000000       0x22 obj\debug\src\bridge.o
 .debug_macro   0x00000000       0x9a obj\debug\src\bridge.o
 .debug_macro   0x00000000       0x28 obj\debug\src\bridge.o
 .debug_macro   0x00000000       0xe8 obj\debug\src\bridge.o
 .debug_macro   0x00000000       0x64 obj\debug\src\bridge.o
 .data          0x00000000        0x0 obj\debug\startup\gcc_startup_stm32f10x_md.o
 .bss           0x00000000        0x0 obj\debug\startup\gcc_startup_stm32f10x_md.o
 .group         0x00000000        0xc obj\debug\startup\init.o
 .group         0x00000000        0xc obj\debug\startup\init.o
 .group         0x00000000        0xc obj\debug\startup\init.o
 .group         0x00000000        0xc obj\debug\startup\init.o
 .group         0x00000000        0xc obj\debug\startup\init.o
 .group         0x00000000        0xc obj\debug\startup\init.o
 .group         0x00000000        0xc obj\debug\startup\init.o
 .group         0x00000000        0xc obj\debug\startup\init.o
 .group         0x00000000        0xc obj\debug\startup\init.o
 .group         0x00000000        0xc obj\debug\startup\init.o
 .group         0x00000000        0xc obj\debug\startup\init.o
 .group         0x00000000        0xc obj\debug\startup\init.o
 .group         0x00000000        0xc obj\debug\startup\init.o
 .group         0x00000000        0xc obj\debug\startup\init.o
 .group         0x00000000        0xc obj\debug\startup\init.o
 .group         0x00000000        0xc obj\debug\startup\init.o
 .group         0x00000000        0xc obj\debug\startup\init.o
 .group         0x00000000        0xc obj\debug\startup\init.o
 .group         0x00000000        0xc obj\debug\startup\init.o
 .group         0x00000000        0xc obj\debug\startup\init.o
 .group         0x00000000        0xc obj\debug\startup\init.o
 .group         0x00000000        0xc obj\debug\startup\init.o
 .group         0x00000000        0xc obj\debug\startup\init.o
 .group         0x00000000        0xc obj\debug\startup\init.o
 .text          0x00000000        0x0 obj\debug\startup\init.o
 .data          0x00000000        0x0 obj\debug\startup\init.o
 .bss           0x00000000        0x0 obj\debug\startup\init.o
 .text.init_usart1
                0x00000000       0x54 obj\debug\startup\init.o
 .text.init_exti
                0x00000000       0x94 obj\debug\startup\init.o
 .debug_macro   0x00000000      0xaba obj\debug\startup\init.o
 .debug_macro   0x00000000       0x34 obj\debug\startup\init.o
 .debug_macro   0x00000000       0x28 obj\debug\startup\init.o
 .debug_macro   0x00000000       0x22 obj\debug\startup\init.o
 .debug_macro   0x00000000       0x22 obj\debug\startup\init.o
 .debug_macro   0x00000000       0x8e obj\debug\startup\init.o
 .debug_macro   0x00000000       0x51 obj\debug\startup\init.o
 .debug_macro   0x00000000      0x103 obj\debug\startup\init.o
 .debug_macro   0x00000000       0x6a obj\debug\startup\init.o
 .debug_macro   0x00000000      0x1df obj\debug\startup\init.o
 .debug_macro   0x00000000       0x34 obj\debug\startup\init.o
 .debug_macro   0x00000000       0x34 obj\debug\startup\init.o
 .debug_macro   0x00000000      0xb8e obj\debug\startup\init.o
 .debug_macro   0x00000000     0xe6e1 obj\debug\startup\init.o
 .debug_macro   0x00000000       0x43 obj\debug\startup\init.o
 .debug_macro   0x00000000       0x64 obj\debug\startup\init.o
 .debug_macro   0x00000000       0xe8 obj\debug\startup\init.o
 .debug_macro   0x00000000       0x64 obj\debug\startup\init.o
 .debug_macro   0x00000000       0xe8 obj\debug\startup\init.o
 .debug_macro   0x00000000       0x22 obj\debug\startup\init.o
 .debug_macro   0x00000000      0x5e8 obj\debug\startup\init.o
 .debug_macro   0x00000000       0x10 obj\debug\startup\init.o
 .debug_macro   0x00000000      0x12d obj\debug\startup\init.o
 .debug_macro   0x00000000       0x22 obj\debug\startup\init.o
 .group         0x00000000        0xc obj\debug\usb\cdc\cdc.o
 .group         0x00000000        0xc obj\debug\usb\cdc\cdc.o
 .group         0x00000000        0xc obj\debug\usb\cdc\cdc.o
 .group         0x00000000        0xc obj\debug\usb\cdc\cdc.o
 .group         0x00000000        0xc obj\debug\usb\cdc\cdc.o
 .group         0x00000000        0xc obj\debug\usb\cdc\cdc.o
 .group         0x00000000        0xc obj\debug\usb\cdc\cdc.o
 .group         0x00000000        0xc obj\debug\usb\cdc\cdc.o
 .group         0x00000000        0xc obj\debug\usb\cdc\cdc.o
 .group         0x00000000        0xc obj\debug\usb\cdc\cdc.o
 .group         0x00000000        0xc obj\debug\usb\cdc\cdc.o
 .group         0x00000000        0xc obj\debug\usb\cdc\cdc.o
 .group         0x00000000        0xc obj\debug\usb\cdc\cdc.o
 .group         0x00000000        0xc obj\debug\usb\cdc\cdc.o
 .group         0x00000000        0xc obj\debug\usb\cdc\cdc.o
 .group         0x00000000        0xc obj\debug\usb\cdc\cdc.o
 .group         0x00000000        0xc obj\debug\usb\cdc\cdc.o
 .group         0x00000000        0xc obj\debug\usb\cdc\cdc.o
 .group         0x00000000        0xc obj\debug\usb\cdc\cdc.o
 .group         0x00000000        0xc obj\debug\usb\cdc\cdc.o
 .group         0x00000000        0xc obj\debug\usb\cdc\cdc.o
 .group         0x00000000        0xc obj\debug\usb\cdc\cdc.o
 .group         0x00000000        0xc obj\debug\usb\cdc\cdc.o
 .group         0x00000000        0xc obj\debug\usb\cdc\cdc.o
 .group         0x00000000        0xc obj\debug\usb\cdc\cdc.o
 .group         0x00000000        0xc obj\debug\usb\cdc\cdc.o
 .group         0x00000000        0xc obj\debug\usb\cdc\cdc.o
 .group         0x00000000        0xc obj\debug\usb\cdc\cdc.o
 .group         0x00000000        0xc obj\debug\usb\cdc\cdc.o
 .group         0x00000000        0xc obj\debug\usb\cdc\cdc.o
 .group         0x00000000        0xc obj\debug\usb\cdc\cdc.o
 .group         0x00000000        0xc obj\debug\usb\cdc\cdc.o
 .group         0x00000000        0xc obj\debug\usb\cdc\cdc.o
 .group         0x00000000        0xc obj\debug\usb\cdc\cdc.o
 .group         0x00000000        0xc obj\debug\usb\cdc\cdc.o
 .group         0x00000000        0xc obj\debug\usb\cdc\cdc.o
 .text          0x00000000        0x0 obj\debug\usb\cdc\cdc.o
 .data          0x00000000        0x0 obj\debug\usb\cdc\cdc.o
 .bss           0x00000000        0x0 obj\debug\usb\cdc\cdc.o
 .text.cdc_rx_callback
                0x00000000        0xc obj\debug\usb\cdc\cdc.o
 .text.cdc_tx_callback
                0x00000000        0xc obj\debug\usb\cdc\cdc.o
 .debug_macro   0x00000000      0xaba obj\debug\usb\cdc\cdc.o
 .debug_macro   0x00000000       0x22 obj\debug\usb\cdc\cdc.o
 .debug_macro   0x00000000       0x8e obj\debug\usb\cdc\cdc.o
 .debug_macro   0x00000000       0x51 obj\debug\usb\cdc\cdc.o
 .debug_macro   0x00000000      0x103 obj\debug\usb\cdc\cdc.o
 .debug_macro   0x00000000       0x6a obj\debug\usb\cdc\cdc.o
 .debug_macro   0x00000000      0x1df obj\debug\usb\cdc\cdc.o
 .debug_macro   0x00000000       0x22 obj\debug\usb\cdc\cdc.o
 .debug_macro   0x00000000       0xe8 obj\debug\usb\cdc\cdc.o
 .debug_macro   0x00000000      0x5e8 obj\debug\usb\cdc\cdc.o
 .debug_macro   0x00000000       0x64 obj\debug\usb\cdc\cdc.o
 .debug_macro   0x00000000       0x10 obj\debug\usb\cdc\cdc.o
 .debug_macro   0x00000000      0x12d obj\debug\usb\cdc\cdc.o
 .debug_macro   0x00000000       0x22 obj\debug\usb\cdc\cdc.o
 .debug_macro   0x00000000       0x34 obj\debug\usb\cdc\cdc.o
 .debug_macro   0x00000000       0x28 obj\debug\usb\cdc\cdc.o
 .debug_macro   0x00000000       0x22 obj\debug\usb\cdc\cdc.o
 .debug_macro   0x00000000       0x3a obj\debug\usb\cdc\cdc.o
 .debug_macro   0x00000000       0x34 obj\debug\usb\cdc\cdc.o
 .debug_macro   0x00000000      0xb8e obj\debug\usb\cdc\cdc.o
 .debug_macro   0x00000000     0xe6e1 obj\debug\usb\cdc\cdc.o
 .debug_macro   0x00000000       0x43 obj\debug\usb\cdc\cdc.o
 .group         0x00000000        0xc obj\debug\usb\lib\src\usbd_core.o
 .group         0x00000000        0xc obj\debug\usb\lib\src\usbd_core.o
 .group         0x00000000        0xc obj\debug\usb\lib\src\usbd_core.o
 .group         0x00000000        0xc obj\debug\usb\lib\src\usbd_core.o
 .group         0x00000000        0xc obj\debug\usb\lib\src\usbd_core.o
 .group         0x00000000        0xc obj\debug\usb\lib\src\usbd_core.o
 .group         0x00000000        0xc obj\debug\usb\lib\src\usbd_core.o
 .group         0x00000000        0xc obj\debug\usb\lib\src\usbd_core.o
 .group         0x00000000        0xc obj\debug\usb\lib\src\usbd_core.o
 .group         0x00000000        0xc obj\debug\usb\lib\src\usbd_core.o
 .group         0x00000000        0xc obj\debug\usb\lib\src\usbd_core.o
 .group         0x00000000        0xc obj\debug\usb\lib\src\usbd_core.o
 .group         0x00000000        0xc obj\debug\usb\lib\src\usbd_core.o
 .group         0x00000000        0xc obj\debug\usb\lib\src\usbd_core.o
 .group         0x00000000        0xc obj\debug\usb\lib\src\usbd_core.o
 .group         0x00000000        0xc obj\debug\usb\lib\src\usbd_core.o
 .group         0x00000000        0xc obj\debug\usb\lib\src\usbd_core.o
 .group         0x00000000        0xc obj\debug\usb\lib\src\usbd_core.o
 .group         0x00000000        0xc obj\debug\usb\lib\src\usbd_core.o
 .group         0x00000000        0xc obj\debug\usb\lib\src\usbd_core.o
 .group         0x00000000        0xc obj\debug\usb\lib\src\usbd_core.o
 .group         0x00000000        0xc obj\debug\usb\lib\src\usbd_core.o
 .group         0x00000000        0xc obj\debug\usb\lib\src\usbd_core.o
 .group         0x00000000        0xc obj\debug\usb\lib\src\usbd_core.o
 .group         0x00000000        0xc obj\debug\usb\lib\src\usbd_core.o
 .group         0x00000000        0xc obj\debug\usb\lib\src\usbd_core.o
 .text          0x00000000        0x0 obj\debug\usb\lib\src\usbd_core.o
 .data          0x00000000        0x0 obj\debug\usb\lib\src\usbd_core.o
 .bss           0x00000000        0x0 obj\debug\usb\lib\src\usbd_core.o
 .debug_macro   0x00000000      0xaba obj\debug\usb\lib\src\usbd_core.o
 .debug_macro   0x00000000       0x22 obj\debug\usb\lib\src\usbd_core.o
 .debug_macro   0x00000000       0x8e obj\debug\usb\lib\src\usbd_core.o
 .debug_macro   0x00000000       0x51 obj\debug\usb\lib\src\usbd_core.o
 .debug_macro   0x00000000      0x103 obj\debug\usb\lib\src\usbd_core.o
 .debug_macro   0x00000000       0x6a obj\debug\usb\lib\src\usbd_core.o
 .debug_macro   0x00000000      0x1df obj\debug\usb\lib\src\usbd_core.o
 .debug_macro   0x00000000       0x22 obj\debug\usb\lib\src\usbd_core.o
 .debug_macro   0x00000000       0x64 obj\debug\usb\lib\src\usbd_core.o
 .debug_macro   0x00000000       0x18 obj\debug\usb\lib\src\usbd_core.o
 .debug_macro   0x00000000       0x35 obj\debug\usb\lib\src\usbd_core.o
 .debug_macro   0x00000000       0x34 obj\debug\usb\lib\src\usbd_core.o
 .debug_macro   0x00000000      0x174 obj\debug\usb\lib\src\usbd_core.o
 .debug_macro   0x00000000       0x16 obj\debug\usb\lib\src\usbd_core.o
 .debug_macro   0x00000000       0x43 obj\debug\usb\lib\src\usbd_core.o
 .debug_macro   0x00000000       0x34 obj\debug\usb\lib\src\usbd_core.o
 .debug_macro   0x00000000       0x10 obj\debug\usb\lib\src\usbd_core.o
 .debug_macro   0x00000000       0x58 obj\debug\usb\lib\src\usbd_core.o
 .debug_macro   0x00000000      0x182 obj\debug\usb\lib\src\usbd_core.o
 .debug_macro   0x00000000      0x339 obj\debug\usb\lib\src\usbd_core.o
 .debug_macro   0x00000000       0x10 obj\debug\usb\lib\src\usbd_core.o
 .debug_macro   0x00000000       0x35 obj\debug\usb\lib\src\usbd_core.o
 .debug_macro   0x00000000       0xe8 obj\debug\usb\lib\src\usbd_core.o
 .debug_macro   0x00000000      0x5e8 obj\debug\usb\lib\src\usbd_core.o
 .debug_macro   0x00000000       0x64 obj\debug\usb\lib\src\usbd_core.o
 .debug_macro   0x00000000       0x10 obj\debug\usb\lib\src\usbd_core.o
 .group         0x00000000        0xc obj\debug\usb\lib\src\usbd_stm32f103_devfs.o
 .group         0x00000000        0xc obj\debug\usb\lib\src\usbd_stm32f103_devfs.o
 .group         0x00000000        0xc obj\debug\usb\lib\src\usbd_stm32f103_devfs.o
 .group         0x00000000        0xc obj\debug\usb\lib\src\usbd_stm32f103_devfs.o
 .group         0x00000000        0xc obj\debug\usb\lib\src\usbd_stm32f103_devfs.o
 .group         0x00000000        0xc obj\debug\usb\lib\src\usbd_stm32f103_devfs.o
 .group         0x00000000        0xc obj\debug\usb\lib\src\usbd_stm32f103_devfs.o
 .group         0x00000000        0xc obj\debug\usb\lib\src\usbd_stm32f103_devfs.o
 .group         0x00000000        0xc obj\debug\usb\lib\src\usbd_stm32f103_devfs.o
 .group         0x00000000        0xc obj\debug\usb\lib\src\usbd_stm32f103_devfs.o
 .group         0x00000000        0xc obj\debug\usb\lib\src\usbd_stm32f103_devfs.o
 .group         0x00000000        0xc obj\debug\usb\lib\src\usbd_stm32f103_devfs.o
 .group         0x00000000        0xc obj\debug\usb\lib\src\usbd_stm32f103_devfs.o
 .group         0x00000000        0xc obj\debug\usb\lib\src\usbd_stm32f103_devfs.o
 .group         0x00000000        0xc obj\debug\usb\lib\src\usbd_stm32f103_devfs.o
 .group         0x00000000        0xc obj\debug\usb\lib\src\usbd_stm32f103_devfs.o
 .group         0x00000000        0xc obj\debug\usb\lib\src\usbd_stm32f103_devfs.o
 .group         0x00000000        0xc obj\debug\usb\lib\src\usbd_stm32f103_devfs.o
 .group         0x00000000        0xc obj\debug\usb\lib\src\usbd_stm32f103_devfs.o
 .group         0x00000000        0xc obj\debug\usb\lib\src\usbd_stm32f103_devfs.o
 .text          0x00000000        0x0 obj\debug\usb\lib\src\usbd_stm32f103_devfs.o
 .data          0x00000000        0x0 obj\debug\usb\lib\src\usbd_stm32f103_devfs.o
 .bss           0x00000000        0x0 obj\debug\usb\lib\src\usbd_stm32f103_devfs.o
 .debug_macro   0x00000000      0xaba obj\debug\usb\lib\src\usbd_stm32f103_devfs.o
 .debug_macro   0x00000000       0x22 obj\debug\usb\lib\src\usbd_stm32f103_devfs.o
 .debug_macro   0x00000000       0x8e obj\debug\usb\lib\src\usbd_stm32f103_devfs.o
 .debug_macro   0x00000000       0x51 obj\debug\usb\lib\src\usbd_stm32f103_devfs.o
 .debug_macro   0x00000000      0x103 obj\debug\usb\lib\src\usbd_stm32f103_devfs.o
 .debug_macro   0x00000000       0x6a obj\debug\usb\lib\src\usbd_stm32f103_devfs.o
 .debug_macro   0x00000000      0x1df obj\debug\usb\lib\src\usbd_stm32f103_devfs.o
 .debug_macro   0x00000000       0x22 obj\debug\usb\lib\src\usbd_stm32f103_devfs.o
 .debug_macro   0x00000000       0x34 obj\debug\usb\lib\src\usbd_stm32f103_devfs.o
 .debug_macro   0x00000000       0x28 obj\debug\usb\lib\src\usbd_stm32f103_devfs.o
 .debug_macro   0x00000000       0x22 obj\debug\usb\lib\src\usbd_stm32f103_devfs.o
 .debug_macro   0x00000000       0x3a obj\debug\usb\lib\src\usbd_stm32f103_devfs.o
 .debug_macro   0x00000000       0x34 obj\debug\usb\lib\src\usbd_stm32f103_devfs.o
 .debug_macro   0x00000000      0xb8e obj\debug\usb\lib\src\usbd_stm32f103_devfs.o
 .debug_macro   0x00000000     0xe6e1 obj\debug\usb\lib\src\usbd_stm32f103_devfs.o
 .debug_macro   0x00000000       0x43 obj\debug\usb\lib\src\usbd_stm32f103_devfs.o
 .debug_macro   0x00000000       0xe8 obj\debug\usb\lib\src\usbd_stm32f103_devfs.o
 .debug_macro   0x00000000      0x5e8 obj\debug\usb\lib\src\usbd_stm32f103_devfs.o
 .debug_macro   0x00000000       0x64 obj\debug\usb\lib\src\usbd_stm32f103_devfs.o
 .debug_macro   0x00000000       0x10 obj\debug\usb\lib\src\usbd_stm32f103_devfs.o
 .text          0x00000000      0x254 c:/program files (x86)/embitz/2.50/share/armgcc/bin/../lib/gcc/arm-none-eabi/9.3.1/thumb/v7-m/nofp\libgcc.a(_arm_muldf3.o)
 .data          0x00000000        0x0 c:/program files (x86)/embitz/2.50/share/armgcc/bin/../lib/gcc/arm-none-eabi/9.3.1/thumb/v7-m/nofp\libgcc.a(_arm_muldf3.o)
 .bss           0x00000000        0x0 c:/program files (x86)/embitz/2.50/share/armgcc/bin/../lib/gcc/arm-none-eabi/9.3.1/thumb/v7-m/nofp\libgcc.a(_arm_muldf3.o)
 .debug_frame   0x00000000       0x30 c:/program files (x86)/embitz/2.50/share/armgcc/bin/../lib/gcc/arm-none-eabi/9.3.1/thumb/v7-m/nofp\libgcc.a(_arm_muldf3.o)
 .ARM.attributes
                0x00000000       0x1d c:/program files (x86)/embitz/2.50/share/armgcc/bin/../lib/gcc/arm-none-eabi/9.3.1/thumb/v7-m/nofp\libgcc.a(_arm_muldf3.o)
 .text          0x00000000      0x168 c:/program files (x86)/embitz/2.50/share/armgcc/bin/../lib/gcc/arm-none-eabi/9.3.1/thumb/v7-m/nofp\libgcc.a(_arm_mulsf3.o)
 .data          0x00000000        0x0 c:/program files (x86)/embitz/2.50/share/armgcc/bin/../lib/gcc/arm-none-eabi/9.3.1/thumb/v7-m/nofp\libgcc.a(_arm_mulsf3.o)
 .bss           0x00000000        0x0 c:/program files (x86)/embitz/2.50/share/armgcc/bin/../lib/gcc/arm-none-eabi/9.3.1/thumb/v7-m/nofp\libgcc.a(_arm_mulsf3.o)
 .debug_frame   0x00000000       0x24 c:/program files (x86)/embitz/2.50/share/armgcc/bin/../lib/gcc/arm-none-eabi/9.3.1/thumb/v7-m/nofp\libgcc.a(_arm_mulsf3.o)
 .ARM.attributes
                0x00000000       0x1d c:/program files (x86)/embitz/2.50/share/armgcc/bin/../lib/gcc/arm-none-eabi/9.3.1/thumb/v7-m/nofp\libgcc.a(_arm_mulsf3.o)
 .text          0x00000000      0x378 c:/program files (x86)/embitz/2.50/share/armgcc/bin/../lib/gcc/arm-none-eabi/9.3.1/thumb/v7-m/nofp\libgcc.a(_arm_addsubdf3.o)
 .data          0x00000000        0x0 c:/program files (x86)/embitz/2.50/share/armgcc/bin/../lib/gcc/arm-none-eabi/9.3.1/thumb/v7-m/nofp\libgcc.a(_arm_addsubdf3.o)
 .bss           0x00000000        0x0 c:/program files (x86)/embitz/2.50/share/armgcc/bin/../lib/gcc/arm-none-eabi/9.3.1/thumb/v7-m/nofp\libgcc.a(_arm_addsubdf3.o)
 .debug_frame   0x00000000       0xac c:/program files (x86)/embitz/2.50/share/armgcc/bin/../lib/gcc/arm-none-eabi/9.3.1/thumb/v7-m/nofp\libgcc.a(_arm_addsubdf3.o)
 .ARM.attributes
                0x00000000       0x1d c:/program files (x86)/embitz/2.50/share/armgcc/bin/../lib/gcc/arm-none-eabi/9.3.1/thumb/v7-m/nofp\libgcc.a(_arm_addsubdf3.o)
 .text          0x00000000       0xa0 c:/program files (x86)/embitz/2.50/share/armgcc/bin/../lib/gcc/arm-none-eabi/9.3.1/thumb/v7-m/nofp\libgcc.a(_arm_truncdfsf2.o)
 .data          0x00000000        0x0 c:/program files (x86)/embitz/2.50/share/armgcc/bin/../lib/gcc/arm-none-eabi/9.3.1/thumb/v7-m/nofp\libgcc.a(_arm_truncdfsf2.o)
 .bss           0x00000000        0x0 c:/program files (x86)/embitz/2.50/share/armgcc/bin/../lib/gcc/arm-none-eabi/9.3.1/thumb/v7-m/nofp\libgcc.a(_arm_truncdfsf2.o)
 .debug_frame   0x00000000       0x24 c:/program files (x86)/embitz/2.50/share/armgcc/bin/../lib/gcc/arm-none-eabi/9.3.1/thumb/v7-m/nofp\libgcc.a(_arm_truncdfsf2.o)
 .ARM.attributes
                0x00000000       0x1d c:/program files (x86)/embitz/2.50/share/armgcc/bin/../lib/gcc/arm-none-eabi/9.3.1/thumb/v7-m/nofp\libgcc.a(_arm_truncdfsf2.o)
 .text          0x00000000      0x21c c:/program files (x86)/embitz/2.50/share/armgcc/bin/../lib/gcc/arm-none-eabi/9.3.1/thumb/v7-m/nofp\libgcc.a(_arm_addsubsf3.o)
 .data          0x00000000        0x0 c:/program files (x86)/embitz/2.50/share/armgcc/bin/../lib/gcc/arm-none-eabi/9.3.1/thumb/v7-m/nofp\libgcc.a(_arm_addsubsf3.o)
 .bss           0x00000000        0x0 c:/program files (x86)/embitz/2.50/share/armgcc/bin/../lib/gcc/arm-none-eabi/9.3.1/thumb/v7-m/nofp\libgcc.a(_arm_addsubsf3.o)
 .debug_frame   0x00000000       0x4c c:/program files (x86)/embitz/2.50/share/armgcc/bin/../lib/gcc/arm-none-eabi/9.3.1/thumb/v7-m/nofp\libgcc.a(_arm_addsubsf3.o)
 .ARM.attributes
                0x00000000       0x1d c:/program files (x86)/embitz/2.50/share/armgcc/bin/../lib/gcc/arm-none-eabi/9.3.1/thumb/v7-m/nofp\libgcc.a(_arm_addsubsf3.o)
 .text          0x00000000       0xec c:/program files (x86)/embitz/2.50/share/armgcc/bin/../lib/gcc/arm-none-eabi/9.3.1/thumb/v7-m/nofp\libgcc.a(_arm_cmpsf2.o)
 .data          0x00000000        0x0 c:/program files (x86)/embitz/2.50/share/armgcc/bin/../lib/gcc/arm-none-eabi/9.3.1/thumb/v7-m/nofp\libgcc.a(_arm_cmpsf2.o)
 .bss           0x00000000        0x0 c:/program files (x86)/embitz/2.50/share/armgcc/bin/../lib/gcc/arm-none-eabi/9.3.1/thumb/v7-m/nofp\libgcc.a(_arm_cmpsf2.o)
 .debug_frame   0x00000000       0xc8 c:/program files (x86)/embitz/2.50/share/armgcc/bin/../lib/gcc/arm-none-eabi/9.3.1/thumb/v7-m/nofp\libgcc.a(_arm_cmpsf2.o)
 .ARM.attributes
                0x00000000       0x1d c:/program files (x86)/embitz/2.50/share/armgcc/bin/../lib/gcc/arm-none-eabi/9.3.1/thumb/v7-m/nofp\libgcc.a(_arm_cmpsf2.o)
 .text          0x00000000        0x0 c:/program files (x86)/embitz/2.50/share/armgcc/bin/../lib/gcc/arm-none-eabi/9.3.1/../../../../arm-none-eabi/lib/thumb/v7-m/nofp\libg_nano.a(lib_a-exit.o)
 .data          0x00000000        0x0 c:/program files (x86)/embitz/2.50/share/armgcc/bin/../lib/gcc/arm-none-eabi/9.3.1/../../../../arm-none-eabi/lib/thumb/v7-m/nofp\libg_nano.a(lib_a-exit.o)
 .bss           0x00000000        0x0 c:/program files (x86)/embitz/2.50/share/armgcc/bin/../lib/gcc/arm-none-eabi/9.3.1/../../../../arm-none-eabi/lib/thumb/v7-m/nofp\libg_nano.a(lib_a-exit.o)
 .text          0x00000000        0x0 c:/program files (x86)/embitz/2.50/share/armgcc/bin/../lib/gcc/arm-none-eabi/9.3.1/../../../../arm-none-eabi/lib/thumb/v7-m/nofp\libg_nano.a(lib_a-impure.o)
 .data          0x00000000        0x0 c:/program files (x86)/embitz/2.50/share/armgcc/bin/../lib/gcc/arm-none-eabi/9.3.1/../../../../arm-none-eabi/lib/thumb/v7-m/nofp\libg_nano.a(lib_a-impure.o)
 .bss           0x00000000        0x0 c:/program files (x86)/embitz/2.50/share/armgcc/bin/../lib/gcc/arm-none-eabi/9.3.1/../../../../arm-none-eabi/lib/thumb/v7-m/nofp\libg_nano.a(lib_a-impure.o)
 .data._impure_ptr
                0x00000000        0x4 c:/program files (x86)/embitz/2.50/share/armgcc/bin/../lib/gcc/arm-none-eabi/9.3.1/../../../../arm-none-eabi/lib/thumb/v7-m/nofp\libg_nano.a(lib_a-impure.o)
 .text          0x00000000        0x0 c:/program files (x86)/embitz/2.50/share/armgcc/bin/../lib/gcc/arm-none-eabi/9.3.1/../../../../arm-none-eabi/lib/thumb/v7-m/nofp\libg_nano.a(lib_a-init.o)
 .data          0x00000000        0x0 c:/program files (x86)/embitz/2.50/share/armgcc/bin/../lib/gcc/arm-none-eabi/9.3.1/../../../../arm-none-eabi/lib/thumb/v7-m/nofp\libg_nano.a(lib_a-init.o)
 .bss           0x00000000        0x0 c:/program files (x86)/embitz/2.50/share/armgcc/bin/../lib/gcc/arm-none-eabi/9.3.1/../../../../arm-none-eabi/lib/thumb/v7-m/nofp\libg_nano.a(lib_a-init.o)
 .text          0x00000000        0x0 c:/program files (x86)/embitz/2.50/share/armgcc/bin/../lib/gcc/arm-none-eabi/9.3.1/../../../../arm-none-eabi/lib/thumb/v7-m/nofp\libg_nano.a(lib_a-memset.o)
 .data          0x00000000        0x0 c:/program files (x86)/embitz/2.50/share/armgcc/bin/../lib/gcc/arm-none-eabi/9.3.1/../../../../arm-none-eabi/lib/thumb/v7-m/nofp\libg_nano.a(lib_a-memset.o)
 .bss           0x00000000        0x0 c:/program files (x86)/embitz/2.50/share/armgcc/bin/../lib/gcc/arm-none-eabi/9.3.1/../../../../arm-none-eabi/lib/thumb/v7-m/nofp\libg_nano.a(lib_a-memset.o)
 .text          0x00000000       0x10 c:/program files (x86)/embitz/2.50/share/armgcc/bin/../lib/gcc/arm-none-eabi/9.3.1/../../../../arm-none-eabi/lib/thumb/v7-m/nofp\libg_nano.a(lib_a-strlen.o)
 .data          0x00000000        0x0 c:/program files (x86)/embitz/2.50/share/armgcc/bin/../lib/gcc/arm-none-eabi/9.3.1/../../../../arm-none-eabi/lib/thumb/v7-m/nofp\libg_nano.a(lib_a-strlen.o)
 .bss           0x00000000        0x0 c:/program files (x86)/embitz/2.50/share/armgcc/bin/../lib/gcc/arm-none-eabi/9.3.1/../../../../arm-none-eabi/lib/thumb/v7-m/nofp\libg_nano.a(lib_a-strlen.o)
 .ARM.attributes
                0x00000000       0x17 c:/program files (x86)/embitz/2.50/share/armgcc/bin/../lib/gcc/arm-none-eabi/9.3.1/../../../../arm-none-eabi/lib/thumb/v7-m/nofp\libg_nano.a(lib_a-strlen.o)
 .text          0x00000000        0x0 c:/program files (x86)/embitz/2.50/share/armgcc/bin/../lib/gcc/arm-none-eabi/9.3.1/../../../../arm-none-eabi/lib/thumb/v7-m/nofp\libnosys.a(_exit.o)
 .data          0x00000000        0x0 c:/program files (x86)/embitz/2.50/share/armgcc/bin/../lib/gcc/arm-none-eabi/9.3.1/../../../../arm-none-eabi/lib/thumb/v7-m/nofp\libnosys.a(_exit.o)
 .bss           0x00000000        0x0 c:/program files (x86)/embitz/2.50/share/armgcc/bin/../lib/gcc/arm-none-eabi/9.3.1/../../../../arm-none-eabi/lib/thumb/v7-m/nofp\libnosys.a(_exit.o)
 .text          0x00000000        0x0 c:/program files (x86)/embitz/2.50/share/armgcc/bin/../lib/gcc/arm-none-eabi/9.3.1/thumb/v7-m/nofp/crtend.o
 .data          0x00000000        0x0 c:/program files (x86)/embitz/2.50/share/armgcc/bin/../lib/gcc/arm-none-eabi/9.3.1/thumb/v7-m/nofp/crtend.o
 .bss           0x00000000        0x0 c:/program files (x86)/embitz/2.50/share/armgcc/bin/../lib/gcc/arm-none-eabi/9.3.1/thumb/v7-m/nofp/crtend.o
 .text          0x00000000        0x0 c:/program files (x86)/embitz/2.50/share/armgcc/bin/../lib/gcc/arm-none-eabi/9.3.1/thumb/v7-m/nofp/crtn.o
 .data          0x00000000        0x0 c:/program files (x86)/embitz/2.50/share/armgcc/bin/../lib/gcc/arm-none-eabi/9.3.1/thumb/v7-m/nofp/crtn.o
 .bss           0x00000000        0x0 c:/program files (x86)/embitz/2.50/share/armgcc/bin/../lib/gcc/arm-none-eabi/9.3.1/thumb/v7-m/nofp/crtn.o

Memory Configuration

Name             Origin             Length             Attributes
ROM              0x08000000         0x00010000         xr
RAM              0x20000000         0x00005000         xrw
*default*        0x00000000         0xffffffff

Linker script and memory map

LOAD c:/program files (x86)/embitz/2.50/share/armgcc/bin/../lib/gcc/arm-none-eabi/9.3.1/thumb/v7-m/nofp/crti.o
LOAD c:/program files (x86)/embitz/2.50/share/armgcc/bin/../lib/gcc/arm-none-eabi/9.3.1/thumb/v7-m/nofp/crtbegin.o
LOAD c:/program files (x86)/embitz/2.50/share/armgcc/bin/../lib/gcc/arm-none-eabi/9.3.1/../../../../arm-none-eabi/lib/thumb/v7-m/nofp/crt0.o
                0x00000000                __HEAP_SIZE = 0x0
                0x00000100                __STACK_SIZE = 0x100

.text           0x08000000     0x24a0
 *(.isr_vector)
 .isr_vector    0x08000000       0xec obj\debug\startup\gcc_startup_stm32f10x_md.o
                0x08000000                __isr_vector
 *(.text*)
 .text          0x080000ec       0x40 c:/program files (x86)/embitz/2.50/share/armgcc/bin/../lib/gcc/arm-none-eabi/9.3.1/thumb/v7-m/nofp/crtbegin.o
 .text          0x0800012c       0x7c c:/program files (x86)/embitz/2.50/share/armgcc/bin/../lib/gcc/arm-none-eabi/9.3.1/../../../../arm-none-eabi/lib/thumb/v7-m/nofp/crt0.o
                0x0800012c                _stack_init
                0x08000134                _start
                0x08000134                _mainCRTStartup
 .text.ProcessCMD
                0x080001a8       0x16 obj\debug\main.o
                0x080001a8                ProcessCMD
 *fill*         0x080001be        0x2 
 .text.ADC1_2_IRQHandler
                0x080001c0       0xb8 obj\debug\main.o
                0x080001c0                ADC1_2_IRQHandler
 .text.TIM4_IRQHandler
                0x08000278       0x24 obj\debug\main.o
                0x08000278                TIM4_IRQHandler
 .text.EXTI2_IRQHandler
                0x0800029c       0x68 obj\debug\main.o
                0x0800029c                EXTI2_IRQHandler
 .text.main     0x08000304      0x100 obj\debug\main.o
                0x08000304                main
 .text.cdc_rx_callback
                0x08000404       0xec obj\debug\src\bridge.o
                0x08000404                cdc_rx_callback
 .text.cdc_tx_callback
                0x080004f0       0x98 obj\debug\src\bridge.o
                0x080004f0                cdc_tx_callback
 .text          0x08000588       0xb8 obj\debug\startup\gcc_startup_stm32f10x_md.o
                0x08000588                Reset_Handler
                0x080005ce                NMI_Handler
                0x080005d0                HardFault_Handler
                0x080005d2                MemManage_Handler
                0x080005d4                BusFault_Handler
                0x080005d6                UsageFault_Handler
                0x080005d8                SVC_Handler
                0x080005da                DebugMon_Handler
                0x080005dc                PendSV_Handler
                0x080005e0                Default_Handler
                0x080005e2                WWDG_IRQHandler
                0x080005e4                PVD_IRQHandler
                0x080005e6                TAMPER_IRQHandler
                0x080005e8                RTC_IRQHandler
                0x080005ea                FLASH_IRQHandler
                0x080005ec                RCC_IRQHandler
                0x080005ee                EXTI0_IRQHandler
                0x080005f0                EXTI1_IRQHandler
                0x080005f4                EXTI3_IRQHandler
                0x080005f6                EXTI4_IRQHandler
                0x080005f8                DMA1_Channel1_IRQHandler
                0x080005fa                DMA1_Channel2_IRQHandler
                0x080005fc                DMA1_Channel3_IRQHandler
                0x080005fe                DMA1_Channel4_IRQHandler
                0x08000600                DMA1_Channel5_IRQHandler
                0x08000602                DMA1_Channel6_IRQHandler
                0x08000604                DMA1_Channel7_IRQHandler
                0x08000608                USB_HP_CAN1_TX_IRQHandler
                0x0800060c                CAN1_RX1_IRQHandler
                0x0800060e                CAN1_SCE_IRQHandler
                0x08000610                EXTI9_5_IRQHandler
                0x08000612                TIM1_BRK_IRQHandler
                0x08000614                TIM1_UP_IRQHandler
                0x08000616                TIM1_TRG_COM_IRQHandler
                0x08000618                TIM1_CC_IRQHandler
                0x0800061a                TIM2_IRQHandler
                0x0800061c                TIM3_IRQHandler
                0x08000620                I2C1_EV_IRQHandler
                0x08000622                I2C1_ER_IRQHandler
                0x08000624                I2C2_EV_IRQHandler
                0x08000626                I2C2_ER_IRQHandler
                0x08000628                SPI1_IRQHandler
                0x0800062a                SPI2_IRQHandler
                0x0800062c                USART1_IRQHandler
                0x0800062e                USART2_IRQHandler
                0x08000630                USART3_IRQHandler
                0x08000632                EXTI15_10_IRQHandler
                0x08000634                RTCAlarm_IRQHandler
                0x08000636                USBWakeUp_IRQHandler
 .text.NVIC_EnableIRQ
                0x08000640       0x30 obj\debug\startup\init.o
 .text.NVIC_SetPriority
                0x08000670       0x54 obj\debug\startup\init.o
 .text.SysTick_Handler
                0x080006c4       0x1c obj\debug\startup\init.o
                0x080006c4                SysTick_Handler
 .text.init_rcc
                0x080006e0       0xa8 obj\debug\startup\init.o
 .text.init_adc
                0x08000788       0x68 obj\debug\startup\init.o
                0x08000788                init_adc
 .text.calibrate_adc
                0x080007f0       0x2c obj\debug\startup\init.o
                0x080007f0                calibrate_adc
 .text.init_tim
                0x0800081c       0x98 obj\debug\startup\init.o
                0x0800081c                init_tim
 .text.init_gpio
                0x080008b4       0xa8 obj\debug\startup\init.o
                0x080008b4                init_gpio
 .text.SystemInit
                0x0800095c       0x1c obj\debug\startup\init.o
                0x0800095c                SystemInit
 .text.usbd_init
                0x08000978       0x40 obj\debug\usb\cdc\cdc.o
 .text.usbd_reg_control
                0x080009b8       0x1a obj\debug\usb\cdc\cdc.o
 .text.usbd_reg_config
                0x080009d2       0x1a obj\debug\usb\cdc\cdc.o
 .text.usbd_reg_descr
                0x080009ec       0x1a obj\debug\usb\cdc\cdc.o
 .text.usbd_ep_config
                0x08000a06       0x32 obj\debug\usb\cdc\cdc.o
 .text.usbd_ep_deconfig
                0x08000a38       0x20 obj\debug\usb\cdc\cdc.o
 .text.usbd_reg_endpoint
                0x08000a58       0x2a obj\debug\usb\cdc\cdc.o
 .text.usbd_ep_write
                0x08000a82       0x2c obj\debug\usb\cdc\cdc.o
 .text.usbd_ep_read_size
                0x08000aae       0x22 obj\debug\usb\cdc\cdc.o
 .text.usbd_ep_read
                0x08000ad0       0x2c obj\debug\usb\cdc\cdc.o
 .text.usbd_enable
                0x08000afc       0x20 obj\debug\usb\cdc\cdc.o
 .text.usbd_connect
                0x08000b1c       0x22 obj\debug\usb\cdc\cdc.o
 *fill*         0x08000b3e        0x2 
 .text.NVIC_EnableIRQ
                0x08000b40       0x30 obj\debug\usb\cdc\cdc.o
 .text.cdc_getdesc
                0x08000b70       0x90 obj\debug\usb\cdc\cdc.o
 .text.cdc_control
                0x08000c00       0x7c obj\debug\usb\cdc\cdc.o
 .text.cdc_read_size
                0x08000c7c       0x24 obj\debug\usb\cdc\cdc.o
                0x08000c7c                cdc_read_size
 .text.cdc_read
                0x08000ca0       0x34 obj\debug\usb\cdc\cdc.o
                0x08000ca0                cdc_read
 .text.cdc_write
                0x08000cd4       0x34 obj\debug\usb\cdc\cdc.o
                0x08000cd4                cdc_write
 .text.cdc_rx   0x08000d08       0x1c obj\debug\usb\cdc\cdc.o
 .text.cdc_tx   0x08000d24       0x1c obj\debug\usb\cdc\cdc.o
 .text.cdc_setconf
                0x08000d40       0xa4 obj\debug\usb\cdc\cdc.o
 .text.cdc_init_usbd
                0x08000de4       0x4c obj\debug\usb\cdc\cdc.o
 .text.RestartCDC
                0x08000e30       0x60 obj\debug\usb\cdc\cdc.o
                0x08000e30                RestartCDC
 .text.InitCDC  0x08000e90       0x20 obj\debug\usb\cdc\cdc.o
                0x08000e90                InitCDC
 .text.USBIsAvailable
                0x08000eb0       0x38 obj\debug\usb\cdc\cdc.o
                0x08000eb0                USBIsAvailable
 .text.USB_LP_CAN1_RX0_IRQHandler
                0x08000ee8       0x14 obj\debug\usb\cdc\cdc.o
                0x08000ee8                USB_LP_CAN1_RX0_IRQHandler
 .text.usbd_getinfo
                0x08000efc       0x1a obj\debug\usb\lib\src\usbd_core.o
 *fill*         0x08000f16        0x2 
 .text.usbd_process_reset
                0x08000f18       0x50 obj\debug\usb\lib\src\usbd_core.o
 .text.usbd_set_address
                0x08000f68       0x36 obj\debug\usb\lib\src\usbd_core.o
 .text.usbd_process_callback
                0x08000f9e       0x2c obj\debug\usb\lib\src\usbd_core.o
 .text.usbd_configure
                0x08000fca       0x4e obj\debug\usb\lib\src\usbd_core.o
 .text.usbd_process_devrq
                0x08001018       0xf0 obj\debug\usb\lib\src\usbd_core.o
 .text.usbd_process_intrq
                0x08001108       0x30 obj\debug\usb\lib\src\usbd_core.o
 .text.usbd_process_eptrq
                0x08001138       0x7a obj\debug\usb\lib\src\usbd_core.o
 .text.usbd_process_request
                0x080011b2       0x78 obj\debug\usb\lib\src\usbd_core.o
 .text.usbd_stall_pid
                0x0800122a       0x44 obj\debug\usb\lib\src\usbd_core.o
 .text.usbd_process_eptx
                0x0800126e       0xd6 obj\debug\usb\lib\src\usbd_core.o
 .text.usbd_process_eprx
                0x08001344      0x1d4 obj\debug\usb\lib\src\usbd_core.o
 .text.usbd_process_ep0
                0x08001518       0x52 obj\debug\usb\lib\src\usbd_core.o
 .text.usbd_process_evt
                0x0800156a       0x92 obj\debug\usb\lib\src\usbd_core.o
 .text.usbd_poll
                0x080015fc       0x20 obj\debug\usb\lib\src\usbd_core.o
                0x080015fc                usbd_poll
 .text.EPT      0x0800161c       0x24 obj\debug\usb\lib\src\usbd_stm32f103_devfs.o
 .text.PMA      0x08001640       0x20 obj\debug\usb\lib\src\usbd_stm32f103_devfs.o
 .text.set_gpiox
                0x08001660       0x1c obj\debug\usb\lib\src\usbd_stm32f103_devfs.o
 .text.EPR      0x0800167c       0x24 obj\debug\usb\lib\src\usbd_stm32f103_devfs.o
 .text.get_next_pma
                0x080016a0       0x84 obj\debug\usb\lib\src\usbd_stm32f103_devfs.o
 .text.getinfo  0x08001724       0x34 obj\debug\usb\lib\src\usbd_stm32f103_devfs.o
                0x08001724                getinfo
 .text.ep_setstall
                0x08001758      0x122 obj\debug\usb\lib\src\usbd_stm32f103_devfs.o
                0x08001758                ep_setstall
 .text.ep_isstalled
                0x0800187a       0x5a obj\debug\usb\lib\src\usbd_stm32f103_devfs.o
                0x0800187a                ep_isstalled
 .text.connect  0x080018d4       0x4c obj\debug\usb\lib\src\usbd_stm32f103_devfs.o
                0x080018d4                connect
 .text.enable   0x08001920       0x80 obj\debug\usb\lib\src\usbd_stm32f103_devfs.o
                0x08001920                enable
 .text.setaddr  0x080019a0       0x28 obj\debug\usb\lib\src\usbd_stm32f103_devfs.o
                0x080019a0                setaddr
 .text.ep_config
                0x080019c8      0x224 obj\debug\usb\lib\src\usbd_stm32f103_devfs.o
                0x080019c8                ep_config
 .text.ep_deconfig
                0x08001bec       0x4c obj\debug\usb\lib\src\usbd_stm32f103_devfs.o
                0x08001bec                ep_deconfig
 .text.pma_read
                0x08001c38       0x96 obj\debug\usb\lib\src\usbd_stm32f103_devfs.o
 .text.ep_read_size
                0x08001cce       0xfc obj\debug\usb\lib\src\usbd_stm32f103_devfs.o
                0x08001cce                ep_read_size
 .text.ep_read  0x08001dca      0x138 obj\debug\usb\lib\src\usbd_stm32f103_devfs.o
                0x08001dca                ep_read
 .text.pma_write
                0x08001f02       0x6c obj\debug\usb\lib\src\usbd_stm32f103_devfs.o
 .text.ep_write
                0x08001f6e      0x10a obj\debug\usb\lib\src\usbd_stm32f103_devfs.o
                0x08001f6e                ep_write
 .text.get_frame
                0x08002078       0x20 obj\debug\usb\lib\src\usbd_stm32f103_devfs.o
                0x08002078                get_frame
 .text.evt_poll
                0x08002098      0x180 obj\debug\usb\lib\src\usbd_stm32f103_devfs.o
                0x08002098                evt_poll
 .text.fnv1a32_turn
                0x08002218       0x48 obj\debug\usb\lib\src\usbd_stm32f103_devfs.o
 .text.get_serialno_desc
                0x08002260       0xa4 obj\debug\usb\lib\src\usbd_stm32f103_devfs.o
                0x08002260                get_serialno_desc
 .text.exit     0x08002304       0x28 c:/program files (x86)/embitz/2.50/share/armgcc/bin/../lib/gcc/arm-none-eabi/9.3.1/../../../../arm-none-eabi/lib/thumb/v7-m/nofp\libg_nano.a(lib_a-exit.o)
                0x08002304                exit
 .text.__libc_init_array
                0x0800232c       0x48 c:/program files (x86)/embitz/2.50/share/armgcc/bin/../lib/gcc/arm-none-eabi/9.3.1/../../../../arm-none-eabi/lib/thumb/v7-m/nofp\libg_nano.a(lib_a-init.o)
                0x0800232c                __libc_init_array
 .text.memset   0x08002374       0x10 c:/program files (x86)/embitz/2.50/share/armgcc/bin/../lib/gcc/arm-none-eabi/9.3.1/../../../../arm-none-eabi/lib/thumb/v7-m/nofp\libg_nano.a(lib_a-memset.o)
                0x08002374                memset
 .text._exit    0x08002384        0x4 c:/program files (x86)/embitz/2.50/share/armgcc/bin/../lib/gcc/arm-none-eabi/9.3.1/../../../../arm-none-eabi/lib/thumb/v7-m/nofp\libnosys.a(_exit.o)
                0x08002384                _exit
 *(.init)
 .init          0x08002388        0x4 c:/program files (x86)/embitz/2.50/share/armgcc/bin/../lib/gcc/arm-none-eabi/9.3.1/thumb/v7-m/nofp/crti.o
                0x08002388                _init
 .init          0x0800238c        0x8 c:/program files (x86)/embitz/2.50/share/armgcc/bin/../lib/gcc/arm-none-eabi/9.3.1/thumb/v7-m/nofp/crtn.o
 *(.fini)
 .fini          0x08002394        0x4 c:/program files (x86)/embitz/2.50/share/armgcc/bin/../lib/gcc/arm-none-eabi/9.3.1/thumb/v7-m/nofp/crti.o
                0x08002394                _fini
 .fini          0x08002398        0x8 c:/program files (x86)/embitz/2.50/share/armgcc/bin/../lib/gcc/arm-none-eabi/9.3.1/thumb/v7-m/nofp/crtn.o
 *crtbegin.o(.ctors)
 *crtbegin?.o(.ctors)
 *(EXCLUDE_FILE(*crtend.o *crtend?.o) .ctors)
 *(SORT_BY_NAME(.ctors.*))
 *(.ctors)
 *crtbegin.o(.dtors)
 *crtbegin?.o(.dtors)
 *(EXCLUDE_FILE(*crtend.o *crtend?.o) .dtors)
 *(SORT_BY_NAME(.dtors.*))
 *(.dtors)
 *(.rodata*)
 .rodata.device_desc
                0x080023a0       0x12 obj\debug\usb\cdc\cdc.o
 *fill*         0x080023b2        0x2 
 .rodata.config_desc
                0x080023b4       0x43 obj\debug\usb\cdc\cdc.o
 *fill*         0x080023f7        0x1 
 .rodata.lang_desc
                0x080023f8        0x4 obj\debug\usb\cdc\cdc.o
 .rodata.manuf_desc
                0x080023fc       0x28 obj\debug\usb\cdc\cdc.o
 .rodata.prod_desc
                0x08002424       0x30 obj\debug\usb\cdc\cdc.o
 .rodata.dtable
                0x08002454        0xc obj\debug\usb\cdc\cdc.o
 .rodata.usbd_devfs
                0x08002460       0x38 obj\debug\usb\lib\src\usbd_stm32f103_devfs.o
                0x08002460                usbd_devfs
 .rodata._global_impure_ptr
                0x08002498        0x4 c:/program files (x86)/embitz/2.50/share/armgcc/bin/../lib/gcc/arm-none-eabi/9.3.1/../../../../arm-none-eabi/lib/thumb/v7-m/nofp\libg_nano.a(lib_a-impure.o)
                0x08002498                _global_impure_ptr
 *(.eh_frame*)
 .eh_frame      0x0800249c        0x0 c:/program files (x86)/embitz/2.50/share/armgcc/bin/../lib/gcc/arm-none-eabi/9.3.1/thumb/v7-m/nofp/crtbegin.o
 .eh_frame      0x0800249c        0x4 c:/program files (x86)/embitz/2.50/share/armgcc/bin/../lib/gcc/arm-none-eabi/9.3.1/thumb/v7-m/nofp/crtend.o

.glue_7         0x080024a0        0x0
 .glue_7        0x080024a0        0x0 linker stubs

.glue_7t        0x080024a0        0x0
 .glue_7t       0x080024a0        0x0 linker stubs

.vfp11_veneer   0x080024a0        0x0
 .vfp11_veneer  0x080024a0        0x0 linker stubs

.v4_bx          0x080024a0        0x0
 .v4_bx         0x080024a0        0x0 linker stubs

.iplt           0x080024a0        0x0
 .iplt          0x080024a0        0x0 c:/program files (x86)/embitz/2.50/share/armgcc/bin/../lib/gcc/arm-none-eabi/9.3.1/thumb/v7-m/nofp/crtbegin.o

.ARM.extab
 *(.ARM.extab* .gnu.linkonce.armextab.*)
                0x080024a0                __exidx_start = .

.ARM.exidx      0x080024a0        0x8
 *(.ARM.exidx* .gnu.linkonce.armexidx.*)
 .ARM.exidx     0x080024a0        0x8 c:/program files (x86)/embitz/2.50/share/armgcc/bin/../lib/gcc/arm-none-eabi/9.3.1/../../../../arm-none-eabi/lib/thumb/v7-m/nofp/crt0.o
                                 0x10 (size before relaxing)
                0x080024a8                __exidx_end = .
                0x080024a8                __etext = .

.rel.dyn        0x080024a8        0x0
 .rel.iplt      0x080024a8        0x0 c:/program files (x86)/embitz/2.50/share/armgcc/bin/../lib/gcc/arm-none-eabi/9.3.1/thumb/v7-m/nofp/crtbegin.o

.data           0x20000000       0x7c load address 0x080024a8
                0x20000000                __data_start__ = .
 *(vtable)
 *(.data*)
 .data.min_cnt  0x20000000        0x4 obj\debug\main.o
                0x20000000                min_cnt
 .data.inc.5412
                0x20000004        0x4 obj\debug\main.o
 .data.pa.5431  0x20000008        0x4 obj\debug\main.o
 .data.cdc_line
                0x2000000c        0x7 obj\debug\usb\cdc\cdc.o
 *fill*         0x20000013        0x1 
 .data.impure_data
                0x20000014       0x60 c:/program files (x86)/embitz/2.50/share/armgcc/bin/../lib/gcc/arm-none-eabi/9.3.1/../../../../arm-none-eabi/lib/thumb/v7-m/nofp\libg_nano.a(lib_a-impure.o)
                0x20000074                . = ALIGN (0x4)
                0x20000074                PROVIDE (__preinit_array_start = .)
 *(.preinit_array)
                0x20000074                PROVIDE (__preinit_array_end = .)
                0x20000074                . = ALIGN (0x4)
                0x20000074                PROVIDE (__init_array_start = .)
 *(SORT_BY_NAME(.init_array.*))
 *(.init_array)
 .init_array    0x20000074        0x4 c:/program files (x86)/embitz/2.50/share/armgcc/bin/../lib/gcc/arm-none-eabi/9.3.1/thumb/v7-m/nofp/crtbegin.o
                0x20000078                PROVIDE (__init_array_end = .)
                0x20000078                . = ALIGN (0x4)
                [!provide]                PROVIDE (__fini_array_start = .)
 *(SORT_BY_NAME(.fini_array.*))
 *(.fini_array)
 .fini_array    0x20000078        0x4 c:/program files (x86)/embitz/2.50/share/armgcc/bin/../lib/gcc/arm-none-eabi/9.3.1/thumb/v7-m/nofp/crtbegin.o
                [!provide]                PROVIDE (__fini_array_end = .)
                0x2000007c                . = ALIGN (0x4)
                0x2000007c                __data_end__ = .

.igot.plt       0x2000007c        0x0 load address 0x08002524
 .igot.plt      0x2000007c        0x0 c:/program files (x86)/embitz/2.50/share/armgcc/bin/../lib/gcc/arm-none-eabi/9.3.1/thumb/v7-m/nofp/crtbegin.o

.bss            0x2000007c      0x1c8 load address 0x08002524
                0x2000007c                __bss_start__ = .
 *(.bss*)
 .bss           0x2000007c       0x1c c:/program files (x86)/embitz/2.50/share/armgcc/bin/../lib/gcc/arm-none-eabi/9.3.1/thumb/v7-m/nofp/crtbegin.o
 .bss.mode      0x20000098        0x4 obj\debug\main.o
                0x20000098                mode
 .bss.CCR_value
                0x2000009c        0x4 obj\debug\main.o
                0x2000009c                CCR_value
 .bss.max_cnt   0x200000a0        0x4 obj\debug\main.o
                0x200000a0                max_cnt
 .bss.sum.5413  0x200000a4        0x4 obj\debug\main.o
 .bss.num.5414  0x200000a8        0x4 obj\debug\main.o
 .bss.next.5437
                0x200000ac        0x4 obj\debug\main.o
 .bss.cmdIdx.5344
                0x200000b0        0x1 obj\debug\src\bridge.o
 .bss.cmdStart.5343
                0x200000b1        0x1 obj\debug\src\bridge.o
 *fill*         0x200000b2        0x2 
 .bss.buf.5345  0x200000b4       0x20 obj\debug\src\bridge.o
 .bss.tick      0x200000d4        0x4 obj\debug\startup\init.o
                0x200000d4                tick
 *(COMMON)
 COMMON         0x200000d8       0x82 obj\debug\src\bridge.o
                0x200000d8                cdc_tx_buf
 *fill*         0x2000015a        0x2 
 COMMON         0x2000015c       0xe8 obj\debug\usb\cdc\cdc.o
                0x2000015c                udev
                0x200001c4                ubuf
                0x20000244                __bss_end__ = .

.heap           0x20000248        0x0
                0x20000248                __end__ = .
                0x20000248                end = __end__
 *(.heap*)
 .heap          0x20000248        0x0 obj\debug\startup\gcc_startup_stm32f10x_md.o
                0x20000248                __HeapLimit = .

.stack_dummy    0x20000248      0x100
 *(.stack)
 .stack         0x20000248      0x100 obj\debug\startup\gcc_startup_stm32f10x_md.o
                0x20005000                __StackTop = (ORIGIN (RAM) + LENGTH (RAM))
                0x20004f00                __StackLimit = (__StackTop - SIZEOF (.stack_dummy))
                0x20005000                PROVIDE (__stack = __StackTop)
                0x00000001                ASSERT ((__StackLimit >= __HeapLimit), region RAM overflowed with stack)
LOAD obj\debug\inc\gpio.o
LOAD obj\debug\inc\u2a.o
LOAD obj\debug\inc\watchdog.o
LOAD obj\debug\main.o
LOAD obj\debug\src\bridge.o
LOAD obj\debug\startup\gcc_startup_stm32f10x_md.o
LOAD obj\debug\startup\init.o
LOAD obj\debug\usb\cdc\cdc.o
LOAD obj\debug\usb\lib\src\usbd_core.o
LOAD obj\debug\usb\lib\src\usbd_stm32f103_devfs.o
START GROUP
LOAD c:/program files (x86)/embitz/2.50/share/armgcc/bin/../lib/gcc/arm-none-eabi/9.3.1/thumb/v7-m/nofp\libgcc.a
LOAD c:/program files (x86)/embitz/2.50/share/armgcc/bin/../lib/gcc/arm-none-eabi/9.3.1/../../../../arm-none-eabi/lib/thumb/v7-m/nofp\libg_nano.a
LOAD c:/program files (x86)/embitz/2.50/share/armgcc/bin/../lib/gcc/arm-none-eabi/9.3.1/../../../../arm-none-eabi/lib/thumb/v7-m/nofp\libc_nano.a
END GROUP
START GROUP
LOAD c:/program files (x86)/embitz/2.50/share/armgcc/bin/../lib/gcc/arm-none-eabi/9.3.1/thumb/v7-m/nofp\libgcc.a
LOAD c:/program files (x86)/embitz/2.50/share/armgcc/bin/../lib/gcc/arm-none-eabi/9.3.1/../../../../arm-none-eabi/lib/thumb/v7-m/nofp\libc_nano.a
LOAD c:/program files (x86)/embitz/2.50/share/armgcc/bin/../lib/gcc/arm-none-eabi/9.3.1/../../../../arm-none-eabi/lib/thumb/v7-m/nofp\libnosys.a
END GROUP
START GROUP
LOAD c:/program files (x86)/embitz/2.50/share/armgcc/bin/../lib/gcc/arm-none-eabi/9.3.1/thumb/v7-m/nofp\libgcc.a
LOAD c:/program files (x86)/embitz/2.50/share/armgcc/bin/../lib/gcc/arm-none-eabi/9.3.1/../../../../arm-none-eabi/lib/thumb/v7-m/nofp\libc_nano.a
LOAD c:/program files (x86)/embitz/2.50/share/armgcc/bin/../lib/gcc/arm-none-eabi/9.3.1/../../../../arm-none-eabi/lib/thumb/v7-m/nofp\libnosys.a
END GROUP
LOAD c:/program files (x86)/embitz/2.50/share/armgcc/bin/../lib/gcc/arm-none-eabi/9.3.1/thumb/v7-m/nofp/crtend.o
LOAD c:/program files (x86)/embitz/2.50/share/armgcc/bin/../lib/gcc/arm-none-eabi/9.3.1/thumb/v7-m/nofp/crtn.o
OUTPUT(bin\Debug\servo_tester.elf elf32-littlearm)
LOAD linker stubs

.ARM.attributes
                0x00000000       0x29
 .ARM.attributes
                0x00000000       0x1d c:/program files (x86)/embitz/2.50/share/armgcc/bin/../lib/gcc/arm-none-eabi/9.3.1/thumb/v7-m/nofp/crti.o
 .ARM.attributes
                0x0000001d       0x2d c:/program files (x86)/embitz/2.50/share/armgcc/bin/../lib/gcc/arm-none-eabi/9.3.1/thumb/v7-m/nofp/crtbegin.o
 .ARM.attributes
                0x0000004a       0x1b c:/program files (x86)/embitz/2.50/share/armgcc/bin/../lib/gcc/arm-none-eabi/9.3.1/../../../../arm-none-eabi/lib/thumb/v7-m/nofp/crt0.o
 .ARM.attributes
                0x00000065       0x2d obj\debug\main.o
 .ARM.attributes
                0x00000092       0x2d obj\debug\src\bridge.o
 .ARM.attributes
                0x000000bf       0x1b obj\debug\startup\gcc_startup_stm32f10x_md.o
 .ARM.attributes
                0x000000da       0x2d obj\debug\startup\init.o
 .ARM.attributes
                0x00000107       0x2d obj\debug\usb\cdc\cdc.o
 .ARM.attributes
                0x00000134       0x2d obj\debug\usb\lib\src\usbd_core.o
 .ARM.attributes
                0x00000161       0x2d obj\debug\usb\lib\src\usbd_stm32f103_devfs.o
 .ARM.attributes
                0x0000018e       0x2d c:/program files (x86)/embitz/2.50/share/armgcc/bin/../lib/gcc/arm-none-eabi/9.3.1/../../../../arm-none-eabi/lib/thumb/v7-m/nofp\libg_nano.a(lib_a-exit.o)
 .ARM.attributes
                0x000001bb       0x2d c:/program files (x86)/embitz/2.50/share/armgcc/bin/../lib/gcc/arm-none-eabi/9.3.1/../../../../arm-none-eabi/lib/thumb/v7-m/nofp\libg_nano.a(lib_a-impure.o)
 .ARM.attributes
                0x000001e8       0x2d c:/program files (x86)/embitz/2.50/share/armgcc/bin/../lib/gcc/arm-none-eabi/9.3.1/../../../../arm-none-eabi/lib/thumb/v7-m/nofp\libg_nano.a(lib_a-init.o)
 .ARM.attributes
                0x00000215       0x2d c:/program files (x86)/embitz/2.50/share/armgcc/bin/../lib/gcc/arm-none-eabi/9.3.1/../../../../arm-none-eabi/lib/thumb/v7-m/nofp\libg_nano.a(lib_a-memset.o)
 .ARM.attributes
                0x00000242       0x2d c:/program files (x86)/embitz/2.50/share/armgcc/bin/../lib/gcc/arm-none-eabi/9.3.1/../../../../arm-none-eabi/lib/thumb/v7-m/nofp\libnosys.a(_exit.o)
 .ARM.attributes
                0x0000026f       0x2d c:/program files (x86)/embitz/2.50/share/armgcc/bin/../lib/gcc/arm-none-eabi/9.3.1/thumb/v7-m/nofp/crtend.o
 .ARM.attributes
                0x0000029c       0x1d c:/program files (x86)/embitz/2.50/share/armgcc/bin/../lib/gcc/arm-none-eabi/9.3.1/thumb/v7-m/nofp/crtn.o

.comment        0x00000000       0x4c
 .comment       0x00000000       0x4c obj\debug\main.o
                                 0x4d (size before relaxing)
 .comment       0x0000004c       0x4d obj\debug\src\bridge.o
 .comment       0x0000004c       0x4d obj\debug\startup\init.o
 .comment       0x0000004c       0x4d obj\debug\usb\cdc\cdc.o
 .comment       0x0000004c       0x4d obj\debug\usb\lib\src\usbd_core.o
 .comment       0x0000004c       0x4d obj\debug\usb\lib\src\usbd_stm32f103_devfs.o

.debug_info     0x00000000     0x68d5
 .debug_info    0x00000000      0xcce obj\debug\main.o
 .debug_info    0x00000cce      0x842 obj\debug\src\bridge.o
 .debug_info    0x00001510       0x26 obj\debug\startup\gcc_startup_stm32f10x_md.o
 .debug_info    0x00001536     0x11ab obj\debug\startup\init.o
 .debug_info    0x000026e1     0x1e4c obj\debug\usb\cdc\cdc.o
 .debug_info    0x0000452d     0x1297 obj\debug\usb\lib\src\usbd_core.o
 .debug_info    0x000057c4     0x1111 obj\debug\usb\lib\src\usbd_stm32f103_devfs.o

.debug_abbrev   0x00000000     0x11c8
 .debug_abbrev  0x00000000      0x2a9 obj\debug\main.o
 .debug_abbrev  0x000002a9      0x1f8 obj\debug\src\bridge.o
 .debug_abbrev  0x000004a1       0x14 obj\debug\startup\gcc_startup_stm32f10x_md.o
 .debug_abbrev  0x000004b5      0x281 obj\debug\startup\init.o
 .debug_abbrev  0x00000736      0x3e5 obj\debug\usb\cdc\cdc.o
 .debug_abbrev  0x00000b1b      0x2e6 obj\debug\usb\lib\src\usbd_core.o
 .debug_abbrev  0x00000e01      0x3c7 obj\debug\usb\lib\src\usbd_stm32f103_devfs.o

.debug_aranges  0x00000000      0x360
 .debug_aranges
                0x00000000       0x50 obj\debug\main.o
 .debug_aranges
                0x00000050       0x30 obj\debug\src\bridge.o
 .debug_aranges
                0x00000080       0x20 obj\debug\startup\gcc_startup_stm32f10x_md.o
 .debug_aranges
                0x000000a0       0x70 obj\debug\startup\init.o
 .debug_aranges
                0x00000110       0xf8 obj\debug\usb\cdc\cdc.o
 .debug_aranges
                0x00000208       0x90 obj\debug\usb\lib\src\usbd_core.o
 .debug_aranges
                0x00000298       0xc8 obj\debug\usb\lib\src\usbd_stm32f103_devfs.o

.debug_ranges   0x00000000      0x2f8
 .debug_ranges  0x00000000       0x40 obj\debug\main.o
 .debug_ranges  0x00000040       0x20 obj\debug\src\bridge.o
 .debug_ranges  0x00000060       0x60 obj\debug\startup\init.o
 .debug_ranges  0x000000c0       0xe8 obj\debug\usb\cdc\cdc.o
 .debug_ranges  0x000001a8       0x80 obj\debug\usb\lib\src\usbd_core.o
 .debug_ranges  0x00000228       0xd0 obj\debug\usb\lib\src\usbd_stm32f103_devfs.o

.debug_macro    0x00000000     0x1b3d
 .debug_macro   0x00000000      0x17e obj\debug\main.o
 .debug_macro   0x0000017e       0x22 obj\debug\main.o
 .debug_macro   0x000001a0       0xe8 obj\debug\main.o
 .debug_macro   0x00000288      0x5e8 obj\debug\main.o
 .debug_macro   0x00000870       0x64 obj\debug\main.o
 .debug_macro   0x000008d4       0x10 obj\debug\main.o
 .debug_macro   0x000008e4      0x12d obj\debug\main.o
 .debug_macro   0x00000a11       0x22 obj\debug\main.o
 .debug_macro   0x00000a33       0x64 obj\debug\main.o
 .debug_macro   0x00000a97       0x9a obj\debug\main.o
 .debug_macro   0x00000b31       0x28 obj\debug\main.o
 .debug_macro   0x00000b59       0x3a obj\debug\main.o
 .debug_macro   0x00000b93      0x161 obj\debug\src\bridge.o
 .debug_macro   0x00000cf4      0x153 obj\debug\startup\init.o
 .debug_macro   0x00000e47      0x1f8 obj\debug\usb\cdc\cdc.o
 .debug_macro   0x0000103f       0x64 obj\debug\usb\cdc\cdc.o
 .debug_macro   0x000010a3       0x18 obj\debug\usb\cdc\cdc.o
 .debug_macro   0x000010bb       0x35 obj\debug\usb\cdc\cdc.o
 .debug_macro   0x000010f0       0x34 obj\debug\usb\cdc\cdc.o
 .debug_macro   0x00001124      0x174 obj\debug\usb\cdc\cdc.o
 .debug_macro   0x00001298       0x16 obj\debug\usb\cdc\cdc.o
 .debug_macro   0x000012ae       0x43 obj\debug\usb\cdc\cdc.o
 .debug_macro   0x000012f1       0x34 obj\debug\usb\cdc\cdc.o
 .debug_macro   0x00001325       0x10 obj\debug\usb\cdc\cdc.o
 .debug_macro   0x00001335       0x58 obj\debug\usb\cdc\cdc.o
 .debug_macro   0x0000138d      0x182 obj\debug\usb\cdc\cdc.o
 .debug_macro   0x0000150f      0x339 obj\debug\usb\cdc\cdc.o
 .debug_macro   0x00001848       0x10 obj\debug\usb\cdc\cdc.o
 .debug_macro   0x00001858       0x35 obj\debug\usb\cdc\cdc.o
 .debug_macro   0x0000188d      0x15b obj\debug\usb\lib\src\usbd_core.o
 .debug_macro   0x000019e8      0x155 obj\debug\usb\lib\src\usbd_stm32f103_devfs.o

.debug_line     0x00000000     0x28e8
 .debug_line    0x00000000      0x579 obj\debug\main.o
 .debug_line    0x00000579      0x437 obj\debug\src\bridge.o
 .debug_line    0x000009b0       0xb3 obj\debug\startup\gcc_startup_stm32f10x_md.o
 .debug_line    0x00000a63      0x549 obj\debug\startup\init.o
 .debug_line    0x00000fac      0x7f2 obj\debug\usb\cdc\cdc.o
 .debug_line    0x0000179e      0x78d obj\debug\usb\lib\src\usbd_core.o
 .debug_line    0x00001f2b      0x9bd obj\debug\usb\lib\src\usbd_stm32f103_devfs.o

.debug_str      0x00000000    0x5c0df
 .debug_str     0x00000000    0x5807d obj\debug\main.o
                              0x583a0 (size before relaxing)
 .debug_str     0x0005807d       0x5f obj\debug\src\bridge.o
                              0x5804b (size before relaxing)
 .debug_str     0x000580dc       0x34 obj\debug\startup\gcc_startup_stm32f10x_md.o
                                 0x5b (size before relaxing)
 .debug_str     0x00058110      0x4bf obj\debug\startup\init.o
                              0x57c97 (size before relaxing)
 .debug_str     0x000585cf     0x348b obj\debug\usb\cdc\cdc.o
                              0x5a6b4 (size before relaxing)
 .debug_str     0x0005ba5a      0x1c5 obj\debug\usb\lib\src\usbd_core.o
                               0x8da0 (size before relaxing)
 .debug_str     0x0005bc1f      0x4c0 obj\debug\usb\lib\src\usbd_stm32f103_devfs.o
                              0x56db1 (size before relaxing)

.debug_frame    0x00000000      0xcf0
 .debug_frame   0x00000000      0x10c obj\debug\main.o
 .debug_frame   0x0000010c       0x80 obj\debug\src\bridge.o
 .debug_frame   0x0000018c      0x16c obj\debug\startup\init.o
 .debug_frame   0x000002f8      0x3fc obj\debug\usb\cdc\cdc.o
 .debug_frame   0x000006f4      0x230 obj\debug\usb\lib\src\usbd_core.o
 .debug_frame   0x00000924      0x338 obj\debug\usb\lib\src\usbd_stm32f103_devfs.o
 .debug_frame   0x00000c5c       0x28 c:/program files (x86)/embitz/2.50/share/armgcc/bin/../lib/gcc/arm-none-eabi/9.3.1/../../../../arm-none-eabi/lib/thumb/v7-m/nofp\libg_nano.a(lib_a-exit.o)
 .debug_frame   0x00000c84       0x2c c:/program files (x86)/embitz/2.50/share/armgcc/bin/../lib/gcc/arm-none-eabi/9.3.1/../../../../arm-none-eabi/lib/thumb/v7-m/nofp\libg_nano.a(lib_a-init.o)
 .debug_frame   0x00000cb0       0x20 c:/program files (x86)/embitz/2.50/share/armgcc/bin/../lib/gcc/arm-none-eabi/9.3.1/../../../../arm-none-eabi/lib/thumb/v7-m/nofp\libg_nano.a(lib_a-memset.o)
 .debug_frame   0x00000cd0       0x20 c:/program files (x86)/embitz/2.50/share/armgcc/bin/../lib/gcc/arm-none-eabi/9.3.1/../../../../arm-none-eabi/lib/thumb/v7-m/nofp\libnosys.a(_exit.o)
